Archive member included to satisfy reference by file (symbol)

D:/arm-gcc-toolchain/xpack-arm-none-eabi-gcc-14.2.1-1.1/bin/../lib/gcc/arm-none-eabi/14.2.1/../../../../arm-none-eabi/lib/thumb/v6-m/nofp\libc_nano.a(libc_a-atexit.o)
                              D:/arm-gcc-toolchain/xpack-arm-none-eabi-gcc-14.2.1-1.1/bin/../lib/gcc/arm-none-eabi/14.2.1/../../../../arm-none-eabi/lib/thumb/v6-m/nofp/crt0.o (atexit)
D:/arm-gcc-toolchain/xpack-arm-none-eabi-gcc-14.2.1-1.1/bin/../lib/gcc/arm-none-eabi/14.2.1/../../../../arm-none-eabi/lib/thumb/v6-m/nofp\libc_nano.a(libc_a-exit.o)
                              D:/arm-gcc-toolchain/xpack-arm-none-eabi-gcc-14.2.1-1.1/bin/../lib/gcc/arm-none-eabi/14.2.1/../../../../arm-none-eabi/lib/thumb/v6-m/nofp/crt0.o (exit)
D:/arm-gcc-toolchain/xpack-arm-none-eabi-gcc-14.2.1-1.1/bin/../lib/gcc/arm-none-eabi/14.2.1/../../../../arm-none-eabi/lib/thumb/v6-m/nofp\libc_nano.a(libc_a-findfp.o)
                              D:/arm-gcc-toolchain/xpack-arm-none-eabi-gcc-14.2.1-1.1/bin/../lib/gcc/arm-none-eabi/14.2.1/../../../../arm-none-eabi/lib/thumb/v6-m/nofp\libc_nano.a(libc_a-exit.o) (__stdio_exit_handler)
D:/arm-gcc-toolchain/xpack-arm-none-eabi-gcc-14.2.1-1.1/bin/../lib/gcc/arm-none-eabi/14.2.1/../../../../arm-none-eabi/lib/thumb/v6-m/nofp\libc_nano.a(libc_a-fwalk.o)
                              D:/arm-gcc-toolchain/xpack-arm-none-eabi-gcc-14.2.1-1.1/bin/../lib/gcc/arm-none-eabi/14.2.1/../../../../arm-none-eabi/lib/thumb/v6-m/nofp\libc_nano.a(libc_a-findfp.o) (_fwalk_sglue)
D:/arm-gcc-toolchain/xpack-arm-none-eabi-gcc-14.2.1-1.1/bin/../lib/gcc/arm-none-eabi/14.2.1/../../../../arm-none-eabi/lib/thumb/v6-m/nofp\libc_nano.a(libc_a-stdio.o)
                              D:/arm-gcc-toolchain/xpack-arm-none-eabi-gcc-14.2.1-1.1/bin/../lib/gcc/arm-none-eabi/14.2.1/../../../../arm-none-eabi/lib/thumb/v6-m/nofp\libc_nano.a(libc_a-findfp.o) (__sread)
D:/arm-gcc-toolchain/xpack-arm-none-eabi-gcc-14.2.1-1.1/bin/../lib/gcc/arm-none-eabi/14.2.1/../../../../arm-none-eabi/lib/thumb/v6-m/nofp\libc_nano.a(libc_a-memset.o)
                              D:/arm-gcc-toolchain/xpack-arm-none-eabi-gcc-14.2.1-1.1/bin/../lib/gcc/arm-none-eabi/14.2.1/../../../../arm-none-eabi/lib/thumb/v6-m/nofp/crt0.o (memset)
D:/arm-gcc-toolchain/xpack-arm-none-eabi-gcc-14.2.1-1.1/bin/../lib/gcc/arm-none-eabi/14.2.1/../../../../arm-none-eabi/lib/thumb/v6-m/nofp\libc_nano.a(libc_a-closer.o)
                              D:/arm-gcc-toolchain/xpack-arm-none-eabi-gcc-14.2.1-1.1/bin/../lib/gcc/arm-none-eabi/14.2.1/../../../../arm-none-eabi/lib/thumb/v6-m/nofp\libc_nano.a(libc_a-stdio.o) (_close_r)
D:/arm-gcc-toolchain/xpack-arm-none-eabi-gcc-14.2.1-1.1/bin/../lib/gcc/arm-none-eabi/14.2.1/../../../../arm-none-eabi/lib/thumb/v6-m/nofp\libc_nano.a(libc_a-reent.o)
                              D:/arm-gcc-toolchain/xpack-arm-none-eabi-gcc-14.2.1-1.1/bin/../lib/gcc/arm-none-eabi/14.2.1/../../../../arm-none-eabi/lib/thumb/v6-m/nofp\libc_nano.a(libc_a-closer.o) (errno)
D:/arm-gcc-toolchain/xpack-arm-none-eabi-gcc-14.2.1-1.1/bin/../lib/gcc/arm-none-eabi/14.2.1/../../../../arm-none-eabi/lib/thumb/v6-m/nofp\libc_nano.a(libc_a-impure.o)
                              D:/arm-gcc-toolchain/xpack-arm-none-eabi-gcc-14.2.1-1.1/bin/../lib/gcc/arm-none-eabi/14.2.1/../../../../arm-none-eabi/lib/thumb/v6-m/nofp\libc_nano.a(libc_a-reent.o) (_impure_ptr)
D:/arm-gcc-toolchain/xpack-arm-none-eabi-gcc-14.2.1-1.1/bin/../lib/gcc/arm-none-eabi/14.2.1/../../../../arm-none-eabi/lib/thumb/v6-m/nofp\libc_nano.a(libc_a-lseekr.o)
                              D:/arm-gcc-toolchain/xpack-arm-none-eabi-gcc-14.2.1-1.1/bin/../lib/gcc/arm-none-eabi/14.2.1/../../../../arm-none-eabi/lib/thumb/v6-m/nofp\libc_nano.a(libc_a-stdio.o) (_lseek_r)
D:/arm-gcc-toolchain/xpack-arm-none-eabi-gcc-14.2.1-1.1/bin/../lib/gcc/arm-none-eabi/14.2.1/../../../../arm-none-eabi/lib/thumb/v6-m/nofp\libc_nano.a(libc_a-readr.o)
                              D:/arm-gcc-toolchain/xpack-arm-none-eabi-gcc-14.2.1-1.1/bin/../lib/gcc/arm-none-eabi/14.2.1/../../../../arm-none-eabi/lib/thumb/v6-m/nofp\libc_nano.a(libc_a-stdio.o) (_read_r)
D:/arm-gcc-toolchain/xpack-arm-none-eabi-gcc-14.2.1-1.1/bin/../lib/gcc/arm-none-eabi/14.2.1/../../../../arm-none-eabi/lib/thumb/v6-m/nofp\libc_nano.a(libc_a-writer.o)
                              D:/arm-gcc-toolchain/xpack-arm-none-eabi-gcc-14.2.1-1.1/bin/../lib/gcc/arm-none-eabi/14.2.1/../../../../arm-none-eabi/lib/thumb/v6-m/nofp\libc_nano.a(libc_a-stdio.o) (_write_r)
D:/arm-gcc-toolchain/xpack-arm-none-eabi-gcc-14.2.1-1.1/bin/../lib/gcc/arm-none-eabi/14.2.1/../../../../arm-none-eabi/lib/thumb/v6-m/nofp\libc_nano.a(libc_a-init.o)
                              D:/arm-gcc-toolchain/xpack-arm-none-eabi-gcc-14.2.1-1.1/bin/../lib/gcc/arm-none-eabi/14.2.1/../../../../arm-none-eabi/lib/thumb/v6-m/nofp/crt0.o (__libc_init_array)
[...]
Memory Configuration

Name             Origin             Length             Attributes
RAM              0x20000000         0x00000c00         xrw
FLASH            0x08000000         0x00006000         xr
*default*        0x00000000         0xffffffff

Linker script and memory map

LOAD D:/arm-gcc-toolchain/xpack-arm-none-eabi-gcc-14.2.1-1.1/bin/../lib/gcc/arm-none-eabi/14.2.1/thumb/v6-m/nofp/crti.o
LOAD D:/arm-gcc-toolchain/xpack-arm-none-eabi-gcc-14.2.1-1.1/bin/../lib/gcc/arm-none-eabi/14.2.1/thumb/v6-m/nofp/crtbegin.o
LOAD D:/arm-gcc-toolchain/xpack-arm-none-eabi-gcc-14.2.1-1.1/bin/../lib/gcc/arm-none-eabi/14.2.1/../../../../arm-none-eabi/lib/thumb/v6-m/nofp/crt0.o
LOAD Project/main.o
LOAD Project/app.o
LOAD Project/seg.o
LOAD Project/debug.o
LOAD Project/key.o
LOAD Project/py32f002b_it.o
LOAD Project/system_py32f002b.o
LOAD Project/py32f002b_ll_utils.o
LOAD Project/py32f002b_ll_gpio.o
LOAD Project/py32f002b_ll_usart.o
LOAD Project/py32f002b_ll_rcc.o
LOAD Project/py32f002b_ll_pwr.o
LOAD Project/startup_py32f002bxx.o
LOAD D:/arm-gcc-toolchain/xpack-arm-none-eabi-gcc-14.2.1-1.1/bin/../lib/gcc/arm-none-eabi/14.2.1/../../../../arm-none-eabi/lib/thumb/v6-m/nofp\libc_nano.a
LOAD D:/arm-gcc-toolchain/xpack-arm-none-eabi-gcc-14.2.1-1.1/bin/../lib/gcc/arm-none-eabi/14.2.1/../../../../arm-none-eabi/lib/thumb/v6-m/nofp\libm.a
LOAD D:/arm-gcc-toolchain/xpack-arm-none-eabi-gcc-14.2.1-1.1/bin/../lib/gcc/arm-none-eabi/14.2.1/../../../../arm-none-eabi/lib/thumb/v6-m/nofp\libnosys.a
START GROUP
LOAD D:/arm-gcc-toolchain/xpack-arm-none-eabi-gcc-14.2.1-1.1/bin/../lib/gcc/arm-none-eabi/14.2.1/thumb/v6-m/nofp\libgcc.a
LOAD D:/arm-gcc-toolchain/xpack-arm-none-eabi-gcc-14.2.1-1.1/bin/../lib/gcc/arm-none-eabi/14.2.1/../../../../arm-none-eabi/lib/thumb/v6-m/nofp\libc_nano.a
END GROUP
START GROUP
LOAD D:/arm-gcc-toolchain/xpack-arm-none-eabi-gcc-14.2.1-1.1/bin/../lib/gcc/arm-none-eabi/14.2.1/thumb/v6-m/nofp\libgcc.a
LOAD D:/arm-gcc-toolchain/xpack-arm-none-eabi-gcc-14.2.1-1.1/bin/../lib/gcc/arm-none-eabi/14.2.1/../../../../arm-none-eabi/lib/thumb/v6-m/nofp\libc_nano.a
END GROUP
LOAD D:/arm-gcc-toolchain/xpack-arm-none-eabi-gcc-14.2.1-1.1/bin/../lib/gcc/arm-none-eabi/14.2.1/thumb/v6-m/nofp/crtend.o
LOAD D:/arm-gcc-toolchain/xpack-arm-none-eabi-gcc-14.2.1-1.1/bin/../lib/gcc/arm-none-eabi/14.2.1/thumb/v6-m/nofp/crtn.o
                0x20000c00                        _estack = (ORIGIN (RAM) + LENGTH (RAM))
                0x00000000                        _Min_Heap_Size = 0x0
                0x00000400                        _Min_Stack_Size = 0x400

.isr_vector     0x08000000       0xc0
                0x08000000                        . = ALIGN (0x4)
 *(.isr_vector)
 .isr_vector    0x08000000       0xc0 Project/startup_py32f002bxx.o
                0x08000000                g_pfnVectors
                0x080000c0                        . = ALIGN (0x4)

.text           0x080000c0      0xa48
                0x080000c0                        . = ALIGN (0x4)
 *(.text)
 .text          0x080000c0      0x114 D:/arm-gcc-toolchain/xpack-arm-none-eabi-gcc-14.2.1-1.1/bin/../lib/gcc/arm-none-eabi/14.2.1/thumb/v6-m/nofp\libgcc.a(_udivsi3.o)
                0x080000c0                __aeabi_uidiv
                0x080000c0                __udivsi3
                0x080001cc                __aeabi_uidivmod
 .text          0x080001d4      0x1d4 D:/arm-gcc-toolchain/xpack-arm-none-eabi-gcc-14.2.1-1.1/bin/../lib/gcc/arm-none-eabi/14.2.1/thumb/v6-m/nofp\libgcc.a(_divsi3.o)
                0x080001d4                __divsi3
                0x080001d4                __aeabi_idiv
                0x080003a0                __aeabi_idivmod
 .text          0x080003a8        0x4 D:/arm-gcc-toolchain/xpack-arm-none-eabi-gcc-14.2.1-1.1/bin/../lib/gcc/arm-none-eabi/14.2.1/thumb/v6-m/nofp\libgcc.a(_dvmd_tls.o)
                0x080003a8                __aeabi_idiv0
                0x080003a8                __aeabi_ldiv0
 *(.text*)
 .text.__do_global_dtors_aux
                0x080003ac       0x28 D:/arm-gcc-toolchain/xpack-arm-none-eabi-gcc-14.2.1-1.1/bin/../lib/gcc/arm-none-eabi/14.2.1/thumb/v6-m/nofp/crtbegin.o
 .text.frame_dummy
                0x080003d4       0x20 D:/arm-gcc-toolchain/xpack-arm-none-eabi-gcc-14.2.1-1.1/bin/../lib/gcc/arm-none-eabi/14.2.1/thumb/v6-m/nofp/crtbegin.o
 .text.spin_delay
                0x080003f4       0x18 Project/main.o
 .text.APP_SystemClockConfig
                0x0800040c       0x70 Project/main.o
 .text.main     0x0800047c       0x74 Project/main.o
                0x0800047c                main
 .text.SEG_SetSegments
                0x080004f0       0x90 Project/seg.o
 .text.DIG_Select
                0x08000580       0x80 Project/seg.o
 .text.SEG_Init
                0x08000600       0xcc Project/seg.o
                0x08000600                SEG_Init
 .text.SEG_SetDigit
                0x080006cc       0x14 Project/seg.o
                0x080006cc                SEG_SetDigit
 .text.SEG_Scan
                0x080006e0      0x144 Project/seg.o
                0x080006e0                SEG_Scan
 .text.Debug_UartInit
                0x08000824       0xb4 Project/debug.o
                0x08000824                Debug_UartInit
 .text.Debug_UartSendByte
                0x080008d8       0x14 Project/debug.o
                0x080008d8                Debug_UartSendByte
 .text.NMI_Handler
                0x080008ec        0x2 Project/py32f002b_it.o
                0x080008ec                NMI_Handler
 .text.HardFault_Handler
                0x080008ee        0x2 Project/py32f002b_it.o
                0x080008ee                HardFault_Handler
 .text.SVC_Handler
                0x080008f0        0x2 Project/py32f002b_it.o
                0x080008f0                SVC_Handler
 .text.PendSV_Handler
                0x080008f2        0x2 Project/py32f002b_it.o
                0x080008f2                PendSV_Handler
 .text.SysTick_Handler
                0x080008f4        0x2 Project/py32f002b_it.o
                0x080008f4                SysTick_Handler
 *fill*         0x080008f6        0x2 
 .text.DelayTime
                0x080008f8       0x1c Project/system_py32f002b.o
 .text.SystemInit
                0x08000914       0x54 Project/system_py32f002b.o
                0x08000914                SystemInit
 .text.LL_Init1msTick
                0x08000968       0x20 Project/py32f002b_ll_utils.o
                0x08000968                LL_Init1msTick
 .text.LL_SetSystemCoreClock
                0x08000988        0xc Project/py32f002b_ll_utils.o
                0x08000988                LL_SetSystemCoreClock
 .text.LL_GPIO_Init
                0x08000994       0xae Project/py32f002b_ll_gpio.o
                0x08000994                LL_GPIO_Init
 *fill*         0x08000a42        0x2 
 .text.Reset_Handler
                0x08000a44       0x50 Project/startup_py32f002bxx.o
                0x08000a44                Reset_Handler
 .text.Default_Handler
                0x08000a94        0x2 Project/startup_py32f002bxx.o
                0x08000a94                TIM1_CC_IRQHandler
                0x08000a94                I2C1_IRQHandler
                0x08000a94                SPI1_IRQHandler
                0x08000a94                EXTI2_3_IRQHandler
                0x08000a94                EXTI4_15_IRQHandler
                0x08000a94                RCC_IRQHandler
                0x08000a94                Default_Handler
                0x08000a94                TIM14_IRQHandler
                0x08000a94                EXTI0_1_IRQHandler
                0x08000a94                ADC_COMP_IRQHandler
                0x08000a94                FLASH_IRQHandler
                0x08000a94                USART1_IRQHandler
                0x08000a94                TIM1_BRK_UP_TRG_COM_IRQHandler
                0x08000a94                LPTIM1_IRQHandler
 .text.memset   0x08000a96       0x10 D:/arm-gcc-toolchain/xpack-arm-none-eabi-gcc-14.2.1-1.1/bin/../lib/gcc/arm-none-eabi/14.2.1/../../../../arm-none-eabi/lib/thumb/v6-m/nofp\libc_nano.a(libc_a-memset.o)
                0x08000a96                memset
 *fill*         0x08000aa6        0x2 
 .text.__libc_init_array
                0x08000aa8       0x48 D:/arm-gcc-toolchain/xpack-arm-none-eabi-gcc-14.2.1-1.1/bin/../lib/gcc/arm-none-eabi/14.2.1/../../../../arm-none-eabi/lib/thumb/v6-m/nofp\libc_nano.a(libc_a-init.o)
                0x08000aa8                __libc_init_array
 *(.glue_7)
 .glue_7        0x08000af0        0x0 linker stubs
 *(.glue_7t)
 .glue_7t       0x08000af0        0x0 linker stubs
 *(.eh_frame)
 .eh_frame      0x08000af0        0x0 D:/arm-gcc-toolchain/xpack-arm-none-eabi-gcc-14.2.1-1.1/bin/../lib/gcc/arm-none-eabi/14.2.1/thumb/v6-m/nofp/crtbegin.o
 *(.init)
 .init          0x08000af0        0x4 D:/arm-gcc-toolchain/xpack-arm-none-eabi-gcc-14.2.1-1.1/bin/../lib/gcc/arm-none-eabi/14.2.1/thumb/v6-m/nofp/crti.o
                0x08000af0                _init
 .init          0x08000af4        0x8 D:/arm-gcc-toolchain/xpack-arm-none-eabi-gcc-14.2.1-1.1/bin/../lib/gcc/arm-none-eabi/14.2.1/thumb/v6-m/nofp/crtn.o
 *(.fini)
 .fini          0x08000afc        0x4 D:/arm-gcc-toolchain/xpack-arm-none-eabi-gcc-14.2.1-1.1/bin/../lib/gcc/arm-none-eabi/14.2.1/thumb/v6-m/nofp/crti.o
                0x08000afc                _fini
 .fini          0x08000b00        0x8 D:/arm-gcc-toolchain/xpack-arm-none-eabi-gcc-14.2.1-1.1/bin/../lib/gcc/arm-none-eabi/14.2.1/thumb/v6-m/nofp/crtn.o
                0x08000b08                        . = ALIGN (0x4)
                0x08000b08                        _etext = .

.vfp11_veneer   0x08000b08        0x0
 .vfp11_veneer  0x08000b08        0x0 linker stubs

.v4_bx          0x08000b08        0x0
 .v4_bx         0x08000b08        0x0 linker stubs

.iplt           0x08000b08        0x0
 .iplt          0x08000b08        0x0 D:/arm-gcc-toolchain/xpack-arm-none-eabi-gcc-14.2.1-1.1/bin/../lib/gcc/arm-none-eabi/14.2.1/thumb/v6-m/nofp/crtbegin.o

.rodata         0x08000b08       0x28
                0x08000b08                        . = ALIGN (0x4)
 *(.rodata)
 *(.rodata*)
 .rodata.DIG_Select
                0x08000b08       0x1c Project/seg.o
 .rodata.SEG_CodeTable
                0x08000b24        0xb Project/seg.o
                0x08000b24                SEG_CodeTable
                0x08000b30                        . = ALIGN (0x4)
 *fill*         0x08000b2f        0x1 

.rel.dyn        0x08000b30        0x0
 .rel.iplt      0x08000b30        0x0 D:/arm-gcc-toolchain/xpack-arm-none-eabi-gcc-14.2.1-1.1/bin/../lib/gcc/arm-none-eabi/14.2.1/thumb/v6-m/nofp/crtbegin.o

.ARM.extab
 *(.ARM.extab* .gnu.linkonce.armextab.*)

.ARM            0x08000b30        0x0
                0x08000b30                        __exidx_start = .
 *(.ARM.exidx*)
                0x08000b30                        __exidx_end = .

.preinit_array  0x08000b30        0x0
                0x08000b30                        PROVIDE (__preinit_array_start = .)
 *(.preinit_array*)
                0x08000b30                        PROVIDE (__preinit_array_end = .)

.init_array     0x08000b30        0x4
                0x08000b30                        PROVIDE (__init_array_start = .)
 *(SORT_BY_NAME(.init_array.*))
 *(.init_array*)
 .init_array    0x08000b30        0x4 D:/arm-gcc-toolchain/xpack-arm-none-eabi-gcc-14.2.1-1.1/bin/../lib/gcc/arm-none-eabi/14.2.1/thumb/v6-m/nofp/crtbegin.o
                0x08000b34                        PROVIDE (__init_array_end = .)

.fini_array     0x08000b34        0x4
                0x08000b34                        PROVIDE (__fini_array_start = .)
 *(SORT_BY_NAME(.fini_array.*))
 *(.fini_array*)
 .fini_array    0x08000b34        0x4 D:/arm-gcc-toolchain/xpack-arm-none-eabi-gcc-14.2.1-1.1/bin/../lib/gcc/arm-none-eabi/14.2.1/thumb/v6-m/nofp/crtbegin.o
                0x08000b38                        PROVIDE (__fini_array_end = .)
                0x08000b38                        _sidata = LOADADDR (.data)

.data           0x20000000        0x4 load address 0x08000b38
                0x20000000                        . = ALIGN (0x4)
                0x20000000                        _sdata = .
 *(.data)
 *(.data*)
 .data.SystemCoreClock
                0x20000000        0x4 Project/system_py32f002b.o
                0x20000000                SystemCoreClock
                0x20000004                        . = ALIGN (0x4)
                0x20000004                        _edata = .

.igot.plt       0x20000004        0x0 load address 0x08000b3c
 .igot.plt      0x20000004        0x0 D:/arm-gcc-toolchain/xpack-arm-none-eabi-gcc-14.2.1-1.1/bin/../lib/gcc/arm-none-eabi/14.2.1/thumb/v6-m/nofp/crtbegin.o
                0x20000004                        . = ALIGN (0x4)

.bss            0x20000004       0x2c load address 0x08000b3c
                0x20000004                        _sbss = .
                0x20000004                        __bss_start__ = _sbss
 *(.bss)
 *(.bss*)
 .bss.completed.1
                0x20000004        0x1 D:/arm-gcc-toolchain/xpack-arm-none-eabi-gcc-14.2.1-1.1/bin/../lib/gcc/arm-none-eabi/14.2.1/thumb/v6-m/nofp/crtbegin.o
 *fill*         0x20000005        0x3 
 .bss.object.0  0x20000008       0x18 D:/arm-gcc-toolchain/xpack-arm-none-eabi-gcc-14.2.1-1.1/bin/../lib/gcc/arm-none-eabi/14.2.1/thumb/v6-m/nofp/crtbegin.o
 .bss.SEG_CurrentUnit
                0x20000020        0x1 Project/seg.o
                0x20000020                SEG_CurrentUnit
 .bss.SEG_CurrentMode
                0x20000021        0x1 Project/seg.o
                0x20000021                SEG_CurrentMode
 .bss.SEG_ScanIndex
                0x20000022        0x1 Project/seg.o
                0x20000022                SEG_ScanIndex
 *fill*         0x20000023        0x1 
 .bss.SEG_DisplayBuf
                0x20000024        0x9 Project/seg.o
                0x20000024                SEG_DisplayBuf
 *(COMMON)
                0x20000030                        . = ALIGN (0x4)
 *fill*         0x2000002d        0x3 
                0x20000030                        _ebss = .
                0x20000030                        __bss_end__ = _ebss

._user_heap_stack
                0x20000030      0x400 load address 0x08000b3c
                0x20000030                        . = ALIGN (0x8)
                0x20000030                        PROVIDE (end = .)
                [!provide]                        PROVIDE (_end = .)
                0x20000030                        . = (. + _Min_Heap_Size)
                0x20000430                        . = (. + _Min_Stack_Size)
 *fill*         0x20000030      0x400 
                0x20000430                        . = ALIGN (0x8)

/DISCARD/
 libc.a(*)
 libm.a(*)
 libgcc.a(*)

.ARM.attributes
                0x00000000       0x28
 *(.ARM.attributes)
 .ARM.attributes
                0x00000000       0x1e D:/arm-gcc-toolchain/xpack-arm-none-eabi-gcc-14.2.1-1.1/bin/../lib/gcc/arm-none-eabi/14.2.1/thumb/v6-m/nofp/crti.o
 .ARM.attributes
                0x0000001e       0x2c D:/arm-gcc-toolchain/xpack-arm-none-eabi-gcc-14.2.1-1.1/bin/../lib/gcc/arm-none-eabi/14.2.1/thumb/v6-m/nofp/crtbegin.o
 .ARM.attributes
                0x0000004a       0x2c Project/main.o
 .ARM.attributes
                0x00000076       0x2c Project/seg.o
 .ARM.attributes
                0x000000a2       0x2c Project/debug.o
 .ARM.attributes
                0x000000ce       0x2c Project/py32f002b_it.o
 .ARM.attributes
                0x000000fa       0x2c Project/system_py32f002b.o
 .ARM.attributes
                0x00000126       0x2c Project/py32f002b_ll_utils.o
 .ARM.attributes
                0x00000152       0x2c Project/py32f002b_ll_gpio.o
 .ARM.attributes
                0x0000017e       0x22 Project/startup_py32f002bxx.o
 .ARM.attributes
                0x000001a0       0x2c D:/arm-gcc-toolchain/xpack-arm-none-eabi-gcc-14.2.1-1.1/bin/../lib/gcc/arm-none-eabi/14.2.1/../../../../arm-none-eabi/lib/thumb/v6-m/nofp\libc_nano.a(libc_a-memset.o)
 .ARM.attributes
                0x000001cc       0x2c D:/arm-gcc-toolchain/xpack-arm-none-eabi-gcc-14.2.1-1.1/bin/../lib/gcc/arm-none-eabi/14.2.1/../../../../arm-none-eabi/lib/thumb/v6-m/nofp\libc_nano.a(libc_a-init.o)
 .ARM.attributes
                0x000001f8       0x1e D:/arm-gcc-toolchain/xpack-arm-none-eabi-gcc-14.2.1-1.1/bin/../lib/gcc/arm-none-eabi/14.2.1/thumb/v6-m/nofp\libgcc.a(_udivsi3.o)
 .ARM.attributes
                0x00000216       0x1e D:/arm-gcc-toolchain/xpack-arm-none-eabi-gcc-14.2.1-1.1/bin/../lib/gcc/arm-none-eabi/14.2.1/thumb/v6-m/nofp\libgcc.a(_divsi3.o)
 .ARM.attributes
                0x00000234       0x1e D:/arm-gcc-toolchain/xpack-arm-none-eabi-gcc-14.2.1-1.1/bin/../lib/gcc/arm-none-eabi/14.2.1/thumb/v6-m/nofp\libgcc.a(_dvmd_tls.o)
 .ARM.attributes
                0x00000252       0x1e D:/arm-gcc-toolchain/xpack-arm-none-eabi-gcc-14.2.1-1.1/bin/../lib/gcc/arm-none-eabi/14.2.1/thumb/v6-m/nofp/crtn.o
OUTPUT(Project/Project.elf elf32-littlearm)
LOAD linker stubs
LOAD D:/arm-gcc-toolchain/xpack-arm-none-eabi-gcc-14.2.1-1.1/bin/../lib/gcc/arm-none-eabi/14.2.1/../../../../arm-none-eabi/lib/thumb/v6-m/nofp\libc.a
LOAD D:/arm-gcc-toolchain/xpack-arm-none-eabi-gcc-14.2.1-1.1/bin/../lib/gcc/arm-none-eabi/14.2.1/../../../../arm-none-eabi/lib/thumb/v6-m/nofp\libm.a
LOAD D:/arm-gcc-toolchain/xpack-arm-none-eabi-gcc-14.2.1-1.1/bin/../lib/gcc/arm-none-eabi/14.2.1/thumb/v6-m/nofp\libgcc.a

.comment        0x00000000       0x39
 .comment       0x00000000       0x39 D:/arm-gcc-toolchain/xpack-arm-none-eabi-gcc-14.2.1-1.1/bin/../lib/gcc/arm-none-eabi/14.2.1/thumb/v6-m/nofp/crtbegin.o
                                 0x3a (size before relaxing)
 .comment       0x00000039       0x3a Project/main.o
 .comment       0x00000039       0x3a Project/seg.o
 .comment       0x00000039       0x3a Project/debug.o
 .comment       0x00000039       0x3a Project/py32f002b_it.o
 .comment       0x00000039       0x3a Project/system_py32f002b.o
 .comment       0x00000039       0x3a Project/py32f002b_ll_utils.o
 .comment       0x00000039       0x3a Project/py32f002b_ll_gpio.o
 .comment       0x00000039       0x3a D:/arm-gcc-toolchain/xpack-arm-none-eabi-gcc-14.2.1-1.1/bin/../lib/gcc/arm-none-eabi/14.2.1/../../../../arm-none-eabi/lib/thumb/v6-m/nofp\libc_nano.a(libc_a-memset.o)
 .comment       0x00000039       0x3a D:/arm-gcc-toolchain/xpack-arm-none-eabi-gcc-14.2.1-1.1/bin/../lib/gcc/arm-none-eabi/14.2.1/../../../../arm-none-eabi/lib/thumb/v6-m/nofp\libc_nano.a(libc_a-init.o)

.debug_info     0x00000000     0x39e9
 .debug_info    0x00000000      0x5e0 Project/main.o
 .debug_info    0x000005e0     0x1626 Project/seg.o
 .debug_info    0x00001c06      0xa57 Project/debug.o
 .debug_info    0x0000265d       0xde Project/py32f002b_it.o
 .debug_info    0x0000273b      0x475 Project/system_py32f002b.o
 .debug_info    0x00002bb0      0x4f4 Project/py32f002b_ll_utils.o
 .debug_info    0x000030a4      0x85d Project/py32f002b_ll_gpio.o
 .debug_info    0x00003901       0x30 Project/startup_py32f002bxx.o
 .debug_info    0x00003931       0x3e D:/arm-gcc-toolchain/xpack-arm-none-eabi-gcc-14.2.1-1.1/bin/../lib/gcc/arm-none-eabi/14.2.1/thumb/v6-m/nofp\libgcc.a(_udivsi3.o)
 .debug_info    0x0000396f       0x3e D:/arm-gcc-toolchain/xpack-arm-none-eabi-gcc-14.2.1-1.1/bin/../lib/gcc/arm-none-eabi/14.2.1/thumb/v6-m/nofp\libgcc.a(_divsi3.o)
 .debug_info    0x000039ad       0x3c D:/arm-gcc-toolchain/xpack-arm-none-eabi-gcc-14.2.1-1.1/bin/../lib/gcc/arm-none-eabi/14.2.1/thumb/v6-m/nofp\libgcc.a(_dvmd_tls.o)

.debug_abbrev   0x00000000      0xe47
 .debug_abbrev  0x00000000      0x238 Project/main.o
 .debug_abbrev  0x00000238      0x2bf Project/seg.o
 .debug_abbrev  0x000004f7      0x242 Project/debug.o
 .debug_abbrev  0x00000739       0x46 Project/py32f002b_it.o
 .debug_abbrev  0x0000077f      0x197 Project/system_py32f002b.o
 .debug_abbrev  0x00000916      0x27d Project/py32f002b_ll_utils.o
 .debug_abbrev  0x00000b93      0x221 Project/py32f002b_ll_gpio.o
 .debug_abbrev  0x00000db4       0x1d Project/startup_py32f002bxx.o
 .debug_abbrev  0x00000dd1       0x28 D:/arm-gcc-toolchain/xpack-arm-none-eabi-gcc-14.2.1-1.1/bin/../lib/gcc/arm-none-eabi/14.2.1/thumb/v6-m/nofp\libgcc.a(_udivsi3.o)
 .debug_abbrev  0x00000df9       0x28 D:/arm-gcc-toolchain/xpack-arm-none-eabi-gcc-14.2.1-1.1/bin/../lib/gcc/arm-none-eabi/14.2.1/thumb/v6-m/nofp\libgcc.a(_divsi3.o)
 .debug_abbrev  0x00000e21       0x26 D:/arm-gcc-toolchain/xpack-arm-none-eabi-gcc-14.2.1-1.1/bin/../lib/gcc/arm-none-eabi/14.2.1/thumb/v6-m/nofp\libgcc.a(_dvmd_tls.o)

.debug_loc      0x00000000     0x1960
 .debug_loc     0x00000000       0xd3 Project/main.o
 .debug_loc     0x000000d3      0xf3a Project/seg.o
 .debug_loc     0x0000100d      0x2da Project/debug.o
 .debug_loc     0x000012e7       0x83 Project/system_py32f002b.o
 .debug_loc     0x0000136a      0x1f0 Project/py32f002b_ll_utils.o
 .debug_loc     0x0000155a      0x406 Project/py32f002b_ll_gpio.o

.debug_aranges  0x00000000      0x210
 .debug_aranges
                0x00000000       0x38 Project/main.o
 .debug_aranges
                0x00000038       0x48 Project/seg.o
 .debug_aranges
                0x00000080       0x30 Project/debug.o
 .debug_aranges
                0x000000b0       0x40 Project/py32f002b_it.o
 .debug_aranges
                0x000000f0       0x30 Project/system_py32f002b.o
 .debug_aranges
                0x00000120       0x38 Project/py32f002b_ll_utils.o
 .debug_aranges
                0x00000158       0x30 Project/py32f002b_ll_gpio.o
 .debug_aranges
                0x00000188       0x28 Project/startup_py32f002bxx.o
 .debug_aranges
                0x000001b0       0x20 D:/arm-gcc-toolchain/xpack-arm-none-eabi-gcc-14.2.1-1.1/bin/../lib/gcc/arm-none-eabi/14.2.1/thumb/v6-m/nofp\libgcc.a(_udivsi3.o)
 .debug_aranges
                0x000001d0       0x20 D:/arm-gcc-toolchain/xpack-arm-none-eabi-gcc-14.2.1-1.1/bin/../lib/gcc/arm-none-eabi/14.2.1/thumb/v6-m/nofp\libgcc.a(_divsi3.o)
 .debug_aranges
                0x000001f0       0x20 D:/arm-gcc-toolchain/xpack-arm-none-eabi-gcc-14.2.1-1.1/bin/../lib/gcc/arm-none-eabi/14.2.1/thumb/v6-m/nofp\libgcc.a(_dvmd_tls.o)

.debug_ranges   0x00000000      0x2b8
 .debug_ranges  0x00000000       0x40 Project/main.o
 .debug_ranges  0x00000040      0x158 Project/seg.o
 .debug_ranges  0x00000198       0x20 Project/debug.o
 .debug_ranges  0x000001b8       0x30 Project/py32f002b_it.o
 .debug_ranges  0x000001e8       0x20 Project/system_py32f002b.o
 .debug_ranges  0x00000208       0x28 Project/py32f002b_ll_utils.o
 .debug_ranges  0x00000230       0x68 Project/py32f002b_ll_gpio.o
 .debug_ranges  0x00000298       0x20 Project/startup_py32f002bxx.o

.debug_line     0x00000000     0x20b9
 .debug_line    0x00000000      0x34e Project/main.o
 .debug_line    0x0000034e      0xc8d Project/seg.o
 .debug_line    0x00000fdb      0x403 Project/debug.o
 .debug_line    0x000013de       0x99 Project/py32f002b_it.o
 .debug_line    0x00001477      0x2fb Project/system_py32f002b.o
 .debug_line    0x00001772      0x39e Project/py32f002b_ll_utils.o
 .debug_line    0x00001b10      0x437 Project/py32f002b_ll_gpio.o
 .debug_line    0x00001f47       0x75 Project/startup_py32f002bxx.o
 .debug_line    0x00001fbc       0x56 D:/arm-gcc-toolchain/xpack-arm-none-eabi-gcc-14.2.1-1.1/bin/../lib/gcc/arm-none-eabi/14.2.1/thumb/v6-m/nofp\libgcc.a(_udivsi3.o)
 .debug_line    0x00002012       0x5d D:/arm-gcc-toolchain/xpack-arm-none-eabi-gcc-14.2.1-1.1/bin/../lib/gcc/arm-none-eabi/14.2.1/thumb/v6-m/nofp\libgcc.a(_divsi3.o)
 .debug_line    0x0000206f       0x4a D:/arm-gcc-toolchain/xpack-arm-none-eabi-gcc-14.2.1-1.1/bin/../lib/gcc/arm-none-eabi/14.2.1/thumb/v6-m/nofp\libgcc.a(_dvmd_tls.o)

.debug_str      0x00000000      0xb1f
 .debug_str     0x00000000      0xb1f Project/main.o
                                0x362 (size before relaxing)
 .debug_str     0x00000b1f      0x3c2 Project/seg.o
 .debug_str     0x00000b1f      0x502 Project/debug.o
 .debug_str     0x00000b1f      0x195 Project/py32f002b_it.o
 .debug_str     0x00000b1f      0x2b6 Project/system_py32f002b.o
 .debug_str     0x00000b1f      0x316 Project/py32f002b_ll_utils.o
 .debug_str     0x00000b1f      0x3af Project/py32f002b_ll_gpio.o
 .debug_str     0x00000b1f       0x5a Project/startup_py32f002bxx.o
 .debug_str     0x00000b1f      0x155 D:/arm-gcc-toolchain/xpack-arm-none-eabi-gcc-14.2.1-1.1/bin/../lib/gcc/arm-none-eabi/14.2.1/thumb/v6-m/nofp\libgcc.a(_udivsi3.o)
 .debug_str     0x00000b1f      0x153 D:/arm-gcc-toolchain/xpack-arm-none-eabi-gcc-14.2.1-1.1/bin/../lib/gcc/arm-none-eabi/14.2.1/thumb/v6-m/nofp\libgcc.a(_divsi3.o)
 .debug_str     0x00000b1f      0x156 D:/arm-gcc-toolchain/xpack-arm-none-eabi-gcc-14.2.1-1.1/bin/../lib/gcc/arm-none-eabi/14.2.1/thumb/v6-m/nofp\libgcc.a(_dvmd_tls.o)

.debug_frame    0x00000000      0x2e4
 .debug_frame   0x00000000       0x64 Project/main.o
 .debug_frame   0x00000064       0x9c Project/seg.o
 .debug_frame   0x00000100       0x4c Project/debug.o
 .debug_frame   0x0000014c       0x60 Project/py32f002b_it.o
 .debug_frame   0x000001ac       0x4c Project/system_py32f002b.o
 .debug_frame   0x000001f8       0x5c Project/py32f002b_ll_utils.o
 .debug_frame   0x00000254       0x50 Project/py32f002b_ll_gpio.o
 .debug_frame   0x000002a4       0x20 D:/arm-gcc-toolchain/xpack-arm-none-eabi-gcc-14.2.1-1.1/bin/../lib/gcc/arm-none-eabi/14.2.1/thumb/v6-m/nofp\libgcc.a(_udivsi3.o)
 .debug_frame   0x000002c4       0x20 D:/arm-gcc-toolchain/xpack-arm-none-eabi-gcc-14.2.1-1.1/bin/../lib/gcc/arm-none-eabi/14.2.1/thumb/v6-m/nofp\libgcc.a(_divsi3.o)

.debug_line_str
                0x00000000      0x12c
 .debug_line_str
                0x00000000      0x12c D:/arm-gcc-toolchain/xpack-arm-none-eabi-gcc-14.2.1-1.1/bin/../lib/gcc/arm-none-eabi/14.2.1/thumb/v6-m/nofp\libgcc.a(_udivsi3.o)
 .debug_line_str
                0x0000012c      0x12c D:/arm-gcc-toolchain/xpack-arm-none-eabi-gcc-14.2.1-1.1/bin/../lib/gcc/arm-none-eabi/14.2.1/thumb/v6-m/nofp\libgcc.a(_divsi3.o)
 .debug_line_str
                0x0000012c      0x12c D:/arm-gcc-toolchain/xpack-arm-none-eabi-gcc-14.2.1-1.1/bin/../lib/gcc/arm-none-eabi/14.2.1/thumb/v6-m/nofp\libgcc.a(_dvmd_tls.o)

Cross Reference Table

Symbol                                            File
ADC_COMP_IRQHandler                               Project/startup_py32f002bxx.o
AHBPrescTable                                     Project/system_py32f002b.o
                                                  Project/py32f002b_ll_rcc.o
APBPrescTable                                     Project/system_py32f002b.o
                                                  Project/py32f002b_ll_rcc.o
APP_ErrorHandler                                  Project/main.o
App_Init                                          Project/app.o
App_ProcessKeyEvent                               Project/app.o
App_UpdateDisplay                                 Project/app.o
Debug_UartInit                                    Project/debug.o
                                                  Project/main.o
Debug_UartReadByte                                Project/debug.o
Debug_UartSendByte                                Project/debug.o
                                                  Project/main.o
Default_Handler                                   Project/startup_py32f002bxx.o
EXTI0_1_IRQHandler                                Project/startup_py32f002bxx.o
EXTI2_3_IRQHandler                                Project/startup_py32f002bxx.o
EXTI4_15_IRQHandler                               Project/startup_py32f002bxx.o
FLASH_IRQHandler                                  Project/startup_py32f002bxx.o
HSIFreqTable                                      Project/system_py32f002b.o
                                                  Project/py32f002b_ll_rcc.o
HardFault_Handler                                 Project/py32f002b_it.o
I2C1_IRQHandler                                   Project/startup_py32f002bxx.o
Key_ClearEvents                                   Project/key.o
Key_Init                                          Project/key.o
Key_Scan                                          Project/key.o
LL_FlashTimmingParam                              Project/py32f002b_ll_utils.o
LL_GPIO_DeInit                                    Project/py32f002b_ll_gpio.o
LL_GPIO_Init                                      Project/py32f002b_ll_gpio.o
                                                  Project/debug.o
                                                  Project/seg.o
LL_GPIO_StructInit                                Project/py32f002b_ll_gpio.o
LL_Init1msTick                                    Project/py32f002b_ll_utils.o
                                                  Project/main.o
LL_PWR_DeInit                                     Project/py32f002b_ll_pwr.o
LL_RCC_DeInit                                     Project/py32f002b_ll_rcc.o
LL_RCC_GetCOMPClockFreq                           Project/py32f002b_ll_rcc.o
LL_RCC_GetLPTIMClockFreq                          Project/py32f002b_ll_rcc.o
LL_RCC_GetLSCClockFreq                            Project/py32f002b_ll_rcc.o
LL_RCC_GetMCOClockFreq                            Project/py32f002b_ll_rcc.o
LL_RCC_GetSystemClocksFreq                        Project/py32f002b_ll_rcc.o
                                                  Project/py32f002b_ll_usart.o
LL_SetFlashLatency                                Project/py32f002b_ll_utils.o
LL_SetSystemCoreClock                             Project/py32f002b_ll_utils.o
                                                  Project/main.o
LL_USART_ClockInit                                Project/py32f002b_ll_usart.o
LL_USART_ClockStructInit                          Project/py32f002b_ll_usart.o
LL_USART_DeInit                                   Project/py32f002b_ll_usart.o
LL_USART_Init                                     Project/py32f002b_ll_usart.o
LL_USART_StructInit                               Project/py32f002b_ll_usart.o
LL_mDelay                                         Project/py32f002b_ll_utils.o
LPTIM1_IRQHandler                                 Project/startup_py32f002bxx.o
NMI_Handler                                       Project/py32f002b_it.o
PendSV_Handler                                    Project/py32f002b_it.o
RCC_GetHCLKClockFreq                              Project/py32f002b_ll_rcc.o
RCC_GetPCLK1ClockFreq                             Project/py32f002b_ll_rcc.o
RCC_GetSystemClockFreq                            Project/py32f002b_ll_rcc.o
RCC_IRQHandler                                    Project/startup_py32f002bxx.o
Reset_Handler                                     Project/startup_py32f002bxx.o
SEG_AllSet                                        Project/seg.o
                                                  Project/app.o
SEG_CodeTable                                     Project/seg.o
SEG_CurrentMode                                   Project/seg.o
                                                  Project/app.o
SEG_CurrentUnit                                   Project/seg.o
                                                  Project/app.o
SEG_DisplayBuf                                    Project/seg.o
                                                  Project/app.o
                                                  Project/main.o
SEG_Init                                          Project/seg.o
                                                  Project/main.o
SEG_Scan                                          Project/seg.o
                                                  Project/main.o
SEG_ScanIndex                                     Project/seg.o
SEG_SetDigit                                      Project/seg.o
                                                  Project/app.o
                                                  Project/main.o
SPI1_IRQHandler                                   Project/startup_py32f002bxx.o
SVC_Handler                                       Project/py32f002b_it.o
SysTick_Handler                                   Project/py32f002b_it.o
SystemCoreClock                                   Project/system_py32f002b.o
                                                  Project/py32f002b_ll_rcc.o
                                                  Project/py32f002b_ll_utils.o
SystemCoreClockUpdate                             Project/system_py32f002b.o
SystemInit                                        Project/system_py32f002b.o
                                                  Project/startup_py32f002bxx.o
TIM14_IRQHandler                                  Project/startup_py32f002bxx.o
TIM1_BRK_UP_TRG_COM_IRQHandler                    Project/startup_py32f002bxx.o
TIM1_CC_IRQHandler                                Project/startup_py32f002bxx.o
USART1_IRQHandler                                 Project/startup_py32f002bxx.o
__aeabi_idiv                                      D:/arm-gcc-toolchain/xpack-arm-none-eabi-gcc-14.2.1-1.1/bin/../lib/gcc/arm-none-eabi/14.2.1/thumb/v6-m/nofp\libgcc.a(_divsi3.o)
__aeabi_idiv0                                     D:/arm-gcc-toolchain/xpack-arm-none-eabi-gcc-14.2.1-1.1/bin/../lib/gcc/arm-none-eabi/14.2.1/thumb/v6-m/nofp\libgcc.a(_dvmd_tls.o)
                                                  D:/arm-gcc-toolchain/xpack-arm-none-eabi-gcc-14.2.1-1.1/bin/../lib/gcc/arm-none-eabi/14.2.1/thumb/v6-m/nofp\libgcc.a(_divsi3.o)
                                                  D:/arm-gcc-toolchain/xpack-arm-none-eabi-gcc-14.2.1-1.1/bin/../lib/gcc/arm-none-eabi/14.2.1/thumb/v6-m/nofp\libgcc.a(_udivsi3.o)
__aeabi_idivmod                                   D:/arm-gcc-toolchain/xpack-arm-none-eabi-gcc-14.2.1-1.1/bin/../lib/gcc/arm-none-eabi/14.2.1/thumb/v6-m/nofp\libgcc.a(_divsi3.o)
                                                  Project/main.o
__aeabi_ldiv0                                     D:/arm-gcc-toolchain/xpack-arm-none-eabi-gcc-14.2.1-1.1/bin/../lib/gcc/arm-none-eabi/14.2.1/thumb/v6-m/nofp\libgcc.a(_dvmd_tls.o)
__aeabi_uidiv                                     D:/arm-gcc-toolchain/xpack-arm-none-eabi-gcc-14.2.1-1.1/bin/../lib/gcc/arm-none-eabi/14.2.1/thumb/v6-m/nofp\libgcc.a(_udivsi3.o)
                                                  Project/py32f002b_ll_usart.o
                                                  Project/py32f002b_ll_utils.o
                                                  Project/app.o
__aeabi_uidivmod                                  D:/arm-gcc-toolchain/xpack-arm-none-eabi-gcc-14.2.1-1.1/bin/../lib/gcc/arm-none-eabi/14.2.1/thumb/v6-m/nofp\libgcc.a(_udivsi3.o)
                                                  Project/py32f002b_ll_usart.o
                                                  Project/app.o
__atexit                                          D:/arm-gcc-toolchain/xpack-arm-none-eabi-gcc-14.2.1-1.1/bin/../lib/gcc/arm-none-eabi/14.2.1/../../../../arm-none-eabi/lib/thumb/v6-m/nofp\libc_nano.a(libc_a-__call_atexit.o)
                                                  D:/arm-gcc-toolchain/xpack-arm-none-eabi-gcc-14.2.1-1.1/bin/../lib/gcc/arm-none-eabi/14.2.1/../../../../arm-none-eabi/lib/thumb/v6-m/nofp\libc_nano.a(libc_a-__atexit.o)
__atexit0                                         D:/arm-gcc-toolchain/xpack-arm-none-eabi-gcc-14.2.1-1.1/bin/../lib/gcc/arm-none-eabi/14.2.1/../../../../arm-none-eabi/lib/thumb/v6-m/nofp\libc_nano.a(libc_a-__atexit.o)
__atexit_dummy                                    D:/arm-gcc-toolchain/xpack-arm-none-eabi-gcc-14.2.1-1.1/bin/../lib/gcc/arm-none-eabi/14.2.1/../../../../arm-none-eabi/lib/thumb/v6-m/nofp\libc_nano.a(libc_a-__atexit.o)
__atexit_recursive_mutex                          D:/arm-gcc-toolchain/xpack-arm-none-eabi-gcc-14.2.1-1.1/bin/../lib/gcc/arm-none-eabi/14.2.1/../../../../arm-none-eabi/lib/thumb/v6-m/nofp\libc_nano.a(libc_a-__call_atexit.o)
                                                  D:/arm-gcc-toolchain/xpack-arm-none-eabi-gcc-14.2.1-1.1/bin/../lib/gcc/arm-none-eabi/14.2.1/../../../../arm-none-eabi/lib/thumb/v6-m/nofp\libc_nano.a(libc_a-__atexit.o)
__bss_end__                                       D:/arm-gcc-toolchain/xpack-arm-none-eabi-gcc-14.2.1-1.1/bin/../lib/gcc/arm-none-eabi/14.2.1/../../../../arm-none-eabi/lib/thumb/v6-m/nofp/crt0.o
__bss_start__                                     D:/arm-gcc-toolchain/xpack-arm-none-eabi-gcc-14.2.1-1.1/bin/../lib/gcc/arm-none-eabi/14.2.1/../../../../arm-none-eabi/lib/thumb/v6-m/nofp/crt0.o
__call_exitprocs                                  D:/arm-gcc-toolchain/xpack-arm-none-eabi-gcc-14.2.1-1.1/bin/../lib/gcc/arm-none-eabi/14.2.1/../../../../arm-none-eabi/lib/thumb/v6-m/nofp\libc_nano.a(libc_a-__call_atexit.o)
                                                  D:/arm-gcc-toolchain/xpack-arm-none-eabi-gcc-14.2.1-1.1/bin/../lib/gcc/arm-none-eabi/14.2.1/../../../../arm-none-eabi/lib/thumb/v6-m/nofp\libc_nano.a(libc_a-__atexit.o)
                                                  D:/arm-gcc-toolchain/xpack-arm-none-eabi-gcc-14.2.1-1.1/bin/../lib/gcc/arm-none-eabi/14.2.1/../../../../arm-none-eabi/lib/thumb/v6-m/nofp\libc_nano.a(libc_a-exit.o)
__deregister_frame_info                           D:/arm-gcc-toolchain/xpack-arm-none-eabi-gcc-14.2.1-1.1/bin/../lib/gcc/arm-none-eabi/14.2.1/thumb/v6-m/nofp/crtbegin.o
__divsi3                                          D:/arm-gcc-toolchain/xpack-arm-none-eabi-gcc-14.2.1-1.1/bin/../lib/gcc/arm-none-eabi/14.2.1/thumb/v6-m/nofp\libgcc.a(_divsi3.o)
__dso_handle                                      D:/arm-gcc-toolchain/xpack-arm-none-eabi-gcc-14.2.1-1.1/bin/../lib/gcc/arm-none-eabi/14.2.1/thumb/v6-m/nofp/crtbegin.o
__fini_array_end                                  D:/arm-gcc-toolchain/xpack-arm-none-eabi-gcc-14.2.1-1.1/bin/../lib/gcc/arm-none-eabi/14.2.1/../../../../arm-none-eabi/lib/thumb/v6-m/nofp\libc_nano.a(libc_a-fini.o)
__fini_array_start                                D:/arm-gcc-toolchain/xpack-arm-none-eabi-gcc-14.2.1-1.1/bin/../lib/gcc/arm-none-eabi/14.2.1/../../../../arm-none-eabi/lib/thumb/v6-m/nofp\libc_nano.a(libc_a-fini.o)
__fp_lock_all                                     D:/arm-gcc-toolchain/xpack-arm-none-eabi-gcc-14.2.1-1.1/bin/../lib/gcc/arm-none-eabi/14.2.1/../../../../arm-none-eabi/lib/thumb/v6-m/nofp\libc_nano.a(libc_a-findfp.o)
__fp_unlock_all                                   D:/arm-gcc-toolchain/xpack-arm-none-eabi-gcc-14.2.1-1.1/bin/../lib/gcc/arm-none-eabi/14.2.1/../../../../arm-none-eabi/lib/thumb/v6-m/nofp\libc_nano.a(libc_a-findfp.o)
__init_array_end                                  D:/arm-gcc-toolchain/xpack-arm-none-eabi-gcc-14.2.1-1.1/bin/../lib/gcc/arm-none-eabi/14.2.1/../../../../arm-none-eabi/lib/thumb/v6-m/nofp\libc_nano.a(libc_a-init.o)
__init_array_start                                D:/arm-gcc-toolchain/xpack-arm-none-eabi-gcc-14.2.1-1.1/bin/../lib/gcc/arm-none-eabi/14.2.1/../../../../arm-none-eabi/lib/thumb/v6-m/nofp\libc_nano.a(libc_a-init.o)
__libc_fini_array                                 D:/arm-gcc-toolchain/xpack-arm-none-eabi-gcc-14.2.1-1.1/bin/../lib/gcc/arm-none-eabi/14.2.1/../../../../arm-none-eabi/lib/thumb/v6-m/nofp\libc_nano.a(libc_a-fini.o)
                                                  D:/arm-gcc-toolchain/xpack-arm-none-eabi-gcc-14.2.1-1.1/bin/../lib/gcc/arm-none-eabi/14.2.1/../../../../arm-none-eabi/lib/thumb/v6-m/nofp/crt0.o
__libc_init_array                                 D:/arm-gcc-toolchain/xpack-arm-none-eabi-gcc-14.2.1-1.1/bin/../lib/gcc/arm-none-eabi/14.2.1/../../../../arm-none-eabi/lib/thumb/v6-m/nofp\libc_nano.a(libc_a-init.o)
                                                  Project/startup_py32f002bxx.o
                                                  D:/arm-gcc-toolchain/xpack-arm-none-eabi-gcc-14.2.1-1.1/bin/../lib/gcc/arm-none-eabi/14.2.1/../../../../arm-none-eabi/lib/thumb/v6-m/nofp/crt0.o
__lock___arc4random_mutex                         D:/arm-gcc-toolchain/xpack-arm-none-eabi-gcc-14.2.1-1.1/bin/../lib/gcc/arm-none-eabi/14.2.1/../../../../arm-none-eabi/lib/thumb/v6-m/nofp\libc_nano.a(libc_a-lock.o)
__lock___at_quick_exit_mutex                      D:/arm-gcc-toolchain/xpack-arm-none-eabi-gcc-14.2.1-1.1/bin/../lib/gcc/arm-none-eabi/14.2.1/../../../../arm-none-eabi/lib/thumb/v6-m/nofp\libc_nano.a(libc_a-lock.o)
__lock___atexit_recursive_mutex                   D:/arm-gcc-toolchain/xpack-arm-none-eabi-gcc-14.2.1-1.1/bin/../lib/gcc/arm-none-eabi/14.2.1/../../../../arm-none-eabi/lib/thumb/v6-m/nofp\libc_nano.a(libc_a-lock.o)
                                                  D:/arm-gcc-toolchain/xpack-arm-none-eabi-gcc-14.2.1-1.1/bin/../lib/gcc/arm-none-eabi/14.2.1/../../../../arm-none-eabi/lib/thumb/v6-m/nofp\libc_nano.a(libc_a-__call_atexit.o)
__lock___dd_hash_mutex                            D:/arm-gcc-toolchain/xpack-arm-none-eabi-gcc-14.2.1-1.1/bin/../lib/gcc/arm-none-eabi/14.2.1/../../../../arm-none-eabi/lib/thumb/v6-m/nofp\libc_nano.a(libc_a-lock.o)
__lock___env_recursive_mutex                      D:/arm-gcc-toolchain/xpack-arm-none-eabi-gcc-14.2.1-1.1/bin/../lib/gcc/arm-none-eabi/14.2.1/../../../../arm-none-eabi/lib/thumb/v6-m/nofp\libc_nano.a(libc_a-lock.o)
__lock___malloc_recursive_mutex                   D:/arm-gcc-toolchain/xpack-arm-none-eabi-gcc-14.2.1-1.1/bin/../lib/gcc/arm-none-eabi/14.2.1/../../../../arm-none-eabi/lib/thumb/v6-m/nofp\libc_nano.a(libc_a-lock.o)
                                                  D:/arm-gcc-toolchain/xpack-arm-none-eabi-gcc-14.2.1-1.1/bin/../lib/gcc/arm-none-eabi/14.2.1/../../../../arm-none-eabi/lib/thumb/v6-m/nofp\libc_nano.a(libc_a-mlock.o)
__lock___sfp_recursive_mutex                      D:/arm-gcc-toolchain/xpack-arm-none-eabi-gcc-14.2.1-1.1/bin/../lib/gcc/arm-none-eabi/14.2.1/../../../../arm-none-eabi/lib/thumb/v6-m/nofp\libc_nano.a(libc_a-lock.o)
                                                  D:/arm-gcc-toolchain/xpack-arm-none-eabi-gcc-14.2.1-1.1/bin/../lib/gcc/arm-none-eabi/14.2.1/../../../../arm-none-eabi/lib/thumb/v6-m/nofp\libc_nano.a(libc_a-findfp.o)
__lock___tz_mutex                                 D:/arm-gcc-toolchain/xpack-arm-none-eabi-gcc-14.2.1-1.1/bin/../lib/gcc/arm-none-eabi/14.2.1/../../../../arm-none-eabi/lib/thumb/v6-m/nofp\libc_nano.a(libc_a-lock.o)
__malloc_free_list                                D:/arm-gcc-toolchain/xpack-arm-none-eabi-gcc-14.2.1-1.1/bin/../lib/gcc/arm-none-eabi/14.2.1/../../../../arm-none-eabi/lib/thumb/v6-m/nofp\libc_nano.a(libc_a-mallocr.o)
                                                  D:/arm-gcc-toolchain/xpack-arm-none-eabi-gcc-14.2.1-1.1/bin/../lib/gcc/arm-none-eabi/14.2.1/../../../../arm-none-eabi/lib/thumb/v6-m/nofp\libc_nano.a(libc_a-freer.o)
__malloc_lock                                     D:/arm-gcc-toolchain/xpack-arm-none-eabi-gcc-14.2.1-1.1/bin/../lib/gcc/arm-none-eabi/14.2.1/../../../../arm-none-eabi/lib/thumb/v6-m/nofp\libc_nano.a(libc_a-mlock.o)
                                                  D:/arm-gcc-toolchain/xpack-arm-none-eabi-gcc-14.2.1-1.1/bin/../lib/gcc/arm-none-eabi/14.2.1/../../../../arm-none-eabi/lib/thumb/v6-m/nofp\libc_nano.a(libc_a-mallocr.o)
                                                  D:/arm-gcc-toolchain/xpack-arm-none-eabi-gcc-14.2.1-1.1/bin/../lib/gcc/arm-none-eabi/14.2.1/../../../../arm-none-eabi/lib/thumb/v6-m/nofp\libc_nano.a(libc_a-freer.o)
__malloc_sbrk_start                               D:/arm-gcc-toolchain/xpack-arm-none-eabi-gcc-14.2.1-1.1/bin/../lib/gcc/arm-none-eabi/14.2.1/../../../../arm-none-eabi/lib/thumb/v6-m/nofp\libc_nano.a(libc_a-mallocr.o)
__malloc_unlock                                   D:/arm-gcc-toolchain/xpack-arm-none-eabi-gcc-14.2.1-1.1/bin/../lib/gcc/arm-none-eabi/14.2.1/../../../../arm-none-eabi/lib/thumb/v6-m/nofp\libc_nano.a(libc_a-mlock.o)
                                                  D:/arm-gcc-toolchain/xpack-arm-none-eabi-gcc-14.2.1-1.1/bin/../lib/gcc/arm-none-eabi/14.2.1/../../../../arm-none-eabi/lib/thumb/v6-m/nofp\libc_nano.a(libc_a-mallocr.o)
                                                  D:/arm-gcc-toolchain/xpack-arm-none-eabi-gcc-14.2.1-1.1/bin/../lib/gcc/arm-none-eabi/14.2.1/../../../../arm-none-eabi/lib/thumb/v6-m/nofp\libc_nano.a(libc_a-freer.o)
__on_exit_args                                    D:/arm-gcc-toolchain/xpack-arm-none-eabi-gcc-14.2.1-1.1/bin/../lib/gcc/arm-none-eabi/14.2.1/../../../../arm-none-eabi/lib/thumb/v6-m/nofp\libc_nano.a(libc_a-__atexit.o)
__preinit_array_end                               D:/arm-gcc-toolchain/xpack-arm-none-eabi-gcc-14.2.1-1.1/bin/../lib/gcc/arm-none-eabi/14.2.1/../../../../arm-none-eabi/lib/thumb/v6-m/nofp\libc_nano.a(libc_a-init.o)
__preinit_array_start                             D:/arm-gcc-toolchain/xpack-arm-none-eabi-gcc-14.2.1-1.1/bin/../lib/gcc/arm-none-eabi/14.2.1/../../../../arm-none-eabi/lib/thumb/v6-m/nofp\libc_nano.a(libc_a-init.o)
__register_exitproc                               D:/arm-gcc-toolchain/xpack-arm-none-eabi-gcc-14.2.1-1.1/bin/../lib/gcc/arm-none-eabi/14.2.1/../../../../arm-none-eabi/lib/thumb/v6-m/nofp\libc_nano.a(libc_a-__atexit.o)
                                                  D:/arm-gcc-toolchain/xpack-arm-none-eabi-gcc-14.2.1-1.1/bin/../lib/gcc/arm-none-eabi/14.2.1/../../../../arm-none-eabi/lib/thumb/v6-m/nofp\libc_nano.a(libc_a-atexit.o)
__register_frame_info                             D:/arm-gcc-toolchain/xpack-arm-none-eabi-gcc-14.2.1-1.1/bin/../lib/gcc/arm-none-eabi/14.2.1/thumb/v6-m/nofp/crtbegin.o
__retarget_lock_acquire                           D:/arm-gcc-toolchain/xpack-arm-none-eabi-gcc-14.2.1-1.1/bin/../lib/gcc/arm-none-eabi/14.2.1/../../../../arm-none-eabi/lib/thumb/v6-m/nofp\libc_nano.a(libc_a-lock.o)
__retarget_lock_acquire_recursive                 D:/arm-gcc-toolchain/xpack-arm-none-eabi-gcc-14.2.1-1.1/bin/../lib/gcc/arm-none-eabi/14.2.1/../../../../arm-none-eabi/lib/thumb/v6-m/nofp\libc_nano.a(libc_a-lock.o)
                                                  D:/arm-gcc-toolchain/xpack-arm-none-eabi-gcc-14.2.1-1.1/bin/../lib/gcc/arm-none-eabi/14.2.1/../../../../arm-none-eabi/lib/thumb/v6-m/nofp\libc_nano.a(libc_a-fflush.o)
                                                  D:/arm-gcc-toolchain/xpack-arm-none-eabi-gcc-14.2.1-1.1/bin/../lib/gcc/arm-none-eabi/14.2.1/../../../../arm-none-eabi/lib/thumb/v6-m/nofp\libc_nano.a(libc_a-mlock.o)
                                                  D:/arm-gcc-toolchain/xpack-arm-none-eabi-gcc-14.2.1-1.1/bin/../lib/gcc/arm-none-eabi/14.2.1/../../../../arm-none-eabi/lib/thumb/v6-m/nofp\libc_nano.a(libc_a-__call_atexit.o)
                                                  D:/arm-gcc-toolchain/xpack-arm-none-eabi-gcc-14.2.1-1.1/bin/../lib/gcc/arm-none-eabi/14.2.1/../../../../arm-none-eabi/lib/thumb/v6-m/nofp\libc_nano.a(libc_a-__atexit.o)
                                                  D:/arm-gcc-toolchain/xpack-arm-none-eabi-gcc-14.2.1-1.1/bin/../lib/gcc/arm-none-eabi/14.2.1/../../../../arm-none-eabi/lib/thumb/v6-m/nofp\libc_nano.a(libc_a-findfp.o)
__retarget_lock_close                             D:/arm-gcc-toolchain/xpack-arm-none-eabi-gcc-14.2.1-1.1/bin/../lib/gcc/arm-none-eabi/14.2.1/../../../../arm-none-eabi/lib/thumb/v6-m/nofp\libc_nano.a(libc_a-lock.o)
__retarget_lock_close_recursive                   D:/arm-gcc-toolchain/xpack-arm-none-eabi-gcc-14.2.1-1.1/bin/../lib/gcc/arm-none-eabi/14.2.1/../../../../arm-none-eabi/lib/thumb/v6-m/nofp\libc_nano.a(libc_a-lock.o)
__retarget_lock_init                              D:/arm-gcc-toolchain/xpack-arm-none-eabi-gcc-14.2.1-1.1/bin/../lib/gcc/arm-none-eabi/14.2.1/../../../../arm-none-eabi/lib/thumb/v6-m/nofp\libc_nano.a(libc_a-lock.o)
__retarget_lock_init_recursive                    D:/arm-gcc-toolchain/xpack-arm-none-eabi-gcc-14.2.1-1.1/bin/../lib/gcc/arm-none-eabi/14.2.1/../../../../arm-none-eabi/lib/thumb/v6-m/nofp\libc_nano.a(libc_a-lock.o)
                                                  D:/arm-gcc-toolchain/xpack-arm-none-eabi-gcc-14.2.1-1.1/bin/../lib/gcc/arm-none-eabi/14.2.1/../../../../arm-none-eabi/lib/thumb/v6-m/nofp\libc_nano.a(libc_a-findfp.o)
__retarget_lock_release                           D:/arm-gcc-toolchain/xpack-arm-none-eabi-gcc-14.2.1-1.1/bin/../lib/gcc/arm-none-eabi/14.2.1/../../../../arm-none-eabi/lib/thumb/v6-m/nofp\libc_nano.a(libc_a-lock.o)
__retarget_lock_release_recursive                 D:/arm-gcc-toolchain/xpack-arm-none-eabi-gcc-14.2.1-1.1/bin/../lib/gcc/arm-none-eabi/14.2.1/../../../../arm-none-eabi/lib/thumb/v6-m/nofp\libc_nano.a(libc_a-lock.o)
                                                  D:/arm-gcc-toolchain/xpack-arm-none-eabi-gcc-14.2.1-1.1/bin/../lib/gcc/arm-none-eabi/14.2.1/../../../../arm-none-eabi/lib/thumb/v6-m/nofp\libc_nano.a(libc_a-fflush.o)
                                                  D:/arm-gcc-toolchain/xpack-arm-none-eabi-gcc-14.2.1-1.1/bin/../lib/gcc/arm-none-eabi/14.2.1/../../../../arm-none-eabi/lib/thumb/v6-m/nofp\libc_nano.a(libc_a-mlock.o)
                                                  D:/arm-gcc-toolchain/xpack-arm-none-eabi-gcc-14.2.1-1.1/bin/../lib/gcc/arm-none-eabi/14.2.1/../../../../arm-none-eabi/lib/thumb/v6-m/nofp\libc_nano.a(libc_a-__call_atexit.o)
                                                  D:/arm-gcc-toolchain/xpack-arm-none-eabi-gcc-14.2.1-1.1/bin/../lib/gcc/arm-none-eabi/14.2.1/../../../../arm-none-eabi/lib/thumb/v6-m/nofp\libc_nano.a(libc_a-__atexit.o)
                                                  D:/arm-gcc-toolchain/xpack-arm-none-eabi-gcc-14.2.1-1.1/bin/../lib/gcc/arm-none-eabi/14.2.1/../../../../arm-none-eabi/lib/thumb/v6-m/nofp\libc_nano.a(libc_a-findfp.o)
__retarget_lock_try_acquire                       D:/arm-gcc-toolchain/xpack-arm-none-eabi-gcc-14.2.1-1.1/bin/../lib/gcc/arm-none-eabi/14.2.1/../../../../arm-none-eabi/lib/thumb/v6-m/nofp\libc_nano.a(libc_a-lock.o)
__retarget_lock_try_acquire_recursive             D:/arm-gcc-toolchain/xpack-arm-none-eabi-gcc-14.2.1-1.1/bin/../lib/gcc/arm-none-eabi/14.2.1/../../../../arm-none-eabi/lib/thumb/v6-m/nofp\libc_nano.a(libc_a-lock.o)
__sclose                                          D:/arm-gcc-toolchain/xpack-arm-none-eabi-gcc-14.2.1-1.1/bin/../lib/gcc/arm-none-eabi/14.2.1/../../../../arm-none-eabi/lib/thumb/v6-m/nofp\libc_nano.a(libc_a-stdio.o)
                                                  D:/arm-gcc-toolchain/xpack-arm-none-eabi-gcc-14.2.1-1.1/bin/../lib/gcc/arm-none-eabi/14.2.1/../../../../arm-none-eabi/lib/thumb/v6-m/nofp\libc_nano.a(libc_a-findfp.o)
__seofread                                        D:/arm-gcc-toolchain/xpack-arm-none-eabi-gcc-14.2.1-1.1/bin/../lib/gcc/arm-none-eabi/14.2.1/../../../../arm-none-eabi/lib/thumb/v6-m/nofp\libc_nano.a(libc_a-stdio.o)
__sf                                              D:/arm-gcc-toolchain/xpack-arm-none-eabi-gcc-14.2.1-1.1/bin/../lib/gcc/arm-none-eabi/14.2.1/../../../../arm-none-eabi/lib/thumb/v6-m/nofp\libc_nano.a(libc_a-findfp.o)
                                                  D:/arm-gcc-toolchain/xpack-arm-none-eabi-gcc-14.2.1-1.1/bin/../lib/gcc/arm-none-eabi/14.2.1/../../../../arm-none-eabi/lib/thumb/v6-m/nofp\libc_nano.a(libc_a-impure.o)
__sflush_r                                        D:/arm-gcc-toolchain/xpack-arm-none-eabi-gcc-14.2.1-1.1/bin/../lib/gcc/arm-none-eabi/14.2.1/../../../../arm-none-eabi/lib/thumb/v6-m/nofp\libc_nano.a(libc_a-fflush.o)
__sfp                                             D:/arm-gcc-toolchain/xpack-arm-none-eabi-gcc-14.2.1-1.1/bin/../lib/gcc/arm-none-eabi/14.2.1/../../../../arm-none-eabi/lib/thumb/v6-m/nofp\libc_nano.a(libc_a-findfp.o)
__sfp_lock_acquire                                D:/arm-gcc-toolchain/xpack-arm-none-eabi-gcc-14.2.1-1.1/bin/../lib/gcc/arm-none-eabi/14.2.1/../../../../arm-none-eabi/lib/thumb/v6-m/nofp\libc_nano.a(libc_a-findfp.o)
__sfp_lock_release                                D:/arm-gcc-toolchain/xpack-arm-none-eabi-gcc-14.2.1-1.1/bin/../lib/gcc/arm-none-eabi/14.2.1/../../../../arm-none-eabi/lib/thumb/v6-m/nofp\libc_nano.a(libc_a-findfp.o)
__sglue                                           D:/arm-gcc-toolchain/xpack-arm-none-eabi-gcc-14.2.1-1.1/bin/../lib/gcc/arm-none-eabi/14.2.1/../../../../arm-none-eabi/lib/thumb/v6-m/nofp\libc_nano.a(libc_a-findfp.o)
                                                  D:/arm-gcc-toolchain/xpack-arm-none-eabi-gcc-14.2.1-1.1/bin/../lib/gcc/arm-none-eabi/14.2.1/../../../../arm-none-eabi/lib/thumb/v6-m/nofp\libc_nano.a(libc_a-fflush.o)
__sinit                                           D:/arm-gcc-toolchain/xpack-arm-none-eabi-gcc-14.2.1-1.1/bin/../lib/gcc/arm-none-eabi/14.2.1/../../../../arm-none-eabi/lib/thumb/v6-m/nofp\libc_nano.a(libc_a-findfp.o)
                                                  D:/arm-gcc-toolchain/xpack-arm-none-eabi-gcc-14.2.1-1.1/bin/../lib/gcc/arm-none-eabi/14.2.1/../../../../arm-none-eabi/lib/thumb/v6-m/nofp\libc_nano.a(libc_a-fflush.o)
__sread                                           D:/arm-gcc-toolchain/xpack-arm-none-eabi-gcc-14.2.1-1.1/bin/../lib/gcc/arm-none-eabi/14.2.1/../../../../arm-none-eabi/lib/thumb/v6-m/nofp\libc_nano.a(libc_a-stdio.o)
                                                  D:/arm-gcc-toolchain/xpack-arm-none-eabi-gcc-14.2.1-1.1/bin/../lib/gcc/arm-none-eabi/14.2.1/../../../../arm-none-eabi/lib/thumb/v6-m/nofp\libc_nano.a(libc_a-findfp.o)
__sseek                                           D:/arm-gcc-toolchain/xpack-arm-none-eabi-gcc-14.2.1-1.1/bin/../lib/gcc/arm-none-eabi/14.2.1/../../../../arm-none-eabi/lib/thumb/v6-m/nofp\libc_nano.a(libc_a-stdio.o)
                                                  D:/arm-gcc-toolchain/xpack-arm-none-eabi-gcc-14.2.1-1.1/bin/../lib/gcc/arm-none-eabi/14.2.1/../../../../arm-none-eabi/lib/thumb/v6-m/nofp\libc_nano.a(libc_a-findfp.o)
__stack                                           D:/arm-gcc-toolchain/xpack-arm-none-eabi-gcc-14.2.1-1.1/bin/../lib/gcc/arm-none-eabi/14.2.1/../../../../arm-none-eabi/lib/thumb/v6-m/nofp/crt0.o
__stdio_exit_handler                              D:/arm-gcc-toolchain/xpack-arm-none-eabi-gcc-14.2.1-1.1/bin/../lib/gcc/arm-none-eabi/14.2.1/../../../../arm-none-eabi/lib/thumb/v6-m/nofp\libc_nano.a(libc_a-findfp.o)
                                                  D:/arm-gcc-toolchain/xpack-arm-none-eabi-gcc-14.2.1-1.1/bin/../lib/gcc/arm-none-eabi/14.2.1/../../../../arm-none-eabi/lib/thumb/v6-m/nofp\libc_nano.a(libc_a-exit.o)
__swrite                                          D:/arm-gcc-toolchain/xpack-arm-none-eabi-gcc-14.2.1-1.1/bin/../lib/gcc/arm-none-eabi/14.2.1/../../../../arm-none-eabi/lib/thumb/v6-m/nofp\libc_nano.a(libc_a-stdio.o)
                                                  D:/arm-gcc-toolchain/xpack-arm-none-eabi-gcc-14.2.1-1.1/bin/../lib/gcc/arm-none-eabi/14.2.1/../../../../arm-none-eabi/lib/thumb/v6-m/nofp\libc_nano.a(libc_a-findfp.o)
__udivsi3                                         D:/arm-gcc-toolchain/xpack-arm-none-eabi-gcc-14.2.1-1.1/bin/../lib/gcc/arm-none-eabi/14.2.1/thumb/v6-m/nofp\libgcc.a(_udivsi3.o)
_close                                            D:/arm-gcc-toolchain/xpack-arm-none-eabi-gcc-14.2.1-1.1/bin/../lib/gcc/arm-none-eabi/14.2.1/../../../../arm-none-eabi/lib/thumb/v6-m/nofp\libnosys.a(close.o)
                                                  D:/arm-gcc-toolchain/xpack-arm-none-eabi-gcc-14.2.1-1.1/bin/../lib/gcc/arm-none-eabi/14.2.1/../../../../arm-none-eabi/lib/thumb/v6-m/nofp\libc_nano.a(libc_a-closer.o)
_close_r                                          D:/arm-gcc-toolchain/xpack-arm-none-eabi-gcc-14.2.1-1.1/bin/../lib/gcc/arm-none-eabi/14.2.1/../../../../arm-none-eabi/lib/thumb/v6-m/nofp\libc_nano.a(libc_a-closer.o)
                                                  D:/arm-gcc-toolchain/xpack-arm-none-eabi-gcc-14.2.1-1.1/bin/../lib/gcc/arm-none-eabi/14.2.1/../../../../arm-none-eabi/lib/thumb/v6-m/nofp\libc_nano.a(libc_a-stdio.o)
_ebss                                             Project/startup_py32f002bxx.o
_edata                                            Project/startup_py32f002bxx.o
_estack                                           Project/startup_py32f002bxx.o
_exit                                             D:/arm-gcc-toolchain/xpack-arm-none-eabi-gcc-14.2.1-1.1/bin/../lib/gcc/arm-none-eabi/14.2.1/../../../../arm-none-eabi/lib/thumb/v6-m/nofp\libnosys.a(_exit.o)
                                                  D:/arm-gcc-toolchain/xpack-arm-none-eabi-gcc-14.2.1-1.1/bin/../lib/gcc/arm-none-eabi/14.2.1/../../../../arm-none-eabi/lib/thumb/v6-m/nofp\libc_nano.a(libc_a-exit.o)
_fflush_r                                         D:/arm-gcc-toolchain/xpack-arm-none-eabi-gcc-14.2.1-1.1/bin/../lib/gcc/arm-none-eabi/14.2.1/../../../../arm-none-eabi/lib/thumb/v6-m/nofp\libc_nano.a(libc_a-fflush.o)
                                                  D:/arm-gcc-toolchain/xpack-arm-none-eabi-gcc-14.2.1-1.1/bin/../lib/gcc/arm-none-eabi/14.2.1/../../../../arm-none-eabi/lib/thumb/v6-m/nofp\libc_nano.a(libc_a-findfp.o)
_fini                                             D:/arm-gcc-toolchain/xpack-arm-none-eabi-gcc-14.2.1-1.1/bin/../lib/gcc/arm-none-eabi/14.2.1/thumb/v6-m/nofp/crti.o
                                                  D:/arm-gcc-toolchain/xpack-arm-none-eabi-gcc-14.2.1-1.1/bin/../lib/gcc/arm-none-eabi/14.2.1/../../../../arm-none-eabi/lib/thumb/v6-m/nofp\libc_nano.a(libc_a-fini.o)
_free_r                                           D:/arm-gcc-toolchain/xpack-arm-none-eabi-gcc-14.2.1-1.1/bin/../lib/gcc/arm-none-eabi/14.2.1/../../../../arm-none-eabi/lib/thumb/v6-m/nofp\libc_nano.a(libc_a-freer.o)
                                                  D:/arm-gcc-toolchain/xpack-arm-none-eabi-gcc-14.2.1-1.1/bin/../lib/gcc/arm-none-eabi/14.2.1/../../../../arm-none-eabi/lib/thumb/v6-m/nofp\libc_nano.a(libc_a-fflush.o)
                                                  D:/arm-gcc-toolchain/xpack-arm-none-eabi-gcc-14.2.1-1.1/bin/../lib/gcc/arm-none-eabi/14.2.1/../../../../arm-none-eabi/lib/thumb/v6-m/nofp\libc_nano.a(libc_a-reent.o)
_fwalk_sglue                                      D:/arm-gcc-toolchain/xpack-arm-none-eabi-gcc-14.2.1-1.1/bin/../lib/gcc/arm-none-eabi/14.2.1/../../../../arm-none-eabi/lib/thumb/v6-m/nofp\libc_nano.a(libc_a-fwalk.o)
                                                  D:/arm-gcc-toolchain/xpack-arm-none-eabi-gcc-14.2.1-1.1/bin/../lib/gcc/arm-none-eabi/14.2.1/../../../../arm-none-eabi/lib/thumb/v6-m/nofp\libc_nano.a(libc_a-fflush.o)
                                                  D:/arm-gcc-toolchain/xpack-arm-none-eabi-gcc-14.2.1-1.1/bin/../lib/gcc/arm-none-eabi/14.2.1/../../../../arm-none-eabi/lib/thumb/v6-m/nofp\libc_nano.a(libc_a-findfp.o)
_impure_data                                      D:/arm-gcc-toolchain/xpack-arm-none-eabi-gcc-14.2.1-1.1/bin/../lib/gcc/arm-none-eabi/14.2.1/../../../../arm-none-eabi/lib/thumb/v6-m/nofp\libc_nano.a(libc_a-impure.o)
                                                  D:/arm-gcc-toolchain/xpack-arm-none-eabi-gcc-14.2.1-1.1/bin/../lib/gcc/arm-none-eabi/14.2.1/../../../../arm-none-eabi/lib/thumb/v6-m/nofp\libc_nano.a(libc_a-fflush.o)
                                                  D:/arm-gcc-toolchain/xpack-arm-none-eabi-gcc-14.2.1-1.1/bin/../lib/gcc/arm-none-eabi/14.2.1/../../../../arm-none-eabi/lib/thumb/v6-m/nofp\libc_nano.a(libc_a-findfp.o)
_impure_ptr                                       D:/arm-gcc-toolchain/xpack-arm-none-eabi-gcc-14.2.1-1.1/bin/../lib/gcc/arm-none-eabi/14.2.1/../../../../arm-none-eabi/lib/thumb/v6-m/nofp\libc_nano.a(libc_a-impure.o)
                                                  D:/arm-gcc-toolchain/xpack-arm-none-eabi-gcc-14.2.1-1.1/bin/../lib/gcc/arm-none-eabi/14.2.1/../../../../arm-none-eabi/lib/thumb/v6-m/nofp\libc_nano.a(libc_a-fflush.o)
                                                  D:/arm-gcc-toolchain/xpack-arm-none-eabi-gcc-14.2.1-1.1/bin/../lib/gcc/arm-none-eabi/14.2.1/../../../../arm-none-eabi/lib/thumb/v6-m/nofp\libc_nano.a(libc_a-reent.o)
_init                                             D:/arm-gcc-toolchain/xpack-arm-none-eabi-gcc-14.2.1-1.1/bin/../lib/gcc/arm-none-eabi/14.2.1/thumb/v6-m/nofp/crti.o
                                                  D:/arm-gcc-toolchain/xpack-arm-none-eabi-gcc-14.2.1-1.1/bin/../lib/gcc/arm-none-eabi/14.2.1/../../../../arm-none-eabi/lib/thumb/v6-m/nofp\libc_nano.a(libc_a-init.o)
_lseek                                            D:/arm-gcc-toolchain/xpack-arm-none-eabi-gcc-14.2.1-1.1/bin/../lib/gcc/arm-none-eabi/14.2.1/../../../../arm-none-eabi/lib/thumb/v6-m/nofp\libnosys.a(lseek.o)
                                                  D:/arm-gcc-toolchain/xpack-arm-none-eabi-gcc-14.2.1-1.1/bin/../lib/gcc/arm-none-eabi/14.2.1/../../../../arm-none-eabi/lib/thumb/v6-m/nofp\libc_nano.a(libc_a-lseekr.o)
_lseek_r                                          D:/arm-gcc-toolchain/xpack-arm-none-eabi-gcc-14.2.1-1.1/bin/../lib/gcc/arm-none-eabi/14.2.1/../../../../arm-none-eabi/lib/thumb/v6-m/nofp\libc_nano.a(libc_a-lseekr.o)
                                                  D:/arm-gcc-toolchain/xpack-arm-none-eabi-gcc-14.2.1-1.1/bin/../lib/gcc/arm-none-eabi/14.2.1/../../../../arm-none-eabi/lib/thumb/v6-m/nofp\libc_nano.a(libc_a-stdio.o)
_mainCRTStartup                                   D:/arm-gcc-toolchain/xpack-arm-none-eabi-gcc-14.2.1-1.1/bin/../lib/gcc/arm-none-eabi/14.2.1/../../../../arm-none-eabi/lib/thumb/v6-m/nofp/crt0.o
_malloc_r                                         D:/arm-gcc-toolchain/xpack-arm-none-eabi-gcc-14.2.1-1.1/bin/../lib/gcc/arm-none-eabi/14.2.1/../../../../arm-none-eabi/lib/thumb/v6-m/nofp\libc_nano.a(libc_a-mallocr.o)
                                                  D:/arm-gcc-toolchain/xpack-arm-none-eabi-gcc-14.2.1-1.1/bin/../lib/gcc/arm-none-eabi/14.2.1/../../../../arm-none-eabi/lib/thumb/v6-m/nofp\libc_nano.a(libc_a-findfp.o)
_read                                             D:/arm-gcc-toolchain/xpack-arm-none-eabi-gcc-14.2.1-1.1/bin/../lib/gcc/arm-none-eabi/14.2.1/../../../../arm-none-eabi/lib/thumb/v6-m/nofp\libnosys.a(read.o)
                                                  D:/arm-gcc-toolchain/xpack-arm-none-eabi-gcc-14.2.1-1.1/bin/../lib/gcc/arm-none-eabi/14.2.1/../../../../arm-none-eabi/lib/thumb/v6-m/nofp\libc_nano.a(libc_a-readr.o)
_read_r                                           D:/arm-gcc-toolchain/xpack-arm-none-eabi-gcc-14.2.1-1.1/bin/../lib/gcc/arm-none-eabi/14.2.1/../../../../arm-none-eabi/lib/thumb/v6-m/nofp\libc_nano.a(libc_a-readr.o)
                                                  D:/arm-gcc-toolchain/xpack-arm-none-eabi-gcc-14.2.1-1.1/bin/../lib/gcc/arm-none-eabi/14.2.1/../../../../arm-none-eabi/lib/thumb/v6-m/nofp\libc_nano.a(libc_a-stdio.o)
_reclaim_reent                                    D:/arm-gcc-toolchain/xpack-arm-none-eabi-gcc-14.2.1-1.1/bin/../lib/gcc/arm-none-eabi/14.2.1/../../../../arm-none-eabi/lib/thumb/v6-m/nofp\libc_nano.a(libc_a-reent.o)
_sbrk                                             D:/arm-gcc-toolchain/xpack-arm-none-eabi-gcc-14.2.1-1.1/bin/../lib/gcc/arm-none-eabi/14.2.1/../../../../arm-none-eabi/lib/thumb/v6-m/nofp\libnosys.a(sbrk.o)
                                                  D:/arm-gcc-toolchain/xpack-arm-none-eabi-gcc-14.2.1-1.1/bin/../lib/gcc/arm-none-eabi/14.2.1/../../../../arm-none-eabi/lib/thumb/v6-m/nofp\libc_nano.a(libc_a-sbrkr.o)
_sbrk_r                                           D:/arm-gcc-toolchain/xpack-arm-none-eabi-gcc-14.2.1-1.1/bin/../lib/gcc/arm-none-eabi/14.2.1/../../../../arm-none-eabi/lib/thumb/v6-m/nofp\libc_nano.a(libc_a-sbrkr.o)
                                                  D:/arm-gcc-toolchain/xpack-arm-none-eabi-gcc-14.2.1-1.1/bin/../lib/gcc/arm-none-eabi/14.2.1/../../../../arm-none-eabi/lib/thumb/v6-m/nofp\libc_nano.a(libc_a-mallocr.o)
_sbss                                             Project/startup_py32f002bxx.o
_sdata                                            Project/startup_py32f002bxx.o
_sidata                                           Project/startup_py32f002bxx.o
_stack_init                                       D:/arm-gcc-toolchain/xpack-arm-none-eabi-gcc-14.2.1-1.1/bin/../lib/gcc/arm-none-eabi/14.2.1/../../../../arm-none-eabi/lib/thumb/v6-m/nofp/crt0.o
_start                                            D:/arm-gcc-toolchain/xpack-arm-none-eabi-gcc-14.2.1-1.1/bin/../lib/gcc/arm-none-eabi/14.2.1/../../../../arm-none-eabi/lib/thumb/v6-m/nofp/crt0.o
_write                                            D:/arm-gcc-toolchain/xpack-arm-none-eabi-gcc-14.2.1-1.1/bin/../lib/gcc/arm-none-eabi/14.2.1/../../../../arm-none-eabi/lib/thumb/v6-m/nofp\libnosys.a(write.o)
                                                  D:/arm-gcc-toolchain/xpack-arm-none-eabi-gcc-14.2.1-1.1/bin/../lib/gcc/arm-none-eabi/14.2.1/../../../../arm-none-eabi/lib/thumb/v6-m/nofp\libc_nano.a(libc_a-writer.o)
_write_r                                          D:/arm-gcc-toolchain/xpack-arm-none-eabi-gcc-14.2.1-1.1/bin/../lib/gcc/arm-none-eabi/14.2.1/../../../../arm-none-eabi/lib/thumb/v6-m/nofp\libc_nano.a(libc_a-writer.o)
                                                  D:/arm-gcc-toolchain/xpack-arm-none-eabi-gcc-14.2.1-1.1/bin/../lib/gcc/arm-none-eabi/14.2.1/../../../../arm-none-eabi/lib/thumb/v6-m/nofp\libc_nano.a(libc_a-stdio.o)
atexit                                            D:/arm-gcc-toolchain/xpack-arm-none-eabi-gcc-14.2.1-1.1/bin/../lib/gcc/arm-none-eabi/14.2.1/../../../../arm-none-eabi/lib/thumb/v6-m/nofp\libc_nano.a(libc_a-atexit.o)
                                                  D:/arm-gcc-toolchain/xpack-arm-none-eabi-gcc-14.2.1-1.1/bin/../lib/gcc/arm-none-eabi/14.2.1/../../../../arm-none-eabi/lib/thumb/v6-m/nofp/crt0.o
end                                               D:/arm-gcc-toolchain/xpack-arm-none-eabi-gcc-14.2.1-1.1/bin/../lib/gcc/arm-none-eabi/14.2.1/../../../../arm-none-eabi/lib/thumb/v6-m/nofp\libnosys.a(sbrk.o)
errno                                             D:/arm-gcc-toolchain/xpack-arm-none-eabi-gcc-14.2.1-1.1/bin/../lib/gcc/arm-none-eabi/14.2.1/../../../../arm-none-eabi/lib/thumb/v6-m/nofp\libc_nano.a(libc_a-reent.o)
                                                  D:/arm-gcc-toolchain/xpack-arm-none-eabi-gcc-14.2.1-1.1/bin/../lib/gcc/arm-none-eabi/14.2.1/../../../../arm-none-eabi/lib/thumb/v6-m/nofp\libnosys.a(write.o)
                                                  D:/arm-gcc-toolchain/xpack-arm-none-eabi-gcc-14.2.1-1.1/bin/../lib/gcc/arm-none-eabi/14.2.1/../../../../arm-none-eabi/lib/thumb/v6-m/nofp\libnosys.a(read.o)
                                                  D:/arm-gcc-toolchain/xpack-arm-none-eabi-gcc-14.2.1-1.1/bin/../lib/gcc/arm-none-eabi/14.2.1/../../../../arm-none-eabi/lib/thumb/v6-m/nofp\libnosys.a(lseek.o)
                                                  D:/arm-gcc-toolchain/xpack-arm-none-eabi-gcc-14.2.1-1.1/bin/../lib/gcc/arm-none-eabi/14.2.1/../../../../arm-none-eabi/lib/thumb/v6-m/nofp\libnosys.a(close.o)
                                                  D:/arm-gcc-toolchain/xpack-arm-none-eabi-gcc-14.2.1-1.1/bin/../lib/gcc/arm-none-eabi/14.2.1/../../../../arm-none-eabi/lib/thumb/v6-m/nofp\libc_nano.a(libc_a-sbrkr.o)
                                                  D:/arm-gcc-toolchain/xpack-arm-none-eabi-gcc-14.2.1-1.1/bin/../lib/gcc/arm-none-eabi/14.2.1/../../../../arm-none-eabi/lib/thumb/v6-m/nofp\libc_nano.a(libc_a-writer.o)
                                                  D:/arm-gcc-toolchain/xpack-arm-none-eabi-gcc-14.2.1-1.1/bin/../lib/gcc/arm-none-eabi/14.2.1/../../../../arm-none-eabi/lib/thumb/v6-m/nofp\libc_nano.a(libc_a-readr.o)
                                                  D:/arm-gcc-toolchain/xpack-arm-none-eabi-gcc-14.2.1-1.1/bin/../lib/gcc/arm-none-eabi/14.2.1/../../../../arm-none-eabi/lib/thumb/v6-m/nofp\libc_nano.a(libc_a-lseekr.o)
                                                  D:/arm-gcc-toolchain/xpack-arm-none-eabi-gcc-14.2.1-1.1/bin/../lib/gcc/arm-none-eabi/14.2.1/../../../../arm-none-eabi/lib/thumb/v6-m/nofp\libc_nano.a(libc_a-closer.o)
exit                                              D:/arm-gcc-toolchain/xpack-arm-none-eabi-gcc-14.2.1-1.1/bin/../lib/gcc/arm-none-eabi/14.2.1/../../../../arm-none-eabi/lib/thumb/v6-m/nofp\libc_nano.a(libc_a-exit.o)
                                                  D:/arm-gcc-toolchain/xpack-arm-none-eabi-gcc-14.2.1-1.1/bin/../lib/gcc/arm-none-eabi/14.2.1/../../../../arm-none-eabi/lib/thumb/v6-m/nofp/crt0.o
fflush                                            D:/arm-gcc-toolchain/xpack-arm-none-eabi-gcc-14.2.1-1.1/bin/../lib/gcc/arm-none-eabi/14.2.1/../../../../arm-none-eabi/lib/thumb/v6-m/nofp\libc_nano.a(libc_a-fflush.o)
g_AppState                                        Project/app.o
g_KeyState                                        Project/key.o
                                                  Project/app.o
g_pfnVectors                                      Project/startup_py32f002bxx.o
hardware_init_hook                                D:/arm-gcc-toolchain/xpack-arm-none-eabi-gcc-14.2.1-1.1/bin/../lib/gcc/arm-none-eabi/14.2.1/../../../../arm-none-eabi/lib/thumb/v6-m/nofp/crt0.o
main                                              Project/main.o
                                                  Project/startup_py32f002bxx.o
                                                  D:/arm-gcc-toolchain/xpack-arm-none-eabi-gcc-14.2.1-1.1/bin/../lib/gcc/arm-none-eabi/14.2.1/../../../../arm-none-eabi/lib/thumb/v6-m/nofp/crt0.o
malloc                                            D:/arm-gcc-toolchain/xpack-arm-none-eabi-gcc-14.2.1-1.1/bin/../lib/gcc/arm-none-eabi/14.2.1/../../../../arm-none-eabi/lib/thumb/v6-m/nofp\libc_nano.a(libc_a-__atexit.o)
memset                                            D:/arm-gcc-toolchain/xpack-arm-none-eabi-gcc-14.2.1-1.1/bin/../lib/gcc/arm-none-eabi/14.2.1/../../../../arm-none-eabi/lib/thumb/v6-m/nofp\libc_nano.a(libc_a-memset.o)
                                                  D:/arm-gcc-toolchain/xpack-arm-none-eabi-gcc-14.2.1-1.1/bin/../lib/gcc/arm-none-eabi/14.2.1/../../../../arm-none-eabi/lib/thumb/v6-m/nofp\libc_nano.a(libc_a-findfp.o)
                                                  Project/debug.o
                                                  Project/seg.o
                                                  D:/arm-gcc-toolchain/xpack-arm-none-eabi-gcc-14.2.1-1.1/bin/../lib/gcc/arm-none-eabi/14.2.1/../../../../arm-none-eabi/lib/thumb/v6-m/nofp/crt0.o
software_init_hook                                D:/arm-gcc-toolchain/xpack-arm-none-eabi-gcc-14.2.1-1.1/bin/../lib/gcc/arm-none-eabi/14.2.1/../../../../arm-none-eabi/lib/thumb/v6-m/nofp/crt0.o
