<!doctype html public "-//w3c//dtd html 4.0 transitional//en">
<html><head>
<title>Static Call Graph - [.\Objects\Project.axf]</title></head>
<body><HR>
<H1>Static Call Graph for image .\Objects\Project.axf</H1><HR>
<BR><P>#&#060CALLGRAPH&#062# ARM Linker, 5060750: Last Updated: Wed Sep 16 23:04:53 2026
<BR><P>
<H3>Maximum Stack Usage =        288 bytes + Unknown(Cycles, Untraceable Function Pointers)</H3><H3>
Call chain for Maximum Stack Depth:</H3>
main &rArr; display_control_scan &rArr; uart_command_toggle_pump &rArr; uart_command_start_pump &rArr; uart_control_request &rArr; uart_protocol_send &rArr; uart_halfduplex_send &rArr; HAL_UART_Transmit &rArr; UART_WaitOnFlagUntilTimeout
<P>
<H3>
Mutually Recursive functions
</H3> <LI><a href="#[b]">ADC_COMP_IRQHandler</a>&nbsp;&nbsp;&nbsp;&rArr;&nbsp;&nbsp;&nbsp;<a href="#[b]">ADC_COMP_IRQHandler</a><BR>
</UL>
<P>
<H3>
Function Pointers
</H3><UL>
 <LI><a href="#[b]">ADC_COMP_IRQHandler</a> from startup_py32f002bxx.o(.text) referenced from startup_py32f002bxx.o(RESET)
 <LI><a href="#[8]">EXTI0_1_IRQHandler</a> from startup_py32f002bxx.o(.text) referenced from startup_py32f002bxx.o(RESET)
 <LI><a href="#[9]">EXTI2_3_IRQHandler</a> from startup_py32f002bxx.o(.text) referenced from startup_py32f002bxx.o(RESET)
 <LI><a href="#[a]">EXTI4_15_IRQHandler</a> from startup_py32f002bxx.o(.text) referenced from startup_py32f002bxx.o(RESET)
 <LI><a href="#[6]">FLASH_IRQHandler</a> from startup_py32f002bxx.o(.text) referenced from startup_py32f002bxx.o(RESET)
 <LI><a href="#[2]">HardFault_Handler</a> from py32f002b_it.o(i.HardFault_Handler) referenced from startup_py32f002bxx.o(RESET)
 <LI><a href="#[10]">I2C1_IRQHandler</a> from startup_py32f002bxx.o(.text) referenced from startup_py32f002bxx.o(RESET)
 <LI><a href="#[e]">LPTIM1_IRQHandler</a> from startup_py32f002bxx.o(.text) referenced from startup_py32f002bxx.o(RESET)
 <LI><a href="#[1]">NMI_Handler</a> from py32f002b_it.o(i.NMI_Handler) referenced from startup_py32f002bxx.o(RESET)
 <LI><a href="#[4]">PendSV_Handler</a> from py32f002b_it.o(i.PendSV_Handler) referenced from startup_py32f002bxx.o(RESET)
 <LI><a href="#[7]">RCC_IRQHandler</a> from startup_py32f002bxx.o(.text) referenced from startup_py32f002bxx.o(RESET)
 <LI><a href="#[0]">Reset_Handler</a> from startup_py32f002bxx.o(.text) referenced from startup_py32f002bxx.o(RESET)
 <LI><a href="#[11]">SPI1_IRQHandler</a> from startup_py32f002bxx.o(.text) referenced from startup_py32f002bxx.o(RESET)
 <LI><a href="#[3]">SVC_Handler</a> from py32f002b_it.o(i.SVC_Handler) referenced from startup_py32f002bxx.o(RESET)
 <LI><a href="#[5]">SysTick_Handler</a> from py32f002b_it.o(i.SysTick_Handler) referenced from startup_py32f002bxx.o(RESET)
 <LI><a href="#[14]">SystemInit</a> from system_py32f002b.o(i.SystemInit) referenced from startup_py32f002bxx.o(.text)
 <LI><a href="#[f]">TIM14_IRQHandler</a> from startup_py32f002bxx.o(.text) referenced from startup_py32f002bxx.o(RESET)
 <LI><a href="#[c]">TIM1_BRK_UP_TRG_COM_IRQHandler</a> from startup_py32f002bxx.o(.text) referenced from startup_py32f002bxx.o(RESET)
 <LI><a href="#[d]">TIM1_CC_IRQHandler</a> from startup_py32f002bxx.o(.text) referenced from startup_py32f002bxx.o(RESET)
 <LI><a href="#[12]">USART1_IRQHandler</a> from py32f002b_it.o(i.USART1_IRQHandler) referenced from startup_py32f002bxx.o(RESET)
 <LI><a href="#[15]">__main</a> from entry.o(.ARM.Collect$$$$00000000) referenced from startup_py32f002bxx.o(.text)
 <LI><a href="#[13]">main</a> from main.o(i.main) referenced from entry9a.o(.ARM.Collect$$$$0000000B)
</UL>
<P>
<H3>
Global Symbols
</H3>
<P><STRONG><a name="[15]"></a>__main</STRONG> (Thumb, 0 bytes, Stack size unknown bytes, entry.o(.ARM.Collect$$$$00000000))
<BR>[Address Reference Count : 1]<UL><LI> startup_py32f002bxx.o(.text)
</UL>
<P><STRONG><a name="[af]"></a>_main_stk</STRONG> (Thumb, 0 bytes, Stack size unknown bytes, entry2.o(.ARM.Collect$$$$00000001))

<P><STRONG><a name="[16]"></a>_main_scatterload</STRONG> (Thumb, 0 bytes, Stack size unknown bytes, entry5.o(.ARM.Collect$$$$00000004))
<BR><BR>[Calls]<UL><LI><a href="#[17]">&gt;&gt;</a>&nbsp;&nbsp;&nbsp;__scatterload
</UL>

<P><STRONG><a name="[1e]"></a>__main_after_scatterload</STRONG> (Thumb, 0 bytes, Stack size unknown bytes, entry5.o(.ARM.Collect$$$$00000004))
<BR><BR>[Called By]<UL><LI><a href="#[17]">&gt;&gt;</a>&nbsp;&nbsp;&nbsp;__scatterload
</UL>

<P><STRONG><a name="[b0]"></a>_main_clock</STRONG> (Thumb, 0 bytes, Stack size unknown bytes, entry7b.o(.ARM.Collect$$$$00000008))

<P><STRONG><a name="[b1]"></a>_main_cpp_init</STRONG> (Thumb, 0 bytes, Stack size unknown bytes, entry8b.o(.ARM.Collect$$$$0000000A))

<P><STRONG><a name="[b2]"></a>_main_init</STRONG> (Thumb, 0 bytes, Stack size unknown bytes, entry9a.o(.ARM.Collect$$$$0000000B))

<P><STRONG><a name="[b3]"></a>__rt_final_cpp</STRONG> (Thumb, 0 bytes, Stack size unknown bytes, entry10a.o(.ARM.Collect$$$$0000000D))

<P><STRONG><a name="[b4]"></a>__rt_final_exit</STRONG> (Thumb, 0 bytes, Stack size unknown bytes, entry11a.o(.ARM.Collect$$$$0000000F))

<P><STRONG><a name="[0]"></a>Reset_Handler</STRONG> (Thumb, 8 bytes, Stack size 0 bytes, startup_py32f002bxx.o(.text))
<BR>[Address Reference Count : 1]<UL><LI> startup_py32f002bxx.o(RESET)
</UL>
<P><STRONG><a name="[b]"></a>ADC_COMP_IRQHandler</STRONG> (Thumb, 0 bytes, Stack size 0 bytes, startup_py32f002bxx.o(.text))
<BR><BR>[Calls]<UL><LI><a href="#[b]">&gt;&gt;</a>&nbsp;&nbsp;&nbsp;ADC_COMP_IRQHandler
</UL>
<BR>[Called By]<UL><LI><a href="#[b]">&gt;&gt;</a>&nbsp;&nbsp;&nbsp;ADC_COMP_IRQHandler
</UL>
<BR>[Address Reference Count : 1]<UL><LI> startup_py32f002bxx.o(RESET)
</UL>
<P><STRONG><a name="[8]"></a>EXTI0_1_IRQHandler</STRONG> (Thumb, 0 bytes, Stack size 0 bytes, startup_py32f002bxx.o(.text))
<BR>[Address Reference Count : 1]<UL><LI> startup_py32f002bxx.o(RESET)
</UL>
<P><STRONG><a name="[9]"></a>EXTI2_3_IRQHandler</STRONG> (Thumb, 0 bytes, Stack size 0 bytes, startup_py32f002bxx.o(.text))
<BR>[Address Reference Count : 1]<UL><LI> startup_py32f002bxx.o(RESET)
</UL>
<P><STRONG><a name="[a]"></a>EXTI4_15_IRQHandler</STRONG> (Thumb, 0 bytes, Stack size 0 bytes, startup_py32f002bxx.o(.text))
<BR>[Address Reference Count : 1]<UL><LI> startup_py32f002bxx.o(RESET)
</UL>
<P><STRONG><a name="[6]"></a>FLASH_IRQHandler</STRONG> (Thumb, 0 bytes, Stack size 0 bytes, startup_py32f002bxx.o(.text))
<BR>[Address Reference Count : 1]<UL><LI> startup_py32f002bxx.o(RESET)
</UL>
<P><STRONG><a name="[10]"></a>I2C1_IRQHandler</STRONG> (Thumb, 0 bytes, Stack size 0 bytes, startup_py32f002bxx.o(.text))
<BR>[Address Reference Count : 1]<UL><LI> startup_py32f002bxx.o(RESET)
</UL>
<P><STRONG><a name="[e]"></a>LPTIM1_IRQHandler</STRONG> (Thumb, 0 bytes, Stack size 0 bytes, startup_py32f002bxx.o(.text))
<BR>[Address Reference Count : 1]<UL><LI> startup_py32f002bxx.o(RESET)
</UL>
<P><STRONG><a name="[7]"></a>RCC_IRQHandler</STRONG> (Thumb, 0 bytes, Stack size 0 bytes, startup_py32f002bxx.o(.text))
<BR>[Address Reference Count : 1]<UL><LI> startup_py32f002bxx.o(RESET)
</UL>
<P><STRONG><a name="[11]"></a>SPI1_IRQHandler</STRONG> (Thumb, 0 bytes, Stack size 0 bytes, startup_py32f002bxx.o(.text))
<BR>[Address Reference Count : 1]<UL><LI> startup_py32f002bxx.o(RESET)
</UL>
<P><STRONG><a name="[f]"></a>TIM14_IRQHandler</STRONG> (Thumb, 0 bytes, Stack size 0 bytes, startup_py32f002bxx.o(.text))
<BR>[Address Reference Count : 1]<UL><LI> startup_py32f002bxx.o(RESET)
</UL>
<P><STRONG><a name="[c]"></a>TIM1_BRK_UP_TRG_COM_IRQHandler</STRONG> (Thumb, 0 bytes, Stack size 0 bytes, startup_py32f002bxx.o(.text))
<BR>[Address Reference Count : 1]<UL><LI> startup_py32f002bxx.o(RESET)
</UL>
<P><STRONG><a name="[d]"></a>TIM1_CC_IRQHandler</STRONG> (Thumb, 0 bytes, Stack size 0 bytes, startup_py32f002bxx.o(.text))
<BR>[Address Reference Count : 1]<UL><LI> startup_py32f002bxx.o(RESET)
</UL>
<P><STRONG><a name="[b5]"></a>__aeabi_uidiv</STRONG> (Thumb, 0 bytes, Stack size 12 bytes, uidiv.o(.text), UNUSED)

<P><STRONG><a name="[2a]"></a>__aeabi_uidivmod</STRONG> (Thumb, 44 bytes, Stack size 12 bytes, uidiv.o(.text))
<BR><BR>[Stack]<UL><LI>Max Depth = 12<LI>Call Chain = __aeabi_uidivmod
</UL>
<BR>[Called By]<UL><LI><a href="#[61]">&gt;&gt;</a>&nbsp;&nbsp;&nbsp;pressure_display_target_increase
<LI><a href="#[62]">&gt;&gt;</a>&nbsp;&nbsp;&nbsp;pressure_display_target_decrease
<LI><a href="#[65]">&gt;&gt;</a>&nbsp;&nbsp;&nbsp;pressure_display_set_actual_pa
<LI><a href="#[90]">&gt;&gt;</a>&nbsp;&nbsp;&nbsp;pressure_unit_hundredths_to_base
<LI><a href="#[8f]">&gt;&gt;</a>&nbsp;&nbsp;&nbsp;pressure_hundredths_to_display
<LI><a href="#[8b]">&gt;&gt;</a>&nbsp;&nbsp;&nbsp;pressure_digit_code
<LI><a href="#[8a]">&gt;&gt;</a>&nbsp;&nbsp;&nbsp;pressure_decimal_position
<LI><a href="#[6f]">&gt;&gt;</a>&nbsp;&nbsp;&nbsp;key_scan
<LI><a href="#[28]">&gt;&gt;</a>&nbsp;&nbsp;&nbsp;HAL_InitTick
<LI><a href="#[26]">&gt;&gt;</a>&nbsp;&nbsp;&nbsp;UART_SetConfig
<LI><a href="#[2f]">&gt;&gt;</a>&nbsp;&nbsp;&nbsp;HAL_RCC_GetSysClockFreq
</UL>

<P><STRONG><a name="[18]"></a>__aeabi_uldivmod</STRONG> (Thumb, 96 bytes, Stack size 48 bytes, uldiv.o(.text))
<BR><BR>[Stack]<UL><LI>Max Depth = 56<LI>Call Chain = __aeabi_uldivmod &rArr; __aeabi_llsr
</UL>
<BR>[Calls]<UL><LI><a href="#[19]">&gt;&gt;</a>&nbsp;&nbsp;&nbsp;__aeabi_llsr
<LI><a href="#[1a]">&gt;&gt;</a>&nbsp;&nbsp;&nbsp;__aeabi_llsl
</UL>
<BR>[Called By]<UL><LI><a href="#[90]">&gt;&gt;</a>&nbsp;&nbsp;&nbsp;pressure_unit_hundredths_to_base
<LI><a href="#[8e]">&gt;&gt;</a>&nbsp;&nbsp;&nbsp;pressure_unit_hundredths
</UL>

<P><STRONG><a name="[b6]"></a>__aeabi_memcpy</STRONG> (Thumb, 36 bytes, Stack size 0 bytes, memcpya.o(.text), UNUSED)

<P><STRONG><a name="[32]"></a>__aeabi_memcpy4</STRONG> (Thumb, 0 bytes, Stack size 0 bytes, memcpya.o(.text))
<BR><BR>[Called By]<UL><LI><a href="#[2f]">&gt;&gt;</a>&nbsp;&nbsp;&nbsp;HAL_RCC_GetSysClockFreq
</UL>

<P><STRONG><a name="[b7]"></a>__aeabi_memcpy8</STRONG> (Thumb, 0 bytes, Stack size 0 bytes, memcpya.o(.text), UNUSED)

<P><STRONG><a name="[1c]"></a>__aeabi_memset</STRONG> (Thumb, 14 bytes, Stack size 0 bytes, memseta.o(.text), UNUSED)
<BR><BR>[Called By]<UL><LI><a href="#[1d]">&gt;&gt;</a>&nbsp;&nbsp;&nbsp;_memset$wrapper
<LI><a href="#[1b]">&gt;&gt;</a>&nbsp;&nbsp;&nbsp;__aeabi_memclr
</UL>

<P><STRONG><a name="[b8]"></a>__aeabi_memset4</STRONG> (Thumb, 0 bytes, Stack size 0 bytes, memseta.o(.text), UNUSED)

<P><STRONG><a name="[b9]"></a>__aeabi_memset8</STRONG> (Thumb, 0 bytes, Stack size 0 bytes, memseta.o(.text), UNUSED)

<P><STRONG><a name="[1b]"></a>__aeabi_memclr</STRONG> (Thumb, 4 bytes, Stack size 0 bytes, memseta.o(.text), UNUSED)
<BR><BR>[Calls]<UL><LI><a href="#[1c]">&gt;&gt;</a>&nbsp;&nbsp;&nbsp;__aeabi_memset
</UL>

<P><STRONG><a name="[47]"></a>__aeabi_memclr4</STRONG> (Thumb, 0 bytes, Stack size 0 bytes, memseta.o(.text))
<BR><BR>[Called By]<UL><LI><a href="#[82]">&gt;&gt;</a>&nbsp;&nbsp;&nbsp;option_bytes_is_s1_held
<LI><a href="#[83]">&gt;&gt;</a>&nbsp;&nbsp;&nbsp;option_bytes_configure_if_needed
<LI><a href="#[74]">&gt;&gt;</a>&nbsp;&nbsp;&nbsp;led_config_pin_output
<LI><a href="#[6c]">&gt;&gt;</a>&nbsp;&nbsp;&nbsp;key_config_pin_output
<LI><a href="#[6a]">&gt;&gt;</a>&nbsp;&nbsp;&nbsp;key_config_pin_input
<LI><a href="#[46]">&gt;&gt;</a>&nbsp;&nbsp;&nbsp;app_system_clock_config
<LI><a href="#[9a]">&gt;&gt;</a>&nbsp;&nbsp;&nbsp;uart_halfduplex_init
</UL>

<P><STRONG><a name="[ba]"></a>__aeabi_memclr8</STRONG> (Thumb, 0 bytes, Stack size 0 bytes, memseta.o(.text), UNUSED)

<P><STRONG><a name="[1d]"></a>_memset$wrapper</STRONG> (Thumb, 18 bytes, Stack size 8 bytes, memseta.o(.text), UNUSED)
<BR><BR>[Calls]<UL><LI><a href="#[1c]">&gt;&gt;</a>&nbsp;&nbsp;&nbsp;__aeabi_memset
</UL>

<P><STRONG><a name="[1a]"></a>__aeabi_llsl</STRONG> (Thumb, 32 bytes, Stack size 8 bytes, llshl.o(.text))
<BR><BR>[Stack]<UL><LI>Max Depth = 8<LI>Call Chain = __aeabi_llsl
</UL>
<BR>[Called By]<UL><LI><a href="#[18]">&gt;&gt;</a>&nbsp;&nbsp;&nbsp;__aeabi_uldivmod
</UL>

<P><STRONG><a name="[bb]"></a>_ll_shift_l</STRONG> (Thumb, 0 bytes, Stack size 8 bytes, llshl.o(.text), UNUSED)

<P><STRONG><a name="[19]"></a>__aeabi_llsr</STRONG> (Thumb, 34 bytes, Stack size 8 bytes, llushr.o(.text))
<BR><BR>[Stack]<UL><LI>Max Depth = 8<LI>Call Chain = __aeabi_llsr
</UL>
<BR>[Called By]<UL><LI><a href="#[18]">&gt;&gt;</a>&nbsp;&nbsp;&nbsp;__aeabi_uldivmod
</UL>

<P><STRONG><a name="[bc]"></a>_ll_ushift_r</STRONG> (Thumb, 0 bytes, Stack size 8 bytes, llushr.o(.text), UNUSED)

<P><STRONG><a name="[17]"></a>__scatterload</STRONG> (Thumb, 28 bytes, Stack size 0 bytes, init.o(.text))
<BR><BR>[Calls]<UL><LI><a href="#[1e]">&gt;&gt;</a>&nbsp;&nbsp;&nbsp;__main_after_scatterload
</UL>
<BR>[Called By]<UL><LI><a href="#[16]">&gt;&gt;</a>&nbsp;&nbsp;&nbsp;_main_scatterload
</UL>

<P><STRONG><a name="[bd]"></a>__scatterload_rt2</STRONG> (Thumb, 0 bytes, Stack size 0 bytes, init.o(.text), UNUSED)

<P><STRONG><a name="[1f]"></a>FLASH_WaitForLastOperation</STRONG> (Thumb, 50 bytes, Stack size 16 bytes, py32f002b_hal_flash.o(i.FLASH_WaitForLastOperation))
<BR><BR>[Stack]<UL><LI>Max Depth = 16<LI>Call Chain = FLASH_WaitForLastOperation
</UL>
<BR>[Calls]<UL><LI><a href="#[20]">&gt;&gt;</a>&nbsp;&nbsp;&nbsp;HAL_GetTick
</UL>
<BR>[Called By]<UL><LI><a href="#[22]">&gt;&gt;</a>&nbsp;&nbsp;&nbsp;HAL_FLASH_OBProgram
</UL>

<P><STRONG><a name="[21]"></a>HAL_Delay</STRONG> (Thumb, 38 bytes, Stack size 16 bytes, py32f002b_hal.o(i.HAL_Delay))
<BR><BR>[Stack]<UL><LI>Max Depth = 16<LI>Call Chain = HAL_Delay
</UL>
<BR>[Calls]<UL><LI><a href="#[20]">&gt;&gt;</a>&nbsp;&nbsp;&nbsp;HAL_GetTick
</UL>
<BR>[Called By]<UL><LI><a href="#[13]">&gt;&gt;</a>&nbsp;&nbsp;&nbsp;main
</UL>

<P><STRONG><a name="[88]"></a>HAL_FLASH_Lock</STRONG> (Thumb, 30 bytes, Stack size 0 bytes, py32f002b_hal_flash.o(i.HAL_FLASH_Lock))
<BR><BR>[Called By]<UL><LI><a href="#[83]">&gt;&gt;</a>&nbsp;&nbsp;&nbsp;option_bytes_configure_if_needed
</UL>

<P><STRONG><a name="[84]"></a>HAL_FLASH_OBGetConfig</STRONG> (Thumb, 58 bytes, Stack size 0 bytes, py32f002b_hal_flash.o(i.HAL_FLASH_OBGetConfig))
<BR><BR>[Called By]<UL><LI><a href="#[83]">&gt;&gt;</a>&nbsp;&nbsp;&nbsp;option_bytes_configure_if_needed
</UL>

<P><STRONG><a name="[22]"></a>HAL_FLASH_OBProgram</STRONG> (Thumb, 472 bytes, Stack size 16 bytes, py32f002b_hal_flash.o(i.HAL_FLASH_OBProgram))
<BR><BR>[Stack]<UL><LI>Max Depth = 32<LI>Call Chain = HAL_FLASH_OBProgram &rArr; FLASH_WaitForLastOperation
</UL>
<BR>[Calls]<UL><LI><a href="#[1f]">&gt;&gt;</a>&nbsp;&nbsp;&nbsp;FLASH_WaitForLastOperation
<LI><a href="#[23]">&gt;&gt;</a>&nbsp;&nbsp;&nbsp;FLASH_OB_OptrConfig
</UL>
<BR>[Called By]<UL><LI><a href="#[83]">&gt;&gt;</a>&nbsp;&nbsp;&nbsp;option_bytes_configure_if_needed
</UL>

<P><STRONG><a name="[89]"></a>HAL_FLASH_OB_Launch</STRONG> (Thumb, 18 bytes, Stack size 0 bytes, py32f002b_hal_flash.o(i.HAL_FLASH_OB_Launch))
<BR><BR>[Called By]<UL><LI><a href="#[83]">&gt;&gt;</a>&nbsp;&nbsp;&nbsp;option_bytes_configure_if_needed
</UL>

<P><STRONG><a name="[87]"></a>HAL_FLASH_OB_Lock</STRONG> (Thumb, 30 bytes, Stack size 0 bytes, py32f002b_hal_flash.o(i.HAL_FLASH_OB_Lock))
<BR><BR>[Called By]<UL><LI><a href="#[83]">&gt;&gt;</a>&nbsp;&nbsp;&nbsp;option_bytes_configure_if_needed
</UL>

<P><STRONG><a name="[86]"></a>HAL_FLASH_OB_Unlock</STRONG> (Thumb, 40 bytes, Stack size 0 bytes, py32f002b_hal_flash.o(i.HAL_FLASH_OB_Unlock))
<BR><BR>[Called By]<UL><LI><a href="#[83]">&gt;&gt;</a>&nbsp;&nbsp;&nbsp;option_bytes_configure_if_needed
</UL>

<P><STRONG><a name="[85]"></a>HAL_FLASH_Unlock</STRONG> (Thumb, 40 bytes, Stack size 0 bytes, py32f002b_hal_flash.o(i.HAL_FLASH_Unlock))
<BR><BR>[Called By]<UL><LI><a href="#[83]">&gt;&gt;</a>&nbsp;&nbsp;&nbsp;option_bytes_configure_if_needed
</UL>

<P><STRONG><a name="[6d]"></a>HAL_GPIO_Init</STRONG> (Thumb, 428 bytes, Stack size 16 bytes, py32f002b_hal_gpio.o(i.HAL_GPIO_Init))
<BR><BR>[Stack]<UL><LI>Max Depth = 16<LI>Call Chain = HAL_GPIO_Init
</UL>
<BR>[Called By]<UL><LI><a href="#[82]">&gt;&gt;</a>&nbsp;&nbsp;&nbsp;option_bytes_is_s1_held
<LI><a href="#[74]">&gt;&gt;</a>&nbsp;&nbsp;&nbsp;led_config_pin_output
<LI><a href="#[6c]">&gt;&gt;</a>&nbsp;&nbsp;&nbsp;key_config_pin_output
<LI><a href="#[6a]">&gt;&gt;</a>&nbsp;&nbsp;&nbsp;key_config_pin_input
<LI><a href="#[9a]">&gt;&gt;</a>&nbsp;&nbsp;&nbsp;uart_halfduplex_init
</UL>

<P><STRONG><a name="[70]"></a>HAL_GPIO_ReadPin</STRONG> (Thumb, 18 bytes, Stack size 0 bytes, py32f002b_hal_gpio.o(i.HAL_GPIO_ReadPin))
<BR><BR>[Called By]<UL><LI><a href="#[82]">&gt;&gt;</a>&nbsp;&nbsp;&nbsp;option_bytes_is_s1_held
<LI><a href="#[6f]">&gt;&gt;</a>&nbsp;&nbsp;&nbsp;key_scan
</UL>

<P><STRONG><a name="[72]"></a>HAL_GPIO_WritePin</STRONG> (Thumb, 12 bytes, Stack size 0 bytes, py32f002b_hal_gpio.o(i.HAL_GPIO_WritePin))
<BR><BR>[Called By]<UL><LI><a href="#[7a]">&gt;&gt;</a>&nbsp;&nbsp;&nbsp;led_set_unit_side
<LI><a href="#[79]">&gt;&gt;</a>&nbsp;&nbsp;&nbsp;led_set_mode_side
<LI><a href="#[78]">&gt;&gt;</a>&nbsp;&nbsp;&nbsp;led_set_low_side
<LI><a href="#[73]">&gt;&gt;</a>&nbsp;&nbsp;&nbsp;led_all_low_off
<LI><a href="#[71]">&gt;&gt;</a>&nbsp;&nbsp;&nbsp;led_all_high_off
<LI><a href="#[77]">&gt;&gt;</a>&nbsp;&nbsp;&nbsp;led_scan
</UL>

<P><STRONG><a name="[20]"></a>HAL_GetTick</STRONG> (Thumb, 6 bytes, Stack size 0 bytes, py32f002b_hal.o(i.HAL_GetTick))
<BR><BR>[Called By]<UL><LI><a href="#[50]">&gt;&gt;</a>&nbsp;&nbsp;&nbsp;battery_icon_set_charging
<LI><a href="#[4e]">&gt;&gt;</a>&nbsp;&nbsp;&nbsp;battery_icon_scan
<LI><a href="#[49]">&gt;&gt;</a>&nbsp;&nbsp;&nbsp;battery_icon_init
<LI><a href="#[80]">&gt;&gt;</a>&nbsp;&nbsp;&nbsp;uart_control_task
<LI><a href="#[7f]">&gt;&gt;</a>&nbsp;&nbsp;&nbsp;uart_control_init
<LI><a href="#[81]">&gt;&gt;</a>&nbsp;&nbsp;&nbsp;uart_command_scan
<LI><a href="#[77]">&gt;&gt;</a>&nbsp;&nbsp;&nbsp;led_scan
<LI><a href="#[75]">&gt;&gt;</a>&nbsp;&nbsp;&nbsp;led_init
<LI><a href="#[6f]">&gt;&gt;</a>&nbsp;&nbsp;&nbsp;key_scan
<LI><a href="#[6e]">&gt;&gt;</a>&nbsp;&nbsp;&nbsp;key_init
<LI><a href="#[33]">&gt;&gt;</a>&nbsp;&nbsp;&nbsp;HAL_RCC_OscConfig
<LI><a href="#[2e]">&gt;&gt;</a>&nbsp;&nbsp;&nbsp;HAL_RCC_ClockConfig
<LI><a href="#[21]">&gt;&gt;</a>&nbsp;&nbsp;&nbsp;HAL_Delay
<LI><a href="#[1f]">&gt;&gt;</a>&nbsp;&nbsp;&nbsp;FLASH_WaitForLastOperation
<LI><a href="#[93]">&gt;&gt;</a>&nbsp;&nbsp;&nbsp;uart_control_request
<LI><a href="#[a0]">&gt;&gt;</a>&nbsp;&nbsp;&nbsp;uart_protocol_timeout_scan
<LI><a href="#[ad]">&gt;&gt;</a>&nbsp;&nbsp;&nbsp;uart_protocol_restart_from_byte
<LI><a href="#[ab]">&gt;&gt;</a>&nbsp;&nbsp;&nbsp;uart_protocol_parser_reset
<LI><a href="#[3f]">&gt;&gt;</a>&nbsp;&nbsp;&nbsp;uart_protocol_irq_feed_byte
<LI><a href="#[40]">&gt;&gt;</a>&nbsp;&nbsp;&nbsp;HAL_UART_Transmit
<LI><a href="#[41]">&gt;&gt;</a>&nbsp;&nbsp;&nbsp;UART_WaitOnFlagUntilTimeout
</UL>

<P><STRONG><a name="[36]"></a>HAL_HalfDuplex_EnableReceiver</STRONG> (Thumb, 72 bytes, Stack size 0 bytes, py32f002b_hal_uart.o(i.HAL_HalfDuplex_EnableReceiver))
<BR><BR>[Called By]<UL><LI><a href="#[a8]">&gt;&gt;</a>&nbsp;&nbsp;&nbsp;uart_halfduplex_set_rx
<LI><a href="#[9a]">&gt;&gt;</a>&nbsp;&nbsp;&nbsp;uart_halfduplex_init
<LI><a href="#[34]">&gt;&gt;</a>&nbsp;&nbsp;&nbsp;HAL_UART_ErrorCallback
</UL>

<P><STRONG><a name="[a9]"></a>HAL_HalfDuplex_EnableTransmitter</STRONG> (Thumb, 72 bytes, Stack size 0 bytes, py32f002b_hal_uart.o(i.HAL_HalfDuplex_EnableTransmitter))
<BR><BR>[Called By]<UL><LI><a href="#[a7]">&gt;&gt;</a>&nbsp;&nbsp;&nbsp;uart_halfduplex_set_tx
</UL>

<P><STRONG><a name="[24]"></a>HAL_HalfDuplex_Init</STRONG> (Thumb, 116 bytes, Stack size 8 bytes, py32f002b_hal_uart.o(i.HAL_HalfDuplex_Init))
<BR><BR>[Stack]<UL><LI>Max Depth = 52<LI>Call Chain = HAL_HalfDuplex_Init &rArr; UART_SetConfig &rArr; __aeabi_uidivmod
</UL>
<BR>[Calls]<UL><LI><a href="#[25]">&gt;&gt;</a>&nbsp;&nbsp;&nbsp;HAL_UART_MspInit
<LI><a href="#[26]">&gt;&gt;</a>&nbsp;&nbsp;&nbsp;UART_SetConfig
</UL>
<BR>[Called By]<UL><LI><a href="#[9a]">&gt;&gt;</a>&nbsp;&nbsp;&nbsp;uart_halfduplex_init
</UL>

<P><STRONG><a name="[42]"></a>HAL_IncTick</STRONG> (Thumb, 16 bytes, Stack size 0 bytes, py32f002b_hal.o(i.HAL_IncTick))
<BR><BR>[Called By]<UL><LI><a href="#[5]">&gt;&gt;</a>&nbsp;&nbsp;&nbsp;SysTick_Handler
</UL>

<P><STRONG><a name="[27]"></a>HAL_Init</STRONG> (Thumb, 26 bytes, Stack size 8 bytes, py32f002b_hal.o(i.HAL_Init))
<BR><BR>[Stack]<UL><LI>Max Depth = 56<LI>Call Chain = HAL_Init &rArr; HAL_InitTick &rArr; HAL_SYSTICK_Config &rArr; NVIC_SetPriority
</UL>
<BR>[Calls]<UL><LI><a href="#[29]">&gt;&gt;</a>&nbsp;&nbsp;&nbsp;HAL_MspInit
<LI><a href="#[28]">&gt;&gt;</a>&nbsp;&nbsp;&nbsp;HAL_InitTick
</UL>
<BR>[Called By]<UL><LI><a href="#[13]">&gt;&gt;</a>&nbsp;&nbsp;&nbsp;main
</UL>

<P><STRONG><a name="[28]"></a>HAL_InitTick</STRONG> (Thumb, 82 bytes, Stack size 24 bytes, py32f002b_hal.o(i.HAL_InitTick))
<BR><BR>[Stack]<UL><LI>Max Depth = 48<LI>Call Chain = HAL_InitTick &rArr; HAL_SYSTICK_Config &rArr; NVIC_SetPriority
</UL>
<BR>[Calls]<UL><LI><a href="#[2b]">&gt;&gt;</a>&nbsp;&nbsp;&nbsp;HAL_SYSTICK_Config
<LI><a href="#[2c]">&gt;&gt;</a>&nbsp;&nbsp;&nbsp;HAL_NVIC_SetPriority
<LI><a href="#[2a]">&gt;&gt;</a>&nbsp;&nbsp;&nbsp;__aeabi_uidivmod
</UL>
<BR>[Called By]<UL><LI><a href="#[33]">&gt;&gt;</a>&nbsp;&nbsp;&nbsp;HAL_RCC_OscConfig
<LI><a href="#[2e]">&gt;&gt;</a>&nbsp;&nbsp;&nbsp;HAL_RCC_ClockConfig
<LI><a href="#[27]">&gt;&gt;</a>&nbsp;&nbsp;&nbsp;HAL_Init
</UL>

<P><STRONG><a name="[29]"></a>HAL_MspInit</STRONG> (Thumb, 2 bytes, Stack size 0 bytes, py32f002b_hal.o(i.HAL_MspInit))
<BR><BR>[Called By]<UL><LI><a href="#[27]">&gt;&gt;</a>&nbsp;&nbsp;&nbsp;HAL_Init
</UL>

<P><STRONG><a name="[a5]"></a>HAL_NVIC_EnableIRQ</STRONG> (Thumb, 18 bytes, Stack size 0 bytes, py32f002b_hal_cortex.o(i.HAL_NVIC_EnableIRQ))
<BR><BR>[Called By]<UL><LI><a href="#[9a]">&gt;&gt;</a>&nbsp;&nbsp;&nbsp;uart_halfduplex_init
</UL>

<P><STRONG><a name="[2c]"></a>HAL_NVIC_SetPriority</STRONG> (Thumb, 18 bytes, Stack size 16 bytes, py32f002b_hal_cortex.o(i.HAL_NVIC_SetPriority))
<BR><BR>[Stack]<UL><LI>Max Depth = 24<LI>Call Chain = HAL_NVIC_SetPriority &rArr; NVIC_SetPriority
</UL>
<BR>[Calls]<UL><LI><a href="#[2d]">&gt;&gt;</a>&nbsp;&nbsp;&nbsp;NVIC_SetPriority
</UL>
<BR>[Called By]<UL><LI><a href="#[28]">&gt;&gt;</a>&nbsp;&nbsp;&nbsp;HAL_InitTick
<LI><a href="#[9a]">&gt;&gt;</a>&nbsp;&nbsp;&nbsp;uart_halfduplex_init
</UL>

<P><STRONG><a name="[2e]"></a>HAL_RCC_ClockConfig</STRONG> (Thumb, 418 bytes, Stack size 16 bytes, py32f002b_hal_rcc.o(i.HAL_RCC_ClockConfig))
<BR><BR>[Stack]<UL><LI>Max Depth = 76<LI>Call Chain = HAL_RCC_ClockConfig &rArr; HAL_RCC_GetSysClockFreq &rArr; __aeabi_uidivmod
</UL>
<BR>[Calls]<UL><LI><a href="#[20]">&gt;&gt;</a>&nbsp;&nbsp;&nbsp;HAL_GetTick
<LI><a href="#[28]">&gt;&gt;</a>&nbsp;&nbsp;&nbsp;HAL_InitTick
<LI><a href="#[2f]">&gt;&gt;</a>&nbsp;&nbsp;&nbsp;HAL_RCC_GetSysClockFreq
</UL>
<BR>[Called By]<UL><LI><a href="#[46]">&gt;&gt;</a>&nbsp;&nbsp;&nbsp;app_system_clock_config
</UL>

<P><STRONG><a name="[31]"></a>HAL_RCC_GetHCLKFreq</STRONG> (Thumb, 6 bytes, Stack size 0 bytes, py32f002b_hal_rcc.o(i.HAL_RCC_GetHCLKFreq))
<BR><BR>[Called By]<UL><LI><a href="#[30]">&gt;&gt;</a>&nbsp;&nbsp;&nbsp;HAL_RCC_GetPCLK1Freq
</UL>

<P><STRONG><a name="[30]"></a>HAL_RCC_GetPCLK1Freq</STRONG> (Thumb, 32 bytes, Stack size 4 bytes, py32f002b_hal_rcc.o(i.HAL_RCC_GetPCLK1Freq))
<BR><BR>[Stack]<UL><LI>Max Depth = 4<LI>Call Chain = HAL_RCC_GetPCLK1Freq
</UL>
<BR>[Calls]<UL><LI><a href="#[31]">&gt;&gt;</a>&nbsp;&nbsp;&nbsp;HAL_RCC_GetHCLKFreq
</UL>
<BR>[Called By]<UL><LI><a href="#[26]">&gt;&gt;</a>&nbsp;&nbsp;&nbsp;UART_SetConfig
</UL>

<P><STRONG><a name="[2f]"></a>HAL_RCC_GetSysClockFreq</STRONG> (Thumb, 126 bytes, Stack size 48 bytes, py32f002b_hal_rcc.o(i.HAL_RCC_GetSysClockFreq))
<BR><BR>[Stack]<UL><LI>Max Depth = 60<LI>Call Chain = HAL_RCC_GetSysClockFreq &rArr; __aeabi_uidivmod
</UL>
<BR>[Calls]<UL><LI><a href="#[32]">&gt;&gt;</a>&nbsp;&nbsp;&nbsp;__aeabi_memcpy4
<LI><a href="#[2a]">&gt;&gt;</a>&nbsp;&nbsp;&nbsp;__aeabi_uidivmod
</UL>
<BR>[Called By]<UL><LI><a href="#[33]">&gt;&gt;</a>&nbsp;&nbsp;&nbsp;HAL_RCC_OscConfig
<LI><a href="#[2e]">&gt;&gt;</a>&nbsp;&nbsp;&nbsp;HAL_RCC_ClockConfig
</UL>

<P><STRONG><a name="[33]"></a>HAL_RCC_OscConfig</STRONG> (Thumb, 1076 bytes, Stack size 16 bytes, py32f002b_hal_rcc.o(i.HAL_RCC_OscConfig))
<BR><BR>[Stack]<UL><LI>Max Depth = 76<LI>Call Chain = HAL_RCC_OscConfig &rArr; HAL_RCC_GetSysClockFreq &rArr; __aeabi_uidivmod
</UL>
<BR>[Calls]<UL><LI><a href="#[20]">&gt;&gt;</a>&nbsp;&nbsp;&nbsp;HAL_GetTick
<LI><a href="#[28]">&gt;&gt;</a>&nbsp;&nbsp;&nbsp;HAL_InitTick
<LI><a href="#[2f]">&gt;&gt;</a>&nbsp;&nbsp;&nbsp;HAL_RCC_GetSysClockFreq
</UL>
<BR>[Called By]<UL><LI><a href="#[46]">&gt;&gt;</a>&nbsp;&nbsp;&nbsp;app_system_clock_config
</UL>

<P><STRONG><a name="[2b]"></a>HAL_SYSTICK_Config</STRONG> (Thumb, 46 bytes, Stack size 16 bytes, py32f002b_hal_cortex.o(i.HAL_SYSTICK_Config))
<BR><BR>[Stack]<UL><LI>Max Depth = 24<LI>Call Chain = HAL_SYSTICK_Config &rArr; NVIC_SetPriority
</UL>
<BR>[Calls]<UL><LI><a href="#[2d]">&gt;&gt;</a>&nbsp;&nbsp;&nbsp;NVIC_SetPriority
</UL>
<BR>[Called By]<UL><LI><a href="#[28]">&gt;&gt;</a>&nbsp;&nbsp;&nbsp;HAL_InitTick
</UL>

<P><STRONG><a name="[35]"></a>HAL_UART_AbortReceive</STRONG> (Thumb, 42 bytes, Stack size 0 bytes, py32f002b_hal_uart.o(i.HAL_UART_AbortReceive))
<BR><BR>[Called By]<UL><LI><a href="#[a7]">&gt;&gt;</a>&nbsp;&nbsp;&nbsp;uart_halfduplex_set_tx
<LI><a href="#[34]">&gt;&gt;</a>&nbsp;&nbsp;&nbsp;HAL_UART_ErrorCallback
</UL>

<P><STRONG><a name="[34]"></a>HAL_UART_ErrorCallback</STRONG> (Thumb, 64 bytes, Stack size 16 bytes, uart_halfduplex_driver.o(i.HAL_UART_ErrorCallback))
<BR><BR>[Stack]<UL><LI>Max Depth = 32<LI>Call Chain = HAL_UART_ErrorCallback &rArr; uart_halfduplex_start_receive_interrupt &rArr; HAL_UART_Receive_IT
</UL>
<BR>[Calls]<UL><LI><a href="#[35]">&gt;&gt;</a>&nbsp;&nbsp;&nbsp;HAL_UART_AbortReceive
<LI><a href="#[36]">&gt;&gt;</a>&nbsp;&nbsp;&nbsp;HAL_HalfDuplex_EnableReceiver
<LI><a href="#[37]">&gt;&gt;</a>&nbsp;&nbsp;&nbsp;uart_halfduplex_start_receive_interrupt
</UL>
<BR>[Called By]<UL><LI><a href="#[38]">&gt;&gt;</a>&nbsp;&nbsp;&nbsp;HAL_UART_IRQHandler
</UL>

<P><STRONG><a name="[38]"></a>HAL_UART_IRQHandler</STRONG> (Thumb, 338 bytes, Stack size 32 bytes, py32f002b_hal_uart.o(i.HAL_UART_IRQHandler))
<BR><BR>[Stack]<UL><LI>Max Depth = 72<LI>Call Chain = HAL_UART_IRQHandler &rArr; UART_Receive_IT &rArr; HAL_UART_RxCpltCallback &rArr; uart_protocol_irq_feed_byte &rArr; __ARM_common_switch8
</UL>
<BR>[Calls]<UL><LI><a href="#[34]">&gt;&gt;</a>&nbsp;&nbsp;&nbsp;HAL_UART_ErrorCallback
<LI><a href="#[3b]">&gt;&gt;</a>&nbsp;&nbsp;&nbsp;HAL_UART_IdleFrameDetectCpltCallback
<LI><a href="#[3c]">&gt;&gt;</a>&nbsp;&nbsp;&nbsp;UART_Transmit_IT
<LI><a href="#[39]">&gt;&gt;</a>&nbsp;&nbsp;&nbsp;UART_Receive_IT
<LI><a href="#[3d]">&gt;&gt;</a>&nbsp;&nbsp;&nbsp;UART_EndTransmit_IT
<LI><a href="#[3a]">&gt;&gt;</a>&nbsp;&nbsp;&nbsp;UART_EndRxTransfer
</UL>
<BR>[Called By]<UL><LI><a href="#[9b]">&gt;&gt;</a>&nbsp;&nbsp;&nbsp;uart_halfduplex_irq_handler
</UL>

<P><STRONG><a name="[3b]"></a>HAL_UART_IdleFrameDetectCpltCallback</STRONG> (Thumb, 2 bytes, Stack size 0 bytes, py32f002b_hal_uart.o(i.HAL_UART_IdleFrameDetectCpltCallback))
<BR><BR>[Called By]<UL><LI><a href="#[38]">&gt;&gt;</a>&nbsp;&nbsp;&nbsp;HAL_UART_IRQHandler
</UL>

<P><STRONG><a name="[25]"></a>HAL_UART_MspInit</STRONG> (Thumb, 2 bytes, Stack size 0 bytes, py32f002b_hal_uart.o(i.HAL_UART_MspInit))
<BR><BR>[Called By]<UL><LI><a href="#[24]">&gt;&gt;</a>&nbsp;&nbsp;&nbsp;HAL_HalfDuplex_Init
</UL>

<P><STRONG><a name="[aa]"></a>HAL_UART_Receive_IT</STRONG> (Thumb, 118 bytes, Stack size 8 bytes, py32f002b_hal_uart.o(i.HAL_UART_Receive_IT))
<BR><BR>[Stack]<UL><LI>Max Depth = 8<LI>Call Chain = HAL_UART_Receive_IT
</UL>
<BR>[Called By]<UL><LI><a href="#[37]">&gt;&gt;</a>&nbsp;&nbsp;&nbsp;uart_halfduplex_start_receive_interrupt
</UL>

<P><STRONG><a name="[3e]"></a>HAL_UART_RxCpltCallback</STRONG> (Thumb, 32 bytes, Stack size 8 bytes, uart_halfduplex_driver.o(i.HAL_UART_RxCpltCallback))
<BR><BR>[Stack]<UL><LI>Max Depth = 24<LI>Call Chain = HAL_UART_RxCpltCallback &rArr; uart_protocol_irq_feed_byte &rArr; __ARM_common_switch8
</UL>
<BR>[Calls]<UL><LI><a href="#[3f]">&gt;&gt;</a>&nbsp;&nbsp;&nbsp;uart_protocol_irq_feed_byte
<LI><a href="#[37]">&gt;&gt;</a>&nbsp;&nbsp;&nbsp;uart_halfduplex_start_receive_interrupt
</UL>
<BR>[Called By]<UL><LI><a href="#[39]">&gt;&gt;</a>&nbsp;&nbsp;&nbsp;UART_Receive_IT
</UL>

<P><STRONG><a name="[40]"></a>HAL_UART_Transmit</STRONG> (Thumb, 254 bytes, Stack size 48 bytes, py32f002b_hal_uart.o(i.HAL_UART_Transmit))
<BR><BR>[Stack]<UL><LI>Max Depth = 88<LI>Call Chain = HAL_UART_Transmit &rArr; UART_WaitOnFlagUntilTimeout
</UL>
<BR>[Calls]<UL><LI><a href="#[20]">&gt;&gt;</a>&nbsp;&nbsp;&nbsp;HAL_GetTick
<LI><a href="#[41]">&gt;&gt;</a>&nbsp;&nbsp;&nbsp;UART_WaitOnFlagUntilTimeout
</UL>
<BR>[Called By]<UL><LI><a href="#[a6]">&gt;&gt;</a>&nbsp;&nbsp;&nbsp;uart_halfduplex_send
</UL>

<P><STRONG><a name="[44]"></a>HAL_UART_TxCpltCallback</STRONG> (Thumb, 2 bytes, Stack size 0 bytes, py32f002b_hal_uart.o(i.HAL_UART_TxCpltCallback))
<BR><BR>[Called By]<UL><LI><a href="#[3d]">&gt;&gt;</a>&nbsp;&nbsp;&nbsp;UART_EndTransmit_IT
</UL>

<P><STRONG><a name="[2]"></a>HardFault_Handler</STRONG> (Thumb, 4 bytes, Stack size 0 bytes, py32f002b_it.o(i.HardFault_Handler))
<BR>[Address Reference Count : 1]<UL><LI> startup_py32f002bxx.o(RESET)
</UL>
<P><STRONG><a name="[1]"></a>NMI_Handler</STRONG> (Thumb, 2 bytes, Stack size 0 bytes, py32f002b_it.o(i.NMI_Handler))
<BR>[Address Reference Count : 1]<UL><LI> startup_py32f002bxx.o(RESET)
</UL>
<P><STRONG><a name="[4]"></a>PendSV_Handler</STRONG> (Thumb, 2 bytes, Stack size 0 bytes, py32f002b_it.o(i.PendSV_Handler))
<BR>[Address Reference Count : 1]<UL><LI> startup_py32f002bxx.o(RESET)
</UL>
<P><STRONG><a name="[3]"></a>SVC_Handler</STRONG> (Thumb, 2 bytes, Stack size 0 bytes, py32f002b_it.o(i.SVC_Handler))
<BR>[Address Reference Count : 1]<UL><LI> startup_py32f002bxx.o(RESET)
</UL>
<P><STRONG><a name="[5]"></a>SysTick_Handler</STRONG> (Thumb, 8 bytes, Stack size 8 bytes, py32f002b_it.o(i.SysTick_Handler))
<BR><BR>[Stack]<UL><LI>Max Depth = 8<LI>Call Chain = SysTick_Handler
</UL>
<BR>[Calls]<UL><LI><a href="#[42]">&gt;&gt;</a>&nbsp;&nbsp;&nbsp;HAL_IncTick
</UL>
<BR>[Address Reference Count : 1]<UL><LI> startup_py32f002bxx.o(RESET)
</UL>
<P><STRONG><a name="[14]"></a>SystemInit</STRONG> (Thumb, 60 bytes, Stack size 8 bytes, system_py32f002b.o(i.SystemInit))
<BR><BR>[Stack]<UL><LI>Max Depth = 16<LI>Call Chain = SystemInit &rArr; DelayTime
</UL>
<BR>[Calls]<UL><LI><a href="#[43]">&gt;&gt;</a>&nbsp;&nbsp;&nbsp;DelayTime
</UL>
<BR>[Address Reference Count : 1]<UL><LI> startup_py32f002bxx.o(.text)
</UL>
<P><STRONG><a name="[12]"></a>USART1_IRQHandler</STRONG> (Thumb, 8 bytes, Stack size 8 bytes, py32f002b_it.o(i.USART1_IRQHandler))
<BR><BR>[Stack]<UL><LI>Max Depth = 96<LI>Call Chain = USART1_IRQHandler &rArr; uart_control_irq_handler &rArr; uart_halfduplex_irq_handler &rArr; HAL_UART_IRQHandler &rArr; UART_Receive_IT &rArr; HAL_UART_RxCpltCallback &rArr; uart_protocol_irq_feed_byte &rArr; __ARM_common_switch8
</UL>
<BR>[Calls]<UL><LI><a href="#[45]">&gt;&gt;</a>&nbsp;&nbsp;&nbsp;uart_control_irq_handler
</UL>
<BR>[Address Reference Count : 1]<UL><LI> startup_py32f002bxx.o(RESET)
</UL>
<P><STRONG><a name="[91]"></a>__ARM_common_ll_muluu</STRONG> (Thumb, 48 bytes, Stack size 24 bytes, pressure_display_driver.o(i.__ARM_common_ll_muluu))
<BR><BR>[Stack]<UL><LI>Max Depth = 24<LI>Call Chain = __ARM_common_ll_muluu
</UL>
<BR>[Called By]<UL><LI><a href="#[90]">&gt;&gt;</a>&nbsp;&nbsp;&nbsp;pressure_unit_hundredths_to_base
<LI><a href="#[8e]">&gt;&gt;</a>&nbsp;&nbsp;&nbsp;pressure_unit_hundredths
</UL>

<P><STRONG><a name="[ac]"></a>__ARM_common_switch8</STRONG> (Thumb, 28 bytes, Stack size 8 bytes, uart_protocol_driver.o(i.__ARM_common_switch8))
<BR><BR>[Stack]<UL><LI>Max Depth = 8<LI>Call Chain = __ARM_common_switch8
</UL>
<BR>[Called By]<UL><LI><a href="#[3f]">&gt;&gt;</a>&nbsp;&nbsp;&nbsp;uart_protocol_irq_feed_byte
</UL>

<P><STRONG><a name="[be]"></a>__scatterload_copy</STRONG> (Thumb, 14 bytes, Stack size unknown bytes, handlers.o(i.__scatterload_copy), UNUSED)

<P><STRONG><a name="[bf]"></a>__scatterload_null</STRONG> (Thumb, 2 bytes, Stack size unknown bytes, handlers.o(i.__scatterload_null), UNUSED)

<P><STRONG><a name="[c0]"></a>__scatterload_zeroinit</STRONG> (Thumb, 14 bytes, Stack size unknown bytes, handlers.o(i.__scatterload_zeroinit), UNUSED)

<P><STRONG><a name="[48]"></a>app_error_handler</STRONG> (Thumb, 4 bytes, Stack size 0 bytes, main.o(i.app_error_handler))
<BR><BR>[Called By]<UL><LI><a href="#[83]">&gt;&gt;</a>&nbsp;&nbsp;&nbsp;option_bytes_configure_if_needed
<LI><a href="#[13]">&gt;&gt;</a>&nbsp;&nbsp;&nbsp;main
<LI><a href="#[46]">&gt;&gt;</a>&nbsp;&nbsp;&nbsp;app_system_clock_config
<LI><a href="#[a7]">&gt;&gt;</a>&nbsp;&nbsp;&nbsp;uart_halfduplex_set_tx
<LI><a href="#[a8]">&gt;&gt;</a>&nbsp;&nbsp;&nbsp;uart_halfduplex_set_rx
<LI><a href="#[9a]">&gt;&gt;</a>&nbsp;&nbsp;&nbsp;uart_halfduplex_init
</UL>

<P><STRONG><a name="[49]"></a>battery_icon_init</STRONG> (Thumb, 32 bytes, Stack size 8 bytes, battery_icon_driver.o(i.battery_icon_init))
<BR><BR>[Stack]<UL><LI>Max Depth = 24<LI>Call Chain = battery_icon_init &rArr; battery_icon_refresh
</UL>
<BR>[Calls]<UL><LI><a href="#[4a]">&gt;&gt;</a>&nbsp;&nbsp;&nbsp;battery_icon_refresh
<LI><a href="#[20]">&gt;&gt;</a>&nbsp;&nbsp;&nbsp;HAL_GetTick
</UL>
<BR>[Called By]<UL><LI><a href="#[52]">&gt;&gt;</a>&nbsp;&nbsp;&nbsp;display_control_init
</UL>

<P><STRONG><a name="[4e]"></a>battery_icon_scan</STRONG> (Thumb, 98 bytes, Stack size 8 bytes, battery_icon_driver.o(i.battery_icon_scan))
<BR><BR>[Stack]<UL><LI>Max Depth = 24<LI>Call Chain = battery_icon_scan &rArr; battery_icon_refresh
</UL>
<BR>[Calls]<UL><LI><a href="#[4a]">&gt;&gt;</a>&nbsp;&nbsp;&nbsp;battery_icon_refresh
<LI><a href="#[4f]">&gt;&gt;</a>&nbsp;&nbsp;&nbsp;battery_icon_animation_start_level
<LI><a href="#[20]">&gt;&gt;</a>&nbsp;&nbsp;&nbsp;HAL_GetTick
</UL>
<BR>[Called By]<UL><LI><a href="#[57]">&gt;&gt;</a>&nbsp;&nbsp;&nbsp;display_control_scan
</UL>

<P><STRONG><a name="[50]"></a>battery_icon_set_charging</STRONG> (Thumb, 48 bytes, Stack size 8 bytes, battery_icon_driver.o(i.battery_icon_set_charging))
<BR><BR>[Stack]<UL><LI>Max Depth = 24<LI>Call Chain = battery_icon_set_charging &rArr; battery_icon_refresh
</UL>
<BR>[Calls]<UL><LI><a href="#[4a]">&gt;&gt;</a>&nbsp;&nbsp;&nbsp;battery_icon_refresh
<LI><a href="#[4f]">&gt;&gt;</a>&nbsp;&nbsp;&nbsp;battery_icon_animation_start_level
<LI><a href="#[20]">&gt;&gt;</a>&nbsp;&nbsp;&nbsp;HAL_GetTick
</UL>
<BR>[Called By]<UL><LI><a href="#[57]">&gt;&gt;</a>&nbsp;&nbsp;&nbsp;display_control_scan
</UL>

<P><STRONG><a name="[51]"></a>battery_icon_set_level</STRONG> (Thumb, 72 bytes, Stack size 8 bytes, battery_icon_driver.o(i.battery_icon_set_level))
<BR><BR>[Stack]<UL><LI>Max Depth = 24<LI>Call Chain = battery_icon_set_level &rArr; battery_icon_refresh
</UL>
<BR>[Calls]<UL><LI><a href="#[4a]">&gt;&gt;</a>&nbsp;&nbsp;&nbsp;battery_icon_refresh
<LI><a href="#[4f]">&gt;&gt;</a>&nbsp;&nbsp;&nbsp;battery_icon_animation_start_level
</UL>
<BR>[Called By]<UL><LI><a href="#[57]">&gt;&gt;</a>&nbsp;&nbsp;&nbsp;display_control_scan
</UL>

<P><STRONG><a name="[56]"></a>dc_led_init</STRONG> (Thumb, 8 bytes, Stack size 0 bytes, dc_led_driver.o(i.dc_led_init))
<BR><BR>[Called By]<UL><LI><a href="#[52]">&gt;&gt;</a>&nbsp;&nbsp;&nbsp;display_control_init
</UL>

<P><STRONG><a name="[7c]"></a>dc_led_is_charging</STRONG> (Thumb, 6 bytes, Stack size 0 bytes, dc_led_driver.o(i.dc_led_is_charging))
<BR><BR>[Called By]<UL><LI><a href="#[79]">&gt;&gt;</a>&nbsp;&nbsp;&nbsp;led_set_mode_side
</UL>

<P><STRONG><a name="[64]"></a>dc_led_set_charging</STRONG> (Thumb, 16 bytes, Stack size 0 bytes, dc_led_driver.o(i.dc_led_set_charging))
<BR><BR>[Called By]<UL><LI><a href="#[57]">&gt;&gt;</a>&nbsp;&nbsp;&nbsp;display_control_scan
</UL>

<P><STRONG><a name="[52]"></a>display_control_init</STRONG> (Thumb, 30 bytes, Stack size 8 bytes, display_control_driver.o(i.display_control_init))
<BR><BR>[Stack]<UL><LI>Max Depth = 136<LI>Call Chain = display_control_init &rArr; pressure_display_init &rArr; pressure_refresh_frame &rArr; pressure_unit_hundredths &rArr; __aeabi_uldivmod &rArr; __aeabi_llsr
</UL>
<BR>[Calls]<UL><LI><a href="#[56]">&gt;&gt;</a>&nbsp;&nbsp;&nbsp;dc_led_init
<LI><a href="#[49]">&gt;&gt;</a>&nbsp;&nbsp;&nbsp;battery_icon_init
<LI><a href="#[55]">&gt;&gt;</a>&nbsp;&nbsp;&nbsp;pressure_display_init
<LI><a href="#[54]">&gt;&gt;</a>&nbsp;&nbsp;&nbsp;unit_led_init
<LI><a href="#[53]">&gt;&gt;</a>&nbsp;&nbsp;&nbsp;mode_led_init
</UL>
<BR>[Called By]<UL><LI><a href="#[13]">&gt;&gt;</a>&nbsp;&nbsp;&nbsp;main
</UL>

<P><STRONG><a name="[57]"></a>display_control_scan</STRONG> (Thumb, 340 bytes, Stack size 32 bytes, display_control_driver.o(i.display_control_scan))
<BR><BR>[Stack]<UL><LI>Max Depth = 288<LI>Call Chain = display_control_scan &rArr; uart_command_toggle_pump &rArr; uart_command_start_pump &rArr; uart_control_request &rArr; uart_protocol_send &rArr; uart_halfduplex_send &rArr; HAL_UART_Transmit &rArr; UART_WaitOnFlagUntilTimeout
</UL>
<BR>[Calls]<UL><LI><a href="#[67]">&gt;&gt;</a>&nbsp;&nbsp;&nbsp;uart_command_toggle_remote_led
<LI><a href="#[5b]">&gt;&gt;</a>&nbsp;&nbsp;&nbsp;uart_command_toggle_pump
<LI><a href="#[63]">&gt;&gt;</a>&nbsp;&nbsp;&nbsp;uart_command_take_charging_status
<LI><a href="#[68]">&gt;&gt;</a>&nbsp;&nbsp;&nbsp;option_bytes_scan
<LI><a href="#[64]">&gt;&gt;</a>&nbsp;&nbsp;&nbsp;dc_led_set_charging
<LI><a href="#[51]">&gt;&gt;</a>&nbsp;&nbsp;&nbsp;battery_icon_set_level
<LI><a href="#[50]">&gt;&gt;</a>&nbsp;&nbsp;&nbsp;battery_icon_set_charging
<LI><a href="#[4e]">&gt;&gt;</a>&nbsp;&nbsp;&nbsp;battery_icon_scan
<LI><a href="#[61]">&gt;&gt;</a>&nbsp;&nbsp;&nbsp;pressure_display_target_increase
<LI><a href="#[62]">&gt;&gt;</a>&nbsp;&nbsp;&nbsp;pressure_display_target_decrease
<LI><a href="#[65]">&gt;&gt;</a>&nbsp;&nbsp;&nbsp;pressure_display_set_actual_pa
<LI><a href="#[60]">&gt;&gt;</a>&nbsp;&nbsp;&nbsp;pressure_display_on_unit_changed
<LI><a href="#[5a]">&gt;&gt;</a>&nbsp;&nbsp;&nbsp;pressure_display_get_target_pa
<LI><a href="#[5f]">&gt;&gt;</a>&nbsp;&nbsp;&nbsp;unit_led_next
<LI><a href="#[5e]">&gt;&gt;</a>&nbsp;&nbsp;&nbsp;mode_led_next
<LI><a href="#[59]">&gt;&gt;</a>&nbsp;&nbsp;&nbsp;mode_led_get_current
<LI><a href="#[5d]">&gt;&gt;</a>&nbsp;&nbsp;&nbsp;led_set_enabled
<LI><a href="#[5c]">&gt;&gt;</a>&nbsp;&nbsp;&nbsp;led_is_enabled
<LI><a href="#[66]">&gt;&gt;</a>&nbsp;&nbsp;&nbsp;key_peek_event
<LI><a href="#[58]">&gt;&gt;</a>&nbsp;&nbsp;&nbsp;key_get_event
</UL>
<BR>[Called By]<UL><LI><a href="#[13]">&gt;&gt;</a>&nbsp;&nbsp;&nbsp;main
</UL>

<P><STRONG><a name="[58]"></a>key_get_event</STRONG> (Thumb, 34 bytes, Stack size 8 bytes, key_driver.o(i.key_get_event))
<BR><BR>[Stack]<UL><LI>Max Depth = 8<LI>Call Chain = key_get_event
</UL>
<BR>[Called By]<UL><LI><a href="#[68]">&gt;&gt;</a>&nbsp;&nbsp;&nbsp;option_bytes_scan
<LI><a href="#[57]">&gt;&gt;</a>&nbsp;&nbsp;&nbsp;display_control_scan
</UL>

<P><STRONG><a name="[6e]"></a>key_init</STRONG> (Thumb, 120 bytes, Stack size 16 bytes, key_driver.o(i.key_init))
<BR><BR>[Stack]<UL><LI>Max Depth = 72<LI>Call Chain = key_init &rArr; key_config_output &rArr; key_config_pin_output &rArr; HAL_GPIO_Init
</UL>
<BR>[Calls]<UL><LI><a href="#[20]">&gt;&gt;</a>&nbsp;&nbsp;&nbsp;HAL_GetTick
<LI><a href="#[6b]">&gt;&gt;</a>&nbsp;&nbsp;&nbsp;key_config_output
<LI><a href="#[69]">&gt;&gt;</a>&nbsp;&nbsp;&nbsp;key_config_input
</UL>
<BR>[Called By]<UL><LI><a href="#[13]">&gt;&gt;</a>&nbsp;&nbsp;&nbsp;main
</UL>

<P><STRONG><a name="[66]"></a>key_peek_event</STRONG> (Thumb, 20 bytes, Stack size 0 bytes, key_driver.o(i.key_peek_event))
<BR><BR>[Called By]<UL><LI><a href="#[57]">&gt;&gt;</a>&nbsp;&nbsp;&nbsp;display_control_scan
</UL>

<P><STRONG><a name="[6f]"></a>key_scan</STRONG> (Thumb, 264 bytes, Stack size 24 bytes, key_driver.o(i.key_scan))
<BR><BR>[Stack]<UL><LI>Max Depth = 80<LI>Call Chain = key_scan &rArr; key_config_output &rArr; key_config_pin_output &rArr; HAL_GPIO_Init
</UL>
<BR>[Calls]<UL><LI><a href="#[20]">&gt;&gt;</a>&nbsp;&nbsp;&nbsp;HAL_GetTick
<LI><a href="#[70]">&gt;&gt;</a>&nbsp;&nbsp;&nbsp;HAL_GPIO_ReadPin
<LI><a href="#[6b]">&gt;&gt;</a>&nbsp;&nbsp;&nbsp;key_config_output
<LI><a href="#[69]">&gt;&gt;</a>&nbsp;&nbsp;&nbsp;key_config_input
<LI><a href="#[2a]">&gt;&gt;</a>&nbsp;&nbsp;&nbsp;__aeabi_uidivmod
</UL>
<BR>[Called By]<UL><LI><a href="#[13]">&gt;&gt;</a>&nbsp;&nbsp;&nbsp;main
</UL>

<P><STRONG><a name="[76]"></a>led_clear</STRONG> (Thumb, 18 bytes, Stack size 0 bytes, led_driver.o(i.led_clear))
<BR><BR>[Called By]<UL><LI><a href="#[75]">&gt;&gt;</a>&nbsp;&nbsp;&nbsp;led_init
</UL>

<P><STRONG><a name="[75]"></a>led_init</STRONG> (Thumb, 160 bytes, Stack size 16 bytes, led_driver.o(i.led_init))
<BR><BR>[Stack]<UL><LI>Max Depth = 64<LI>Call Chain = led_init &rArr; led_config_pin_output &rArr; HAL_GPIO_Init
</UL>
<BR>[Calls]<UL><LI><a href="#[76]">&gt;&gt;</a>&nbsp;&nbsp;&nbsp;led_clear
<LI><a href="#[74]">&gt;&gt;</a>&nbsp;&nbsp;&nbsp;led_config_pin_output
<LI><a href="#[73]">&gt;&gt;</a>&nbsp;&nbsp;&nbsp;led_all_low_off
<LI><a href="#[71]">&gt;&gt;</a>&nbsp;&nbsp;&nbsp;led_all_high_off
<LI><a href="#[20]">&gt;&gt;</a>&nbsp;&nbsp;&nbsp;HAL_GetTick
</UL>
<BR>[Called By]<UL><LI><a href="#[13]">&gt;&gt;</a>&nbsp;&nbsp;&nbsp;main
</UL>

<P><STRONG><a name="[5c]"></a>led_is_enabled</STRONG> (Thumb, 6 bytes, Stack size 0 bytes, led_driver.o(i.led_is_enabled))
<BR><BR>[Called By]<UL><LI><a href="#[57]">&gt;&gt;</a>&nbsp;&nbsp;&nbsp;display_control_scan
</UL>

<P><STRONG><a name="[77]"></a>led_scan</STRONG> (Thumb, 144 bytes, Stack size 8 bytes, led_driver.o(i.led_scan))
<BR><BR>[Stack]<UL><LI>Max Depth = 32<LI>Call Chain = led_scan &rArr; led_set_unit_side
</UL>
<BR>[Calls]<UL><LI><a href="#[72]">&gt;&gt;</a>&nbsp;&nbsp;&nbsp;HAL_GPIO_WritePin
<LI><a href="#[7a]">&gt;&gt;</a>&nbsp;&nbsp;&nbsp;led_set_unit_side
<LI><a href="#[79]">&gt;&gt;</a>&nbsp;&nbsp;&nbsp;led_set_mode_side
<LI><a href="#[78]">&gt;&gt;</a>&nbsp;&nbsp;&nbsp;led_set_low_side
<LI><a href="#[73]">&gt;&gt;</a>&nbsp;&nbsp;&nbsp;led_all_low_off
<LI><a href="#[71]">&gt;&gt;</a>&nbsp;&nbsp;&nbsp;led_all_high_off
<LI><a href="#[20]">&gt;&gt;</a>&nbsp;&nbsp;&nbsp;HAL_GetTick
</UL>
<BR>[Called By]<UL><LI><a href="#[13]">&gt;&gt;</a>&nbsp;&nbsp;&nbsp;main
</UL>

<P><STRONG><a name="[5d]"></a>led_set_enabled</STRONG> (Thumb, 36 bytes, Stack size 8 bytes, led_driver.o(i.led_set_enabled))
<BR><BR>[Stack]<UL><LI>Max Depth = 16<LI>Call Chain = led_set_enabled &rArr; led_all_low_off
</UL>
<BR>[Calls]<UL><LI><a href="#[73]">&gt;&gt;</a>&nbsp;&nbsp;&nbsp;led_all_low_off
<LI><a href="#[71]">&gt;&gt;</a>&nbsp;&nbsp;&nbsp;led_all_high_off
</UL>
<BR>[Called By]<UL><LI><a href="#[57]">&gt;&gt;</a>&nbsp;&nbsp;&nbsp;display_control_scan
</UL>

<P><STRONG><a name="[4d]"></a>led_set_row</STRONG> (Thumb, 14 bytes, Stack size 0 bytes, led_driver.o(i.led_set_row))
<BR><BR>[Called By]<UL><LI><a href="#[4a]">&gt;&gt;</a>&nbsp;&nbsp;&nbsp;battery_icon_refresh
<LI><a href="#[8c]">&gt;&gt;</a>&nbsp;&nbsp;&nbsp;pressure_refresh_frame
</UL>

<P><STRONG><a name="[13]"></a>main</STRONG> (Thumb, 66 bytes, Stack size 0 bytes, main.o(i.main))
<BR><BR>[Stack]<UL><LI>Max Depth = 288<LI>Call Chain = main &rArr; display_control_scan &rArr; uart_command_toggle_pump &rArr; uart_command_start_pump &rArr; uart_control_request &rArr; uart_protocol_send &rArr; uart_halfduplex_send &rArr; HAL_UART_Transmit &rArr; UART_WaitOnFlagUntilTimeout
</UL>
<BR>[Calls]<UL><LI><a href="#[80]">&gt;&gt;</a>&nbsp;&nbsp;&nbsp;uart_control_task
<LI><a href="#[7f]">&gt;&gt;</a>&nbsp;&nbsp;&nbsp;uart_control_init
<LI><a href="#[81]">&gt;&gt;</a>&nbsp;&nbsp;&nbsp;uart_command_scan
<LI><a href="#[7e]">&gt;&gt;</a>&nbsp;&nbsp;&nbsp;option_bytes_boot_check
<LI><a href="#[77]">&gt;&gt;</a>&nbsp;&nbsp;&nbsp;led_scan
<LI><a href="#[75]">&gt;&gt;</a>&nbsp;&nbsp;&nbsp;led_init
<LI><a href="#[6f]">&gt;&gt;</a>&nbsp;&nbsp;&nbsp;key_scan
<LI><a href="#[6e]">&gt;&gt;</a>&nbsp;&nbsp;&nbsp;key_init
<LI><a href="#[57]">&gt;&gt;</a>&nbsp;&nbsp;&nbsp;display_control_scan
<LI><a href="#[52]">&gt;&gt;</a>&nbsp;&nbsp;&nbsp;display_control_init
<LI><a href="#[27]">&gt;&gt;</a>&nbsp;&nbsp;&nbsp;HAL_Init
<LI><a href="#[21]">&gt;&gt;</a>&nbsp;&nbsp;&nbsp;HAL_Delay
<LI><a href="#[48]">&gt;&gt;</a>&nbsp;&nbsp;&nbsp;app_error_handler
<LI><a href="#[46]">&gt;&gt;</a>&nbsp;&nbsp;&nbsp;app_system_clock_config
</UL>
<BR>[Address Reference Count : 1]<UL><LI> entry9a.o(.ARM.Collect$$$$0000000B)
</UL>
<P><STRONG><a name="[59]"></a>mode_led_get_current</STRONG> (Thumb, 6 bytes, Stack size 0 bytes, mode_led_driver.o(i.mode_led_get_current))
<BR><BR>[Called By]<UL><LI><a href="#[57]">&gt;&gt;</a>&nbsp;&nbsp;&nbsp;display_control_scan
</UL>

<P><STRONG><a name="[7b]"></a>mode_led_get_mask</STRONG> (Thumb, 12 bytes, Stack size 0 bytes, mode_led_driver.o(i.mode_led_get_mask))
<BR><BR>[Called By]<UL><LI><a href="#[79]">&gt;&gt;</a>&nbsp;&nbsp;&nbsp;led_set_mode_side
</UL>

<P><STRONG><a name="[53]"></a>mode_led_init</STRONG> (Thumb, 8 bytes, Stack size 0 bytes, mode_led_driver.o(i.mode_led_init))
<BR><BR>[Called By]<UL><LI><a href="#[52]">&gt;&gt;</a>&nbsp;&nbsp;&nbsp;display_control_init
</UL>

<P><STRONG><a name="[5e]"></a>mode_led_next</STRONG> (Thumb, 24 bytes, Stack size 0 bytes, mode_led_driver.o(i.mode_led_next))
<BR><BR>[Called By]<UL><LI><a href="#[57]">&gt;&gt;</a>&nbsp;&nbsp;&nbsp;display_control_scan
</UL>

<P><STRONG><a name="[7e]"></a>option_bytes_boot_check</STRONG> (Thumb, 20 bytes, Stack size 8 bytes, option_bytes_driver.o(i.option_bytes_boot_check))
<BR><BR>[Stack]<UL><LI>Max Depth = 72<LI>Call Chain = option_bytes_boot_check &rArr; option_bytes_configure_if_needed &rArr; HAL_FLASH_OBProgram &rArr; FLASH_WaitForLastOperation
</UL>
<BR>[Calls]<UL><LI><a href="#[82]">&gt;&gt;</a>&nbsp;&nbsp;&nbsp;option_bytes_is_s1_held
<LI><a href="#[83]">&gt;&gt;</a>&nbsp;&nbsp;&nbsp;option_bytes_configure_if_needed
</UL>
<BR>[Called By]<UL><LI><a href="#[13]">&gt;&gt;</a>&nbsp;&nbsp;&nbsp;main
</UL>

<P><STRONG><a name="[68]"></a>option_bytes_scan</STRONG> (Thumb, 24 bytes, Stack size 8 bytes, option_bytes_driver.o(i.option_bytes_scan))
<BR><BR>[Stack]<UL><LI>Max Depth = 72<LI>Call Chain = option_bytes_scan &rArr; option_bytes_configure_if_needed &rArr; HAL_FLASH_OBProgram &rArr; FLASH_WaitForLastOperation
</UL>
<BR>[Calls]<UL><LI><a href="#[83]">&gt;&gt;</a>&nbsp;&nbsp;&nbsp;option_bytes_configure_if_needed
<LI><a href="#[58]">&gt;&gt;</a>&nbsp;&nbsp;&nbsp;key_get_event
</UL>
<BR>[Called By]<UL><LI><a href="#[57]">&gt;&gt;</a>&nbsp;&nbsp;&nbsp;display_control_scan
</UL>

<P><STRONG><a name="[5a]"></a>pressure_display_get_target_pa</STRONG> (Thumb, 12 bytes, Stack size 0 bytes, pressure_display_driver.o(i.pressure_display_get_target_pa))
<BR><BR>[Called By]<UL><LI><a href="#[57]">&gt;&gt;</a>&nbsp;&nbsp;&nbsp;display_control_scan
</UL>

<P><STRONG><a name="[55]"></a>pressure_display_init</STRONG> (Thumb, 18 bytes, Stack size 8 bytes, pressure_display_driver.o(i.pressure_display_init))
<BR><BR>[Stack]<UL><LI>Max Depth = 128<LI>Call Chain = pressure_display_init &rArr; pressure_refresh_frame &rArr; pressure_unit_hundredths &rArr; __aeabi_uldivmod &rArr; __aeabi_llsr
</UL>
<BR>[Calls]<UL><LI><a href="#[8c]">&gt;&gt;</a>&nbsp;&nbsp;&nbsp;pressure_refresh_frame
</UL>
<BR>[Called By]<UL><LI><a href="#[52]">&gt;&gt;</a>&nbsp;&nbsp;&nbsp;display_control_init
</UL>

<P><STRONG><a name="[60]"></a>pressure_display_on_unit_changed</STRONG> (Thumb, 8 bytes, Stack size 8 bytes, pressure_display_driver.o(i.pressure_display_on_unit_changed))
<BR><BR>[Stack]<UL><LI>Max Depth = 128<LI>Call Chain = pressure_display_on_unit_changed &rArr; pressure_refresh_frame &rArr; pressure_unit_hundredths &rArr; __aeabi_uldivmod &rArr; __aeabi_llsr
</UL>
<BR>[Calls]<UL><LI><a href="#[8c]">&gt;&gt;</a>&nbsp;&nbsp;&nbsp;pressure_refresh_frame
</UL>
<BR>[Called By]<UL><LI><a href="#[57]">&gt;&gt;</a>&nbsp;&nbsp;&nbsp;display_control_scan
</UL>

<P><STRONG><a name="[65]"></a>pressure_display_set_actual_pa</STRONG> (Thumb, 52 bytes, Stack size 16 bytes, pressure_display_driver.o(i.pressure_display_set_actual_pa))
<BR><BR>[Stack]<UL><LI>Max Depth = 136<LI>Call Chain = pressure_display_set_actual_pa &rArr; pressure_refresh_frame &rArr; pressure_unit_hundredths &rArr; __aeabi_uldivmod &rArr; __aeabi_llsr
</UL>
<BR>[Calls]<UL><LI><a href="#[8c]">&gt;&gt;</a>&nbsp;&nbsp;&nbsp;pressure_refresh_frame
<LI><a href="#[2a]">&gt;&gt;</a>&nbsp;&nbsp;&nbsp;__aeabi_uidivmod
</UL>
<BR>[Called By]<UL><LI><a href="#[57]">&gt;&gt;</a>&nbsp;&nbsp;&nbsp;display_control_scan
</UL>

<P><STRONG><a name="[62]"></a>pressure_display_target_decrease</STRONG> (Thumb, 78 bytes, Stack size 16 bytes, pressure_display_driver.o(i.pressure_display_target_decrease))
<BR><BR>[Stack]<UL><LI>Max Depth = 136<LI>Call Chain = pressure_display_target_decrease &rArr; pressure_refresh_frame &rArr; pressure_unit_hundredths &rArr; __aeabi_uldivmod &rArr; __aeabi_llsr
</UL>
<BR>[Calls]<UL><LI><a href="#[90]">&gt;&gt;</a>&nbsp;&nbsp;&nbsp;pressure_unit_hundredths_to_base
<LI><a href="#[8e]">&gt;&gt;</a>&nbsp;&nbsp;&nbsp;pressure_unit_hundredths
<LI><a href="#[8c]">&gt;&gt;</a>&nbsp;&nbsp;&nbsp;pressure_refresh_frame
<LI><a href="#[8f]">&gt;&gt;</a>&nbsp;&nbsp;&nbsp;pressure_hundredths_to_display
<LI><a href="#[8d]">&gt;&gt;</a>&nbsp;&nbsp;&nbsp;unit_led_get_current
<LI><a href="#[2a]">&gt;&gt;</a>&nbsp;&nbsp;&nbsp;__aeabi_uidivmod
</UL>
<BR>[Called By]<UL><LI><a href="#[57]">&gt;&gt;</a>&nbsp;&nbsp;&nbsp;display_control_scan
</UL>

<P><STRONG><a name="[61]"></a>pressure_display_target_increase</STRONG> (Thumb, 80 bytes, Stack size 16 bytes, pressure_display_driver.o(i.pressure_display_target_increase))
<BR><BR>[Stack]<UL><LI>Max Depth = 136<LI>Call Chain = pressure_display_target_increase &rArr; pressure_refresh_frame &rArr; pressure_unit_hundredths &rArr; __aeabi_uldivmod &rArr; __aeabi_llsr
</UL>
<BR>[Calls]<UL><LI><a href="#[90]">&gt;&gt;</a>&nbsp;&nbsp;&nbsp;pressure_unit_hundredths_to_base
<LI><a href="#[8e]">&gt;&gt;</a>&nbsp;&nbsp;&nbsp;pressure_unit_hundredths
<LI><a href="#[8c]">&gt;&gt;</a>&nbsp;&nbsp;&nbsp;pressure_refresh_frame
<LI><a href="#[8f]">&gt;&gt;</a>&nbsp;&nbsp;&nbsp;pressure_hundredths_to_display
<LI><a href="#[8d]">&gt;&gt;</a>&nbsp;&nbsp;&nbsp;unit_led_get_current
<LI><a href="#[2a]">&gt;&gt;</a>&nbsp;&nbsp;&nbsp;__aeabi_uidivmod
</UL>
<BR>[Called By]<UL><LI><a href="#[57]">&gt;&gt;</a>&nbsp;&nbsp;&nbsp;display_control_scan
</UL>

<P><STRONG><a name="[92]"></a>uart_command_pause_pump</STRONG> (Thumb, 14 bytes, Stack size 8 bytes, uart_command_driver.o(i.uart_command_pause_pump))
<BR><BR>[Stack]<UL><LI>Max Depth = 224<LI>Call Chain = uart_command_pause_pump &rArr; uart_control_request &rArr; uart_protocol_send &rArr; uart_halfduplex_send &rArr; HAL_UART_Transmit &rArr; UART_WaitOnFlagUntilTimeout
</UL>
<BR>[Calls]<UL><LI><a href="#[93]">&gt;&gt;</a>&nbsp;&nbsp;&nbsp;uart_control_request
</UL>
<BR>[Called By]<UL><LI><a href="#[5b]">&gt;&gt;</a>&nbsp;&nbsp;&nbsp;uart_command_toggle_pump
</UL>

<P><STRONG><a name="[81]"></a>uart_command_scan</STRONG> (Thumb, 56 bytes, Stack size 8 bytes, uart_command_driver.o(i.uart_command_scan))
<BR><BR>[Stack]<UL><LI>Max Depth = 224<LI>Call Chain = uart_command_scan &rArr; uart_control_request &rArr; uart_protocol_send &rArr; uart_halfduplex_send &rArr; HAL_UART_Transmit &rArr; UART_WaitOnFlagUntilTimeout
</UL>
<BR>[Calls]<UL><LI><a href="#[20]">&gt;&gt;</a>&nbsp;&nbsp;&nbsp;HAL_GetTick
<LI><a href="#[93]">&gt;&gt;</a>&nbsp;&nbsp;&nbsp;uart_control_request
<LI><a href="#[94]">&gt;&gt;</a>&nbsp;&nbsp;&nbsp;uart_control_is_busy
</UL>
<BR>[Called By]<UL><LI><a href="#[13]">&gt;&gt;</a>&nbsp;&nbsp;&nbsp;main
</UL>

<P><STRONG><a name="[95]"></a>uart_command_set_remote_led</STRONG> (Thumb, 34 bytes, Stack size 8 bytes, uart_command_driver.o(i.uart_command_set_remote_led))
<BR><BR>[Stack]<UL><LI>Max Depth = 224<LI>Call Chain = uart_command_set_remote_led &rArr; uart_control_request &rArr; uart_protocol_send &rArr; uart_halfduplex_send &rArr; HAL_UART_Transmit &rArr; UART_WaitOnFlagUntilTimeout
</UL>
<BR>[Calls]<UL><LI><a href="#[93]">&gt;&gt;</a>&nbsp;&nbsp;&nbsp;uart_control_request
</UL>
<BR>[Called By]<UL><LI><a href="#[67]">&gt;&gt;</a>&nbsp;&nbsp;&nbsp;uart_command_toggle_remote_led
</UL>

<P><STRONG><a name="[96]"></a>uart_command_start_pump</STRONG> (Thumb, 54 bytes, Stack size 24 bytes, uart_command_driver.o(i.uart_command_start_pump))
<BR><BR>[Stack]<UL><LI>Max Depth = 240<LI>Call Chain = uart_command_start_pump &rArr; uart_control_request &rArr; uart_protocol_send &rArr; uart_halfduplex_send &rArr; HAL_UART_Transmit &rArr; UART_WaitOnFlagUntilTimeout
</UL>
<BR>[Calls]<UL><LI><a href="#[93]">&gt;&gt;</a>&nbsp;&nbsp;&nbsp;uart_control_request
<LI><a href="#[97]">&gt;&gt;</a>&nbsp;&nbsp;&nbsp;uart_command_valid_pump_mode
<LI><a href="#[98]">&gt;&gt;</a>&nbsp;&nbsp;&nbsp;uart_command_encode_u32_le
</UL>
<BR>[Called By]<UL><LI><a href="#[5b]">&gt;&gt;</a>&nbsp;&nbsp;&nbsp;uart_command_toggle_pump
</UL>

<P><STRONG><a name="[63]"></a>uart_command_take_charging_status</STRONG> (Thumb, 56 bytes, Stack size 8 bytes, uart_command_driver.o(i.uart_command_take_charging_status))
<BR><BR>[Stack]<UL><LI>Max Depth = 8<LI>Call Chain = uart_command_take_charging_status
</UL>
<BR>[Called By]<UL><LI><a href="#[57]">&gt;&gt;</a>&nbsp;&nbsp;&nbsp;display_control_scan
</UL>

<P><STRONG><a name="[5b]"></a>uart_command_toggle_pump</STRONG> (Thumb, 42 bytes, Stack size 16 bytes, uart_command_driver.o(i.uart_command_toggle_pump))
<BR><BR>[Stack]<UL><LI>Max Depth = 256<LI>Call Chain = uart_command_toggle_pump &rArr; uart_command_start_pump &rArr; uart_control_request &rArr; uart_protocol_send &rArr; uart_halfduplex_send &rArr; HAL_UART_Transmit &rArr; UART_WaitOnFlagUntilTimeout
</UL>
<BR>[Calls]<UL><LI><a href="#[94]">&gt;&gt;</a>&nbsp;&nbsp;&nbsp;uart_control_is_busy
<LI><a href="#[96]">&gt;&gt;</a>&nbsp;&nbsp;&nbsp;uart_command_start_pump
<LI><a href="#[92]">&gt;&gt;</a>&nbsp;&nbsp;&nbsp;uart_command_pause_pump
</UL>
<BR>[Called By]<UL><LI><a href="#[57]">&gt;&gt;</a>&nbsp;&nbsp;&nbsp;display_control_scan
</UL>

<P><STRONG><a name="[67]"></a>uart_command_toggle_remote_led</STRONG> (Thumb, 38 bytes, Stack size 8 bytes, uart_command_driver.o(i.uart_command_toggle_remote_led))
<BR><BR>[Stack]<UL><LI>Max Depth = 232<LI>Call Chain = uart_command_toggle_remote_led &rArr; uart_command_set_remote_led &rArr; uart_control_request &rArr; uart_protocol_send &rArr; uart_halfduplex_send &rArr; HAL_UART_Transmit &rArr; UART_WaitOnFlagUntilTimeout
</UL>
<BR>[Calls]<UL><LI><a href="#[94]">&gt;&gt;</a>&nbsp;&nbsp;&nbsp;uart_control_is_busy
<LI><a href="#[95]">&gt;&gt;</a>&nbsp;&nbsp;&nbsp;uart_command_set_remote_led
</UL>
<BR>[Called By]<UL><LI><a href="#[57]">&gt;&gt;</a>&nbsp;&nbsp;&nbsp;display_control_scan
</UL>

<P><STRONG><a name="[7f]"></a>uart_control_init</STRONG> (Thumb, 94 bytes, Stack size 8 bytes, uart_command_driver.o(i.uart_control_init))
<BR><BR>[Stack]<UL><LI>Max Depth = 92<LI>Call Chain = uart_control_init &rArr; uart_halfduplex_init &rArr; HAL_HalfDuplex_Init &rArr; UART_SetConfig &rArr; __aeabi_uidivmod
</UL>
<BR>[Calls]<UL><LI><a href="#[20]">&gt;&gt;</a>&nbsp;&nbsp;&nbsp;HAL_GetTick
<LI><a href="#[99]">&gt;&gt;</a>&nbsp;&nbsp;&nbsp;uart_protocol_init
<LI><a href="#[9a]">&gt;&gt;</a>&nbsp;&nbsp;&nbsp;uart_halfduplex_init
</UL>
<BR>[Called By]<UL><LI><a href="#[13]">&gt;&gt;</a>&nbsp;&nbsp;&nbsp;main
</UL>

<P><STRONG><a name="[45]"></a>uart_control_irq_handler</STRONG> (Thumb, 8 bytes, Stack size 8 bytes, uart_command_driver.o(i.uart_control_irq_handler))
<BR><BR>[Stack]<UL><LI>Max Depth = 88<LI>Call Chain = uart_control_irq_handler &rArr; uart_halfduplex_irq_handler &rArr; HAL_UART_IRQHandler &rArr; UART_Receive_IT &rArr; HAL_UART_RxCpltCallback &rArr; uart_protocol_irq_feed_byte &rArr; __ARM_common_switch8
</UL>
<BR>[Calls]<UL><LI><a href="#[9b]">&gt;&gt;</a>&nbsp;&nbsp;&nbsp;uart_halfduplex_irq_handler
</UL>
<BR>[Called By]<UL><LI><a href="#[12]">&gt;&gt;</a>&nbsp;&nbsp;&nbsp;USART1_IRQHandler
</UL>

<P><STRONG><a name="[94]"></a>uart_control_is_busy</STRONG> (Thumb, 6 bytes, Stack size 0 bytes, uart_command_driver.o(i.uart_control_is_busy))
<BR><BR>[Called By]<UL><LI><a href="#[67]">&gt;&gt;</a>&nbsp;&nbsp;&nbsp;uart_command_toggle_remote_led
<LI><a href="#[5b]">&gt;&gt;</a>&nbsp;&nbsp;&nbsp;uart_command_toggle_pump
<LI><a href="#[81]">&gt;&gt;</a>&nbsp;&nbsp;&nbsp;uart_command_scan
</UL>

<P><STRONG><a name="[93]"></a>uart_control_request</STRONG> (Thumb, 104 bytes, Stack size 16 bytes, uart_command_driver.o(i.uart_control_request))
<BR><BR>[Stack]<UL><LI>Max Depth = 216<LI>Call Chain = uart_control_request &rArr; uart_protocol_send &rArr; uart_halfduplex_send &rArr; HAL_UART_Transmit &rArr; UART_WaitOnFlagUntilTimeout
</UL>
<BR>[Calls]<UL><LI><a href="#[20]">&gt;&gt;</a>&nbsp;&nbsp;&nbsp;HAL_GetTick
<LI><a href="#[9f]">&gt;&gt;</a>&nbsp;&nbsp;&nbsp;uart_control_unlock
<LI><a href="#[9c]">&gt;&gt;</a>&nbsp;&nbsp;&nbsp;uart_control_try_lock
<LI><a href="#[9e]">&gt;&gt;</a>&nbsp;&nbsp;&nbsp;uart_protocol_send
<LI><a href="#[9d]">&gt;&gt;</a>&nbsp;&nbsp;&nbsp;uart_protocol_discard_frame
</UL>
<BR>[Called By]<UL><LI><a href="#[81]">&gt;&gt;</a>&nbsp;&nbsp;&nbsp;uart_command_scan
<LI><a href="#[96]">&gt;&gt;</a>&nbsp;&nbsp;&nbsp;uart_command_start_pump
<LI><a href="#[95]">&gt;&gt;</a>&nbsp;&nbsp;&nbsp;uart_command_set_remote_led
<LI><a href="#[92]">&gt;&gt;</a>&nbsp;&nbsp;&nbsp;uart_command_pause_pump
</UL>

<P><STRONG><a name="[80]"></a>uart_control_task</STRONG> (Thumb, 302 bytes, Stack size 64 bytes, uart_command_driver.o(i.uart_control_task))
<BR><BR>[Stack]<UL><LI>Max Depth = 80<LI>Call Chain = uart_control_task &rArr; uart_protocol_timeout_scan &rArr; uart_protocol_parser_reset
</UL>
<BR>[Calls]<UL><LI><a href="#[20]">&gt;&gt;</a>&nbsp;&nbsp;&nbsp;HAL_GetTick
<LI><a href="#[9f]">&gt;&gt;</a>&nbsp;&nbsp;&nbsp;uart_control_unlock
<LI><a href="#[a3]">&gt;&gt;</a>&nbsp;&nbsp;&nbsp;uart_command_validate_response
<LI><a href="#[a4]">&gt;&gt;</a>&nbsp;&nbsp;&nbsp;uart_command_decode_u32_le
<LI><a href="#[a0]">&gt;&gt;</a>&nbsp;&nbsp;&nbsp;uart_protocol_timeout_scan
<LI><a href="#[a2]">&gt;&gt;</a>&nbsp;&nbsp;&nbsp;uart_protocol_get_frame
<LI><a href="#[a1]">&gt;&gt;</a>&nbsp;&nbsp;&nbsp;uart_protocol_frame_available
</UL>
<BR>[Called By]<UL><LI><a href="#[13]">&gt;&gt;</a>&nbsp;&nbsp;&nbsp;main
</UL>

<P><STRONG><a name="[9a]"></a>uart_halfduplex_init</STRONG> (Thumb, 232 bytes, Stack size 32 bytes, uart_halfduplex_driver.o(i.uart_halfduplex_init))
<BR><BR>[Stack]<UL><LI>Max Depth = 84<LI>Call Chain = uart_halfduplex_init &rArr; HAL_HalfDuplex_Init &rArr; UART_SetConfig &rArr; __aeabi_uidivmod
</UL>
<BR>[Calls]<UL><LI><a href="#[6d]">&gt;&gt;</a>&nbsp;&nbsp;&nbsp;HAL_GPIO_Init
<LI><a href="#[48]">&gt;&gt;</a>&nbsp;&nbsp;&nbsp;app_error_handler
<LI><a href="#[2c]">&gt;&gt;</a>&nbsp;&nbsp;&nbsp;HAL_NVIC_SetPriority
<LI><a href="#[a5]">&gt;&gt;</a>&nbsp;&nbsp;&nbsp;HAL_NVIC_EnableIRQ
<LI><a href="#[24]">&gt;&gt;</a>&nbsp;&nbsp;&nbsp;HAL_HalfDuplex_Init
<LI><a href="#[36]">&gt;&gt;</a>&nbsp;&nbsp;&nbsp;HAL_HalfDuplex_EnableReceiver
<LI><a href="#[37]">&gt;&gt;</a>&nbsp;&nbsp;&nbsp;uart_halfduplex_start_receive_interrupt
<LI><a href="#[47]">&gt;&gt;</a>&nbsp;&nbsp;&nbsp;__aeabi_memclr4
</UL>
<BR>[Called By]<UL><LI><a href="#[7f]">&gt;&gt;</a>&nbsp;&nbsp;&nbsp;uart_control_init
</UL>

<P><STRONG><a name="[9b]"></a>uart_halfduplex_irq_handler</STRONG> (Thumb, 18 bytes, Stack size 8 bytes, uart_halfduplex_driver.o(i.uart_halfduplex_irq_handler))
<BR><BR>[Stack]<UL><LI>Max Depth = 80<LI>Call Chain = uart_halfduplex_irq_handler &rArr; HAL_UART_IRQHandler &rArr; UART_Receive_IT &rArr; HAL_UART_RxCpltCallback &rArr; uart_protocol_irq_feed_byte &rArr; __ARM_common_switch8
</UL>
<BR>[Calls]<UL><LI><a href="#[38]">&gt;&gt;</a>&nbsp;&nbsp;&nbsp;HAL_UART_IRQHandler
</UL>
<BR>[Called By]<UL><LI><a href="#[45]">&gt;&gt;</a>&nbsp;&nbsp;&nbsp;uart_control_irq_handler
</UL>

<P><STRONG><a name="[a6]"></a>uart_halfduplex_send</STRONG> (Thumb, 66 bytes, Stack size 24 bytes, uart_halfduplex_driver.o(i.uart_halfduplex_send))
<BR><BR>[Stack]<UL><LI>Max Depth = 112<LI>Call Chain = uart_halfduplex_send &rArr; HAL_UART_Transmit &rArr; UART_WaitOnFlagUntilTimeout
</UL>
<BR>[Calls]<UL><LI><a href="#[40]">&gt;&gt;</a>&nbsp;&nbsp;&nbsp;HAL_UART_Transmit
<LI><a href="#[a7]">&gt;&gt;</a>&nbsp;&nbsp;&nbsp;uart_halfduplex_set_tx
<LI><a href="#[a8]">&gt;&gt;</a>&nbsp;&nbsp;&nbsp;uart_halfduplex_set_rx
</UL>
<BR>[Called By]<UL><LI><a href="#[9e]">&gt;&gt;</a>&nbsp;&nbsp;&nbsp;uart_protocol_send
</UL>

<P><STRONG><a name="[a8]"></a>uart_halfduplex_set_rx</STRONG> (Thumb, 52 bytes, Stack size 8 bytes, uart_halfduplex_driver.o(i.uart_halfduplex_set_rx))
<BR><BR>[Stack]<UL><LI>Max Depth = 24<LI>Call Chain = uart_halfduplex_set_rx &rArr; uart_halfduplex_start_receive_interrupt &rArr; HAL_UART_Receive_IT
</UL>
<BR>[Calls]<UL><LI><a href="#[48]">&gt;&gt;</a>&nbsp;&nbsp;&nbsp;app_error_handler
<LI><a href="#[36]">&gt;&gt;</a>&nbsp;&nbsp;&nbsp;HAL_HalfDuplex_EnableReceiver
<LI><a href="#[37]">&gt;&gt;</a>&nbsp;&nbsp;&nbsp;uart_halfduplex_start_receive_interrupt
</UL>
<BR>[Called By]<UL><LI><a href="#[a6]">&gt;&gt;</a>&nbsp;&nbsp;&nbsp;uart_halfduplex_send
</UL>

<P><STRONG><a name="[a7]"></a>uart_halfduplex_set_tx</STRONG> (Thumb, 54 bytes, Stack size 8 bytes, uart_halfduplex_driver.o(i.uart_halfduplex_set_tx))
<BR><BR>[Stack]<UL><LI>Max Depth = 8<LI>Call Chain = uart_halfduplex_set_tx
</UL>
<BR>[Calls]<UL><LI><a href="#[48]">&gt;&gt;</a>&nbsp;&nbsp;&nbsp;app_error_handler
<LI><a href="#[35]">&gt;&gt;</a>&nbsp;&nbsp;&nbsp;HAL_UART_AbortReceive
<LI><a href="#[a9]">&gt;&gt;</a>&nbsp;&nbsp;&nbsp;HAL_HalfDuplex_EnableTransmitter
</UL>
<BR>[Called By]<UL><LI><a href="#[a6]">&gt;&gt;</a>&nbsp;&nbsp;&nbsp;uart_halfduplex_send
</UL>

<P><STRONG><a name="[9d]"></a>uart_protocol_discard_frame</STRONG> (Thumb, 30 bytes, Stack size 8 bytes, uart_protocol_driver.o(i.uart_protocol_discard_frame))
<BR><BR>[Stack]<UL><LI>Max Depth = 16<LI>Call Chain = uart_protocol_discard_frame &rArr; uart_protocol_parser_reset
</UL>
<BR>[Calls]<UL><LI><a href="#[ab]">&gt;&gt;</a>&nbsp;&nbsp;&nbsp;uart_protocol_parser_reset
</UL>
<BR>[Called By]<UL><LI><a href="#[93]">&gt;&gt;</a>&nbsp;&nbsp;&nbsp;uart_control_request
</UL>

<P><STRONG><a name="[a1]"></a>uart_protocol_frame_available</STRONG> (Thumb, 6 bytes, Stack size 0 bytes, uart_protocol_driver.o(i.uart_protocol_frame_available))
<BR><BR>[Called By]<UL><LI><a href="#[80]">&gt;&gt;</a>&nbsp;&nbsp;&nbsp;uart_control_task
</UL>

<P><STRONG><a name="[a2]"></a>uart_protocol_get_frame</STRONG> (Thumb, 104 bytes, Stack size 16 bytes, uart_protocol_driver.o(i.uart_protocol_get_frame))
<BR><BR>[Stack]<UL><LI>Max Depth = 16<LI>Call Chain = uart_protocol_get_frame
</UL>
<BR>[Called By]<UL><LI><a href="#[80]">&gt;&gt;</a>&nbsp;&nbsp;&nbsp;uart_control_task
</UL>

<P><STRONG><a name="[99]"></a>uart_protocol_init</STRONG> (Thumb, 44 bytes, Stack size 8 bytes, uart_protocol_driver.o(i.uart_protocol_init))
<BR><BR>[Stack]<UL><LI>Max Depth = 16<LI>Call Chain = uart_protocol_init &rArr; uart_protocol_parser_reset
</UL>
<BR>[Calls]<UL><LI><a href="#[ab]">&gt;&gt;</a>&nbsp;&nbsp;&nbsp;uart_protocol_parser_reset
</UL>
<BR>[Called By]<UL><LI><a href="#[7f]">&gt;&gt;</a>&nbsp;&nbsp;&nbsp;uart_control_init
</UL>

<P><STRONG><a name="[3f]"></a>uart_protocol_irq_feed_byte</STRONG> (Thumb, 260 bytes, Stack size 8 bytes, uart_protocol_driver.o(i.uart_protocol_irq_feed_byte))
<BR><BR>[Stack]<UL><LI>Max Depth = 16<LI>Call Chain = uart_protocol_irq_feed_byte &rArr; __ARM_common_switch8
</UL>
<BR>[Calls]<UL><LI><a href="#[20]">&gt;&gt;</a>&nbsp;&nbsp;&nbsp;HAL_GetTick
<LI><a href="#[ac]">&gt;&gt;</a>&nbsp;&nbsp;&nbsp;__ARM_common_switch8
<LI><a href="#[ad]">&gt;&gt;</a>&nbsp;&nbsp;&nbsp;uart_protocol_restart_from_byte
<LI><a href="#[ab]">&gt;&gt;</a>&nbsp;&nbsp;&nbsp;uart_protocol_parser_reset
</UL>
<BR>[Called By]<UL><LI><a href="#[3e]">&gt;&gt;</a>&nbsp;&nbsp;&nbsp;HAL_UART_RxCpltCallback
</UL>

<P><STRONG><a name="[9e]"></a>uart_protocol_send</STRONG> (Thumb, 108 bytes, Stack size 88 bytes, uart_protocol_driver.o(i.uart_protocol_send))
<BR><BR>[Stack]<UL><LI>Max Depth = 200<LI>Call Chain = uart_protocol_send &rArr; uart_halfduplex_send &rArr; HAL_UART_Transmit &rArr; UART_WaitOnFlagUntilTimeout
</UL>
<BR>[Calls]<UL><LI><a href="#[ab]">&gt;&gt;</a>&nbsp;&nbsp;&nbsp;uart_protocol_parser_reset
<LI><a href="#[ae]">&gt;&gt;</a>&nbsp;&nbsp;&nbsp;uart_protocol_checksum
<LI><a href="#[a6]">&gt;&gt;</a>&nbsp;&nbsp;&nbsp;uart_halfduplex_send
</UL>
<BR>[Called By]<UL><LI><a href="#[93]">&gt;&gt;</a>&nbsp;&nbsp;&nbsp;uart_control_request
</UL>

<P><STRONG><a name="[a0]"></a>uart_protocol_timeout_scan</STRONG> (Thumb, 46 bytes, Stack size 8 bytes, uart_protocol_driver.o(i.uart_protocol_timeout_scan))
<BR><BR>[Stack]<UL><LI>Max Depth = 16<LI>Call Chain = uart_protocol_timeout_scan &rArr; uart_protocol_parser_reset
</UL>
<BR>[Calls]<UL><LI><a href="#[20]">&gt;&gt;</a>&nbsp;&nbsp;&nbsp;HAL_GetTick
<LI><a href="#[ab]">&gt;&gt;</a>&nbsp;&nbsp;&nbsp;uart_protocol_parser_reset
</UL>
<BR>[Called By]<UL><LI><a href="#[80]">&gt;&gt;</a>&nbsp;&nbsp;&nbsp;uart_control_task
</UL>

<P><STRONG><a name="[8d]"></a>unit_led_get_current</STRONG> (Thumb, 6 bytes, Stack size 0 bytes, unit_led_driver.o(i.unit_led_get_current))
<BR><BR>[Called By]<UL><LI><a href="#[61]">&gt;&gt;</a>&nbsp;&nbsp;&nbsp;pressure_display_target_increase
<LI><a href="#[62]">&gt;&gt;</a>&nbsp;&nbsp;&nbsp;pressure_display_target_decrease
<LI><a href="#[8c]">&gt;&gt;</a>&nbsp;&nbsp;&nbsp;pressure_refresh_frame
</UL>

<P><STRONG><a name="[7d]"></a>unit_led_get_index</STRONG> (Thumb, 6 bytes, Stack size 0 bytes, unit_led_driver.o(i.unit_led_get_index))
<BR><BR>[Called By]<UL><LI><a href="#[7a]">&gt;&gt;</a>&nbsp;&nbsp;&nbsp;led_set_unit_side
</UL>

<P><STRONG><a name="[54]"></a>unit_led_init</STRONG> (Thumb, 8 bytes, Stack size 0 bytes, unit_led_driver.o(i.unit_led_init))
<BR><BR>[Called By]<UL><LI><a href="#[52]">&gt;&gt;</a>&nbsp;&nbsp;&nbsp;display_control_init
</UL>

<P><STRONG><a name="[5f]"></a>unit_led_next</STRONG> (Thumb, 24 bytes, Stack size 0 bytes, unit_led_driver.o(i.unit_led_next))
<BR><BR>[Called By]<UL><LI><a href="#[57]">&gt;&gt;</a>&nbsp;&nbsp;&nbsp;display_control_scan
</UL>
<P>
<H3>
Local Symbols
</H3>
<P><STRONG><a name="[43]"></a>DelayTime</STRONG> (Thumb, 24 bytes, Stack size 8 bytes, system_py32f002b.o(i.DelayTime))
<BR><BR>[Stack]<UL><LI>Max Depth = 8<LI>Call Chain = DelayTime
</UL>
<BR>[Called By]<UL><LI><a href="#[14]">&gt;&gt;</a>&nbsp;&nbsp;&nbsp;SystemInit
</UL>

<P><STRONG><a name="[46]"></a>app_system_clock_config</STRONG> (Thumb, 88 bytes, Stack size 56 bytes, main.o(i.app_system_clock_config))
<BR><BR>[Stack]<UL><LI>Max Depth = 132<LI>Call Chain = app_system_clock_config &rArr; HAL_RCC_OscConfig &rArr; HAL_RCC_GetSysClockFreq &rArr; __aeabi_uidivmod
</UL>
<BR>[Calls]<UL><LI><a href="#[33]">&gt;&gt;</a>&nbsp;&nbsp;&nbsp;HAL_RCC_OscConfig
<LI><a href="#[2e]">&gt;&gt;</a>&nbsp;&nbsp;&nbsp;HAL_RCC_ClockConfig
<LI><a href="#[48]">&gt;&gt;</a>&nbsp;&nbsp;&nbsp;app_error_handler
<LI><a href="#[47]">&gt;&gt;</a>&nbsp;&nbsp;&nbsp;__aeabi_memclr4
</UL>
<BR>[Called By]<UL><LI><a href="#[13]">&gt;&gt;</a>&nbsp;&nbsp;&nbsp;main
</UL>

<P><STRONG><a name="[69]"></a>key_config_input</STRONG> (Thumb, 30 bytes, Stack size 8 bytes, key_driver.o(i.key_config_input))
<BR><BR>[Stack]<UL><LI>Max Depth = 56<LI>Call Chain = key_config_input &rArr; key_config_pin_input &rArr; HAL_GPIO_Init
</UL>
<BR>[Calls]<UL><LI><a href="#[6a]">&gt;&gt;</a>&nbsp;&nbsp;&nbsp;key_config_pin_input
</UL>
<BR>[Called By]<UL><LI><a href="#[6f]">&gt;&gt;</a>&nbsp;&nbsp;&nbsp;key_scan
<LI><a href="#[6e]">&gt;&gt;</a>&nbsp;&nbsp;&nbsp;key_init
</UL>

<P><STRONG><a name="[6b]"></a>key_config_output</STRONG> (Thumb, 30 bytes, Stack size 8 bytes, key_driver.o(i.key_config_output))
<BR><BR>[Stack]<UL><LI>Max Depth = 56<LI>Call Chain = key_config_output &rArr; key_config_pin_output &rArr; HAL_GPIO_Init
</UL>
<BR>[Calls]<UL><LI><a href="#[6c]">&gt;&gt;</a>&nbsp;&nbsp;&nbsp;key_config_pin_output
</UL>
<BR>[Called By]<UL><LI><a href="#[6f]">&gt;&gt;</a>&nbsp;&nbsp;&nbsp;key_scan
<LI><a href="#[6e]">&gt;&gt;</a>&nbsp;&nbsp;&nbsp;key_init
</UL>

<P><STRONG><a name="[6a]"></a>key_config_pin_input</STRONG> (Thumb, 42 bytes, Stack size 32 bytes, key_driver.o(i.key_config_pin_input))
<BR><BR>[Stack]<UL><LI>Max Depth = 48<LI>Call Chain = key_config_pin_input &rArr; HAL_GPIO_Init
</UL>
<BR>[Calls]<UL><LI><a href="#[6d]">&gt;&gt;</a>&nbsp;&nbsp;&nbsp;HAL_GPIO_Init
<LI><a href="#[47]">&gt;&gt;</a>&nbsp;&nbsp;&nbsp;__aeabi_memclr4
</UL>
<BR>[Called By]<UL><LI><a href="#[69]">&gt;&gt;</a>&nbsp;&nbsp;&nbsp;key_config_input
</UL>

<P><STRONG><a name="[6c]"></a>key_config_pin_output</STRONG> (Thumb, 40 bytes, Stack size 32 bytes, key_driver.o(i.key_config_pin_output))
<BR><BR>[Stack]<UL><LI>Max Depth = 48<LI>Call Chain = key_config_pin_output &rArr; HAL_GPIO_Init
</UL>
<BR>[Calls]<UL><LI><a href="#[6d]">&gt;&gt;</a>&nbsp;&nbsp;&nbsp;HAL_GPIO_Init
<LI><a href="#[47]">&gt;&gt;</a>&nbsp;&nbsp;&nbsp;__aeabi_memclr4
</UL>
<BR>[Called By]<UL><LI><a href="#[6b]">&gt;&gt;</a>&nbsp;&nbsp;&nbsp;key_config_output
</UL>

<P><STRONG><a name="[71]"></a>led_all_high_off</STRONG> (Thumb, 32 bytes, Stack size 8 bytes, led_driver.o(i.led_all_high_off))
<BR><BR>[Stack]<UL><LI>Max Depth = 8<LI>Call Chain = led_all_high_off
</UL>
<BR>[Calls]<UL><LI><a href="#[72]">&gt;&gt;</a>&nbsp;&nbsp;&nbsp;HAL_GPIO_WritePin
</UL>
<BR>[Called By]<UL><LI><a href="#[5d]">&gt;&gt;</a>&nbsp;&nbsp;&nbsp;led_set_enabled
<LI><a href="#[77]">&gt;&gt;</a>&nbsp;&nbsp;&nbsp;led_scan
<LI><a href="#[75]">&gt;&gt;</a>&nbsp;&nbsp;&nbsp;led_init
</UL>

<P><STRONG><a name="[73]"></a>led_all_low_off</STRONG> (Thumb, 32 bytes, Stack size 8 bytes, led_driver.o(i.led_all_low_off))
<BR><BR>[Stack]<UL><LI>Max Depth = 8<LI>Call Chain = led_all_low_off
</UL>
<BR>[Calls]<UL><LI><a href="#[72]">&gt;&gt;</a>&nbsp;&nbsp;&nbsp;HAL_GPIO_WritePin
</UL>
<BR>[Called By]<UL><LI><a href="#[5d]">&gt;&gt;</a>&nbsp;&nbsp;&nbsp;led_set_enabled
<LI><a href="#[77]">&gt;&gt;</a>&nbsp;&nbsp;&nbsp;led_scan
<LI><a href="#[75]">&gt;&gt;</a>&nbsp;&nbsp;&nbsp;led_init
</UL>

<P><STRONG><a name="[74]"></a>led_config_pin_output</STRONG> (Thumb, 40 bytes, Stack size 32 bytes, led_driver.o(i.led_config_pin_output))
<BR><BR>[Stack]<UL><LI>Max Depth = 48<LI>Call Chain = led_config_pin_output &rArr; HAL_GPIO_Init
</UL>
<BR>[Calls]<UL><LI><a href="#[6d]">&gt;&gt;</a>&nbsp;&nbsp;&nbsp;HAL_GPIO_Init
<LI><a href="#[47]">&gt;&gt;</a>&nbsp;&nbsp;&nbsp;__aeabi_memclr4
</UL>
<BR>[Called By]<UL><LI><a href="#[75]">&gt;&gt;</a>&nbsp;&nbsp;&nbsp;led_init
</UL>

<P><STRONG><a name="[78]"></a>led_set_low_side</STRONG> (Thumb, 56 bytes, Stack size 24 bytes, led_driver.o(i.led_set_low_side))
<BR><BR>[Stack]<UL><LI>Max Depth = 24<LI>Call Chain = led_set_low_side
</UL>
<BR>[Calls]<UL><LI><a href="#[72]">&gt;&gt;</a>&nbsp;&nbsp;&nbsp;HAL_GPIO_WritePin
</UL>
<BR>[Called By]<UL><LI><a href="#[77]">&gt;&gt;</a>&nbsp;&nbsp;&nbsp;led_scan
</UL>

<P><STRONG><a name="[79]"></a>led_set_mode_side</STRONG> (Thumb, 78 bytes, Stack size 24 bytes, led_driver.o(i.led_set_mode_side))
<BR><BR>[Stack]<UL><LI>Max Depth = 24<LI>Call Chain = led_set_mode_side
</UL>
<BR>[Calls]<UL><LI><a href="#[7b]">&gt;&gt;</a>&nbsp;&nbsp;&nbsp;mode_led_get_mask
<LI><a href="#[7c]">&gt;&gt;</a>&nbsp;&nbsp;&nbsp;dc_led_is_charging
<LI><a href="#[72]">&gt;&gt;</a>&nbsp;&nbsp;&nbsp;HAL_GPIO_WritePin
</UL>
<BR>[Called By]<UL><LI><a href="#[77]">&gt;&gt;</a>&nbsp;&nbsp;&nbsp;led_scan
</UL>

<P><STRONG><a name="[7a]"></a>led_set_unit_side</STRONG> (Thumb, 108 bytes, Stack size 24 bytes, led_driver.o(i.led_set_unit_side))
<BR><BR>[Stack]<UL><LI>Max Depth = 24<LI>Call Chain = led_set_unit_side
</UL>
<BR>[Calls]<UL><LI><a href="#[7d]">&gt;&gt;</a>&nbsp;&nbsp;&nbsp;unit_led_get_index
<LI><a href="#[72]">&gt;&gt;</a>&nbsp;&nbsp;&nbsp;HAL_GPIO_WritePin
</UL>
<BR>[Called By]<UL><LI><a href="#[77]">&gt;&gt;</a>&nbsp;&nbsp;&nbsp;led_scan
</UL>

<P><STRONG><a name="[8a]"></a>pressure_decimal_position</STRONG> (Thumb, 38 bytes, Stack size 8 bytes, pressure_display_driver.o(i.pressure_decimal_position))
<BR><BR>[Stack]<UL><LI>Max Depth = 20<LI>Call Chain = pressure_decimal_position &rArr; __aeabi_uidivmod
</UL>
<BR>[Calls]<UL><LI><a href="#[2a]">&gt;&gt;</a>&nbsp;&nbsp;&nbsp;__aeabi_uidivmod
</UL>
<BR>[Called By]<UL><LI><a href="#[8c]">&gt;&gt;</a>&nbsp;&nbsp;&nbsp;pressure_refresh_frame
</UL>

<P><STRONG><a name="[8b]"></a>pressure_digit_code</STRONG> (Thumb, 80 bytes, Stack size 24 bytes, pressure_display_driver.o(i.pressure_digit_code))
<BR><BR>[Stack]<UL><LI>Max Depth = 36<LI>Call Chain = pressure_digit_code &rArr; __aeabi_uidivmod
</UL>
<BR>[Calls]<UL><LI><a href="#[2a]">&gt;&gt;</a>&nbsp;&nbsp;&nbsp;__aeabi_uidivmod
</UL>
<BR>[Called By]<UL><LI><a href="#[8c]">&gt;&gt;</a>&nbsp;&nbsp;&nbsp;pressure_refresh_frame
</UL>

<P><STRONG><a name="[8f]"></a>pressure_hundredths_to_display</STRONG> (Thumb, 64 bytes, Stack size 16 bytes, pressure_display_driver.o(i.pressure_hundredths_to_display))
<BR><BR>[Stack]<UL><LI>Max Depth = 28<LI>Call Chain = pressure_hundredths_to_display &rArr; __aeabi_uidivmod
</UL>
<BR>[Calls]<UL><LI><a href="#[2a]">&gt;&gt;</a>&nbsp;&nbsp;&nbsp;__aeabi_uidivmod
</UL>
<BR>[Called By]<UL><LI><a href="#[61]">&gt;&gt;</a>&nbsp;&nbsp;&nbsp;pressure_display_target_increase
<LI><a href="#[62]">&gt;&gt;</a>&nbsp;&nbsp;&nbsp;pressure_display_target_decrease
<LI><a href="#[8c]">&gt;&gt;</a>&nbsp;&nbsp;&nbsp;pressure_refresh_frame
</UL>

<P><STRONG><a name="[8c]"></a>pressure_refresh_frame</STRONG> (Thumb, 126 bytes, Stack size 40 bytes, pressure_display_driver.o(i.pressure_refresh_frame))
<BR><BR>[Stack]<UL><LI>Max Depth = 120<LI>Call Chain = pressure_refresh_frame &rArr; pressure_unit_hundredths &rArr; __aeabi_uldivmod &rArr; __aeabi_llsr
</UL>
<BR>[Calls]<UL><LI><a href="#[8e]">&gt;&gt;</a>&nbsp;&nbsp;&nbsp;pressure_unit_hundredths
<LI><a href="#[8f]">&gt;&gt;</a>&nbsp;&nbsp;&nbsp;pressure_hundredths_to_display
<LI><a href="#[8b]">&gt;&gt;</a>&nbsp;&nbsp;&nbsp;pressure_digit_code
<LI><a href="#[8a]">&gt;&gt;</a>&nbsp;&nbsp;&nbsp;pressure_decimal_position
<LI><a href="#[8d]">&gt;&gt;</a>&nbsp;&nbsp;&nbsp;unit_led_get_current
<LI><a href="#[4d]">&gt;&gt;</a>&nbsp;&nbsp;&nbsp;led_set_row
</UL>
<BR>[Called By]<UL><LI><a href="#[61]">&gt;&gt;</a>&nbsp;&nbsp;&nbsp;pressure_display_target_increase
<LI><a href="#[62]">&gt;&gt;</a>&nbsp;&nbsp;&nbsp;pressure_display_target_decrease
<LI><a href="#[65]">&gt;&gt;</a>&nbsp;&nbsp;&nbsp;pressure_display_set_actual_pa
<LI><a href="#[60]">&gt;&gt;</a>&nbsp;&nbsp;&nbsp;pressure_display_on_unit_changed
<LI><a href="#[55]">&gt;&gt;</a>&nbsp;&nbsp;&nbsp;pressure_display_init
</UL>

<P><STRONG><a name="[8e]"></a>pressure_unit_hundredths</STRONG> (Thumb, 86 bytes, Stack size 24 bytes, pressure_display_driver.o(i.pressure_unit_hundredths))
<BR><BR>[Stack]<UL><LI>Max Depth = 80<LI>Call Chain = pressure_unit_hundredths &rArr; __aeabi_uldivmod &rArr; __aeabi_llsr
</UL>
<BR>[Calls]<UL><LI><a href="#[91]">&gt;&gt;</a>&nbsp;&nbsp;&nbsp;__ARM_common_ll_muluu
<LI><a href="#[18]">&gt;&gt;</a>&nbsp;&nbsp;&nbsp;__aeabi_uldivmod
</UL>
<BR>[Called By]<UL><LI><a href="#[61]">&gt;&gt;</a>&nbsp;&nbsp;&nbsp;pressure_display_target_increase
<LI><a href="#[62]">&gt;&gt;</a>&nbsp;&nbsp;&nbsp;pressure_display_target_decrease
<LI><a href="#[8c]">&gt;&gt;</a>&nbsp;&nbsp;&nbsp;pressure_refresh_frame
</UL>

<P><STRONG><a name="[90]"></a>pressure_unit_hundredths_to_base</STRONG> (Thumb, 90 bytes, Stack size 24 bytes, pressure_display_driver.o(i.pressure_unit_hundredths_to_base))
<BR><BR>[Stack]<UL><LI>Max Depth = 80<LI>Call Chain = pressure_unit_hundredths_to_base &rArr; __aeabi_uldivmod &rArr; __aeabi_llsr
</UL>
<BR>[Calls]<UL><LI><a href="#[91]">&gt;&gt;</a>&nbsp;&nbsp;&nbsp;__ARM_common_ll_muluu
<LI><a href="#[18]">&gt;&gt;</a>&nbsp;&nbsp;&nbsp;__aeabi_uldivmod
<LI><a href="#[2a]">&gt;&gt;</a>&nbsp;&nbsp;&nbsp;__aeabi_uidivmod
</UL>
<BR>[Called By]<UL><LI><a href="#[61]">&gt;&gt;</a>&nbsp;&nbsp;&nbsp;pressure_display_target_increase
<LI><a href="#[62]">&gt;&gt;</a>&nbsp;&nbsp;&nbsp;pressure_display_target_decrease
</UL>

<P><STRONG><a name="[4f]"></a>battery_icon_animation_start_level</STRONG> (Thumb, 18 bytes, Stack size 0 bytes, battery_icon_driver.o(i.battery_icon_animation_start_level))
<BR><BR>[Called By]<UL><LI><a href="#[51]">&gt;&gt;</a>&nbsp;&nbsp;&nbsp;battery_icon_set_level
<LI><a href="#[50]">&gt;&gt;</a>&nbsp;&nbsp;&nbsp;battery_icon_set_charging
<LI><a href="#[4e]">&gt;&gt;</a>&nbsp;&nbsp;&nbsp;battery_icon_scan
</UL>

<P><STRONG><a name="[4b]"></a>battery_icon_display_level</STRONG> (Thumb, 46 bytes, Stack size 0 bytes, battery_icon_driver.o(i.battery_icon_display_level))
<BR><BR>[Called By]<UL><LI><a href="#[4a]">&gt;&gt;</a>&nbsp;&nbsp;&nbsp;battery_icon_refresh
</UL>

<P><STRONG><a name="[4c]"></a>battery_icon_level_mask</STRONG> (Thumb, 40 bytes, Stack size 0 bytes, battery_icon_driver.o(i.battery_icon_level_mask))
<BR><BR>[Called By]<UL><LI><a href="#[4a]">&gt;&gt;</a>&nbsp;&nbsp;&nbsp;battery_icon_refresh
</UL>

<P><STRONG><a name="[4a]"></a>battery_icon_refresh</STRONG> (Thumb, 24 bytes, Stack size 16 bytes, battery_icon_driver.o(i.battery_icon_refresh))
<BR><BR>[Stack]<UL><LI>Max Depth = 16<LI>Call Chain = battery_icon_refresh
</UL>
<BR>[Calls]<UL><LI><a href="#[4c]">&gt;&gt;</a>&nbsp;&nbsp;&nbsp;battery_icon_level_mask
<LI><a href="#[4b]">&gt;&gt;</a>&nbsp;&nbsp;&nbsp;battery_icon_display_level
<LI><a href="#[4d]">&gt;&gt;</a>&nbsp;&nbsp;&nbsp;led_set_row
</UL>
<BR>[Called By]<UL><LI><a href="#[51]">&gt;&gt;</a>&nbsp;&nbsp;&nbsp;battery_icon_set_level
<LI><a href="#[50]">&gt;&gt;</a>&nbsp;&nbsp;&nbsp;battery_icon_set_charging
<LI><a href="#[4e]">&gt;&gt;</a>&nbsp;&nbsp;&nbsp;battery_icon_scan
<LI><a href="#[49]">&gt;&gt;</a>&nbsp;&nbsp;&nbsp;battery_icon_init
</UL>

<P><STRONG><a name="[83]"></a>option_bytes_configure_if_needed</STRONG> (Thumb, 106 bytes, Stack size 32 bytes, option_bytes_driver.o(i.option_bytes_configure_if_needed))
<BR><BR>[Stack]<UL><LI>Max Depth = 64<LI>Call Chain = option_bytes_configure_if_needed &rArr; HAL_FLASH_OBProgram &rArr; FLASH_WaitForLastOperation
</UL>
<BR>[Calls]<UL><LI><a href="#[48]">&gt;&gt;</a>&nbsp;&nbsp;&nbsp;app_error_handler
<LI><a href="#[85]">&gt;&gt;</a>&nbsp;&nbsp;&nbsp;HAL_FLASH_Unlock
<LI><a href="#[86]">&gt;&gt;</a>&nbsp;&nbsp;&nbsp;HAL_FLASH_OB_Unlock
<LI><a href="#[87]">&gt;&gt;</a>&nbsp;&nbsp;&nbsp;HAL_FLASH_OB_Lock
<LI><a href="#[89]">&gt;&gt;</a>&nbsp;&nbsp;&nbsp;HAL_FLASH_OB_Launch
<LI><a href="#[22]">&gt;&gt;</a>&nbsp;&nbsp;&nbsp;HAL_FLASH_OBProgram
<LI><a href="#[84]">&gt;&gt;</a>&nbsp;&nbsp;&nbsp;HAL_FLASH_OBGetConfig
<LI><a href="#[88]">&gt;&gt;</a>&nbsp;&nbsp;&nbsp;HAL_FLASH_Lock
<LI><a href="#[47]">&gt;&gt;</a>&nbsp;&nbsp;&nbsp;__aeabi_memclr4
</UL>
<BR>[Called By]<UL><LI><a href="#[68]">&gt;&gt;</a>&nbsp;&nbsp;&nbsp;option_bytes_scan
<LI><a href="#[7e]">&gt;&gt;</a>&nbsp;&nbsp;&nbsp;option_bytes_boot_check
</UL>

<P><STRONG><a name="[82]"></a>option_bytes_is_s1_held</STRONG> (Thumb, 90 bytes, Stack size 32 bytes, option_bytes_driver.o(i.option_bytes_is_s1_held))
<BR><BR>[Stack]<UL><LI>Max Depth = 48<LI>Call Chain = option_bytes_is_s1_held &rArr; HAL_GPIO_Init
</UL>
<BR>[Calls]<UL><LI><a href="#[70]">&gt;&gt;</a>&nbsp;&nbsp;&nbsp;HAL_GPIO_ReadPin
<LI><a href="#[6d]">&gt;&gt;</a>&nbsp;&nbsp;&nbsp;HAL_GPIO_Init
<LI><a href="#[47]">&gt;&gt;</a>&nbsp;&nbsp;&nbsp;__aeabi_memclr4
</UL>
<BR>[Called By]<UL><LI><a href="#[7e]">&gt;&gt;</a>&nbsp;&nbsp;&nbsp;option_bytes_boot_check
</UL>

<P><STRONG><a name="[37]"></a>uart_halfduplex_start_receive_interrupt</STRONG> (Thumb, 34 bytes, Stack size 8 bytes, uart_halfduplex_driver.o(i.uart_halfduplex_start_receive_interrupt))
<BR><BR>[Stack]<UL><LI>Max Depth = 16<LI>Call Chain = uart_halfduplex_start_receive_interrupt &rArr; HAL_UART_Receive_IT
</UL>
<BR>[Calls]<UL><LI><a href="#[aa]">&gt;&gt;</a>&nbsp;&nbsp;&nbsp;HAL_UART_Receive_IT
</UL>
<BR>[Called By]<UL><LI><a href="#[a8]">&gt;&gt;</a>&nbsp;&nbsp;&nbsp;uart_halfduplex_set_rx
<LI><a href="#[9a]">&gt;&gt;</a>&nbsp;&nbsp;&nbsp;uart_halfduplex_init
<LI><a href="#[3e]">&gt;&gt;</a>&nbsp;&nbsp;&nbsp;HAL_UART_RxCpltCallback
<LI><a href="#[34]">&gt;&gt;</a>&nbsp;&nbsp;&nbsp;HAL_UART_ErrorCallback
</UL>

<P><STRONG><a name="[ae]"></a>uart_protocol_checksum</STRONG> (Thumb, 30 bytes, Stack size 12 bytes, uart_protocol_driver.o(i.uart_protocol_checksum))
<BR><BR>[Stack]<UL><LI>Max Depth = 12<LI>Call Chain = uart_protocol_checksum
</UL>
<BR>[Called By]<UL><LI><a href="#[9e]">&gt;&gt;</a>&nbsp;&nbsp;&nbsp;uart_protocol_send
</UL>

<P><STRONG><a name="[ab]"></a>uart_protocol_parser_reset</STRONG> (Thumb, 34 bytes, Stack size 8 bytes, uart_protocol_driver.o(i.uart_protocol_parser_reset))
<BR><BR>[Stack]<UL><LI>Max Depth = 8<LI>Call Chain = uart_protocol_parser_reset
</UL>
<BR>[Calls]<UL><LI><a href="#[20]">&gt;&gt;</a>&nbsp;&nbsp;&nbsp;HAL_GetTick
</UL>
<BR>[Called By]<UL><LI><a href="#[a0]">&gt;&gt;</a>&nbsp;&nbsp;&nbsp;uart_protocol_timeout_scan
<LI><a href="#[9e]">&gt;&gt;</a>&nbsp;&nbsp;&nbsp;uart_protocol_send
<LI><a href="#[99]">&gt;&gt;</a>&nbsp;&nbsp;&nbsp;uart_protocol_init
<LI><a href="#[9d]">&gt;&gt;</a>&nbsp;&nbsp;&nbsp;uart_protocol_discard_frame
<LI><a href="#[3f]">&gt;&gt;</a>&nbsp;&nbsp;&nbsp;uart_protocol_irq_feed_byte
</UL>

<P><STRONG><a name="[ad]"></a>uart_protocol_restart_from_byte</STRONG> (Thumb, 50 bytes, Stack size 8 bytes, uart_protocol_driver.o(i.uart_protocol_restart_from_byte))
<BR><BR>[Stack]<UL><LI>Max Depth = 8<LI>Call Chain = uart_protocol_restart_from_byte
</UL>
<BR>[Calls]<UL><LI><a href="#[20]">&gt;&gt;</a>&nbsp;&nbsp;&nbsp;HAL_GetTick
</UL>
<BR>[Called By]<UL><LI><a href="#[3f]">&gt;&gt;</a>&nbsp;&nbsp;&nbsp;uart_protocol_irq_feed_byte
</UL>

<P><STRONG><a name="[a4]"></a>uart_command_decode_u32_le</STRONG> (Thumb, 24 bytes, Stack size 0 bytes, uart_command_driver.o(i.uart_command_decode_u32_le))
<BR><BR>[Called By]<UL><LI><a href="#[80]">&gt;&gt;</a>&nbsp;&nbsp;&nbsp;uart_control_task
</UL>

<P><STRONG><a name="[98]"></a>uart_command_encode_u32_le</STRONG> (Thumb, 20 bytes, Stack size 0 bytes, uart_command_driver.o(i.uart_command_encode_u32_le))
<BR><BR>[Called By]<UL><LI><a href="#[96]">&gt;&gt;</a>&nbsp;&nbsp;&nbsp;uart_command_start_pump
</UL>

<P><STRONG><a name="[97]"></a>uart_command_valid_pump_mode</STRONG> (Thumb, 14 bytes, Stack size 0 bytes, uart_command_driver.o(i.uart_command_valid_pump_mode))
<BR><BR>[Called By]<UL><LI><a href="#[96]">&gt;&gt;</a>&nbsp;&nbsp;&nbsp;uart_command_start_pump
</UL>

<P><STRONG><a name="[a3]"></a>uart_command_validate_response</STRONG> (Thumb, 94 bytes, Stack size 0 bytes, uart_command_driver.o(i.uart_command_validate_response))
<BR><BR>[Called By]<UL><LI><a href="#[80]">&gt;&gt;</a>&nbsp;&nbsp;&nbsp;uart_control_task
</UL>

<P><STRONG><a name="[9c]"></a>uart_control_try_lock</STRONG> (Thumb, 36 bytes, Stack size 0 bytes, uart_command_driver.o(i.uart_control_try_lock))
<BR><BR>[Called By]<UL><LI><a href="#[93]">&gt;&gt;</a>&nbsp;&nbsp;&nbsp;uart_control_request
</UL>

<P><STRONG><a name="[9f]"></a>uart_control_unlock</STRONG> (Thumb, 8 bytes, Stack size 0 bytes, uart_command_driver.o(i.uart_control_unlock))
<BR><BR>[Called By]<UL><LI><a href="#[80]">&gt;&gt;</a>&nbsp;&nbsp;&nbsp;uart_control_task
<LI><a href="#[93]">&gt;&gt;</a>&nbsp;&nbsp;&nbsp;uart_control_request
</UL>

<P><STRONG><a name="[2d]"></a>NVIC_SetPriority</STRONG> (Thumb, 110 bytes, Stack size 8 bytes, py32f002b_hal_cortex.o(i.NVIC_SetPriority))
<BR><BR>[Stack]<UL><LI>Max Depth = 8<LI>Call Chain = NVIC_SetPriority
</UL>
<BR>[Called By]<UL><LI><a href="#[2b]">&gt;&gt;</a>&nbsp;&nbsp;&nbsp;HAL_SYSTICK_Config
<LI><a href="#[2c]">&gt;&gt;</a>&nbsp;&nbsp;&nbsp;HAL_NVIC_SetPriority
</UL>

<P><STRONG><a name="[23]"></a>FLASH_OB_OptrConfig</STRONG> (Thumb, 30 bytes, Stack size 8 bytes, py32f002b_hal_flash.o(i.FLASH_OB_OptrConfig))
<BR><BR>[Stack]<UL><LI>Max Depth = 8<LI>Call Chain = FLASH_OB_OptrConfig
</UL>
<BR>[Called By]<UL><LI><a href="#[22]">&gt;&gt;</a>&nbsp;&nbsp;&nbsp;HAL_FLASH_OBProgram
</UL>

<P><STRONG><a name="[3a]"></a>UART_EndRxTransfer</STRONG> (Thumb, 34 bytes, Stack size 0 bytes, py32f002b_hal_uart.o(i.UART_EndRxTransfer))
<BR><BR>[Called By]<UL><LI><a href="#[38]">&gt;&gt;</a>&nbsp;&nbsp;&nbsp;HAL_UART_IRQHandler
</UL>

<P><STRONG><a name="[3d]"></a>UART_EndTransmit_IT</STRONG> (Thumb, 32 bytes, Stack size 8 bytes, py32f002b_hal_uart.o(i.UART_EndTransmit_IT))
<BR><BR>[Stack]<UL><LI>Max Depth = 8<LI>Call Chain = UART_EndTransmit_IT
</UL>
<BR>[Calls]<UL><LI><a href="#[44]">&gt;&gt;</a>&nbsp;&nbsp;&nbsp;HAL_UART_TxCpltCallback
</UL>
<BR>[Called By]<UL><LI><a href="#[38]">&gt;&gt;</a>&nbsp;&nbsp;&nbsp;HAL_UART_IRQHandler
</UL>

<P><STRONG><a name="[39]"></a>UART_Receive_IT</STRONG> (Thumb, 136 bytes, Stack size 16 bytes, py32f002b_hal_uart.o(i.UART_Receive_IT))
<BR><BR>[Stack]<UL><LI>Max Depth = 40<LI>Call Chain = UART_Receive_IT &rArr; HAL_UART_RxCpltCallback &rArr; uart_protocol_irq_feed_byte &rArr; __ARM_common_switch8
</UL>
<BR>[Calls]<UL><LI><a href="#[3e]">&gt;&gt;</a>&nbsp;&nbsp;&nbsp;HAL_UART_RxCpltCallback
</UL>
<BR>[Called By]<UL><LI><a href="#[38]">&gt;&gt;</a>&nbsp;&nbsp;&nbsp;HAL_UART_IRQHandler
</UL>

<P><STRONG><a name="[26]"></a>UART_SetConfig</STRONG> (Thumb, 414 bytes, Stack size 32 bytes, py32f002b_hal_uart.o(i.UART_SetConfig))
<BR><BR>[Stack]<UL><LI>Max Depth = 44<LI>Call Chain = UART_SetConfig &rArr; __aeabi_uidivmod
</UL>
<BR>[Calls]<UL><LI><a href="#[2a]">&gt;&gt;</a>&nbsp;&nbsp;&nbsp;__aeabi_uidivmod
<LI><a href="#[30]">&gt;&gt;</a>&nbsp;&nbsp;&nbsp;HAL_RCC_GetPCLK1Freq
</UL>
<BR>[Called By]<UL><LI><a href="#[24]">&gt;&gt;</a>&nbsp;&nbsp;&nbsp;HAL_HalfDuplex_Init
</UL>

<P><STRONG><a name="[3c]"></a>UART_Transmit_IT</STRONG> (Thumb, 114 bytes, Stack size 8 bytes, py32f002b_hal_uart.o(i.UART_Transmit_IT))
<BR><BR>[Stack]<UL><LI>Max Depth = 8<LI>Call Chain = UART_Transmit_IT
</UL>
<BR>[Called By]<UL><LI><a href="#[38]">&gt;&gt;</a>&nbsp;&nbsp;&nbsp;HAL_UART_IRQHandler
</UL>

<P><STRONG><a name="[41]"></a>UART_WaitOnFlagUntilTimeout</STRONG> (Thumb, 112 bytes, Stack size 40 bytes, py32f002b_hal_uart.o(i.UART_WaitOnFlagUntilTimeout))
<BR><BR>[Stack]<UL><LI>Max Depth = 40<LI>Call Chain = UART_WaitOnFlagUntilTimeout
</UL>
<BR>[Calls]<UL><LI><a href="#[20]">&gt;&gt;</a>&nbsp;&nbsp;&nbsp;HAL_GetTick
</UL>
<BR>[Called By]<UL><LI><a href="#[40]">&gt;&gt;</a>&nbsp;&nbsp;&nbsp;HAL_UART_Transmit
</UL>
<P>
<H3>
Undefined Global Symbols
</H3><HR></body></html>
