Component: ARM Compiler 5.06 update 6 (build 750) Tool: armlink [4d35ed]

==============================================================================

Section Cross References

    system_py32f002b.o(i.SystemCoreClockUpdate) refers to uidiv.o(.text) for __aeabi_uidivmod
    system_py32f002b.o(i.SystemCoreClockUpdate) refers to system_py32f002b.o(.data) for SystemCoreClock
    system_py32f002b.o(i.SystemCoreClockUpdate) refers to system_py32f002b.o(.constdata) for HSIFreqTable
    system_py32f002b.o(i.SystemInit) refers to system_py32f002b.o(i.DelayTime) for DelayTime
    startup_py32f002bxx.o(RESET) refers to startup_py32f002bxx.o(STACK) for __initial_sp
    startup_py32f002bxx.o(RESET) refers to startup_py32f002bxx.o(.text) for Reset_Handler
    startup_py32f002bxx.o(RESET) refers to py32f002b_it.o(i.NMI_Handler) for NMI_Handler
    startup_py32f002bxx.o(RESET) refers to py32f002b_it.o(i.HardFault_Handler) for HardFault_Handler
    startup_py32f002bxx.o(RESET) refers to py32f002b_it.o(i.SVC_Handler) for SVC_Handler
    startup_py32f002bxx.o(RESET) refers to py32f002b_it.o(i.PendSV_Handler) for PendSV_Handler
    startup_py32f002bxx.o(RESET) refers to py32f002b_it.o(i.SysTick_Handler) for SysTick_Handler
    startup_py32f002bxx.o(RESET) refers to py32f002b_it.o(i.USART1_IRQHandler) for USART1_IRQHandler
    startup_py32f002bxx.o(.text) refers to system_py32f002b.o(i.SystemInit) for SystemInit
    startup_py32f002bxx.o(.text) refers to entry.o(.ARM.Collect$$$$00000000) for __main
    main.o(i.app_system_clock_config) refers to memseta.o(.text) for __aeabi_memclr4
    main.o(i.app_system_clock_config) refers to py32f002b_hal_rcc.o(i.HAL_RCC_OscConfig) for HAL_RCC_OscConfig
    main.o(i.app_system_clock_config) refers to main.o(i.app_error_handler) for app_error_handler
    main.o(i.app_system_clock_config) refers to py32f002b_hal_rcc.o(i.HAL_RCC_ClockConfig) for HAL_RCC_ClockConfig
    main.o(i.main) refers to py32f002b_hal.o(i.HAL_Init) for HAL_Init
    main.o(i.main) refers to main.o(i.app_error_handler) for app_error_handler
    main.o(i.main) refers to main.o(i.app_system_clock_config) for app_system_clock_config
    main.o(i.main) refers to py32f002b_hal.o(i.HAL_Delay) for HAL_Delay
    main.o(i.main) refers to option_bytes_driver.o(i.option_bytes_boot_check) for option_bytes_boot_check
    main.o(i.main) refers to key_driver.o(i.key_init) for key_init
    main.o(i.main) refers to led_driver.o(i.led_init) for led_init
    main.o(i.main) refers to display_control_driver.o(i.display_control_init) for display_control_init
    main.o(i.main) refers to uart_command_driver.o(i.uart_control_init) for uart_control_init
    main.o(i.main) refers to key_driver.o(i.key_scan) for key_scan
    main.o(i.main) refers to led_driver.o(i.led_scan) for led_scan
    main.o(i.main) refers to display_control_driver.o(i.display_control_scan) for display_control_scan
    main.o(i.main) refers to uart_command_driver.o(i.uart_control_task) for uart_control_task
    main.o(i.main) refers to uart_command_driver.o(i.uart_command_scan) for uart_command_scan
    py32f002b_it.o(i.SysTick_Handler) refers to py32f002b_hal.o(i.HAL_IncTick) for HAL_IncTick
    py32f002b_it.o(i.USART1_IRQHandler) refers to uart_command_driver.o(i.uart_control_irq_handler) for uart_control_irq_handler
    key_driver.o(i.key_config_input) refers to key_driver.o(i.key_config_pin_input) for key_config_pin_input
    key_driver.o(i.key_config_input) refers to key_driver.o(.data) for s_keys
    key_driver.o(i.key_config_output) refers to key_driver.o(i.key_config_pin_output) for key_config_pin_output
    key_driver.o(i.key_config_output) refers to key_driver.o(.data) for s_keys
    key_driver.o(i.key_config_pin_input) refers to memseta.o(.text) for __aeabi_memclr4
    key_driver.o(i.key_config_pin_input) refers to py32f002b_hal_gpio.o(i.HAL_GPIO_Init) for HAL_GPIO_Init
    key_driver.o(i.key_config_pin_output) refers to memseta.o(.text) for __aeabi_memclr4
    key_driver.o(i.key_config_pin_output) refers to py32f002b_hal_gpio.o(i.HAL_GPIO_Init) for HAL_GPIO_Init
    key_driver.o(i.key_get_event) refers to key_driver.o(.data) for s_keys
    key_driver.o(i.key_init) refers to py32f002b_hal.o(i.HAL_GetTick) for HAL_GetTick
    key_driver.o(i.key_init) refers to key_driver.o(i.key_config_input) for key_config_input
    key_driver.o(i.key_init) refers to key_driver.o(i.key_config_output) for key_config_output
    key_driver.o(i.key_init) refers to key_driver.o(.data) for s_last_scan_tick
    key_driver.o(i.key_is_pressed) refers to key_driver.o(.data) for s_keys
    key_driver.o(i.key_peek_event) refers to key_driver.o(.data) for s_keys
    key_driver.o(i.key_scan) refers to py32f002b_hal.o(i.HAL_GetTick) for HAL_GetTick
    key_driver.o(i.key_scan) refers to key_driver.o(i.key_config_input) for key_config_input
[...]
    Removing py32f002b_hal_rcc.o(i.HAL_RCC_DeInit), (212 bytes).
    Removing py32f002b_hal_rcc.o(i.HAL_RCC_DisableLSECSS), (20 bytes).
    Removing py32f002b_hal_rcc.o(i.HAL_RCC_EnableLSECSS), (20 bytes).
    Removing py32f002b_hal_rcc.o(i.HAL_RCC_GetClockConfig), (60 bytes).
    Removing py32f002b_hal_rcc.o(i.HAL_RCC_GetOscConfig), (172 bytes).
    Removing py32f002b_hal_rcc.o(i.HAL_RCC_LSECSSCallback), (2 bytes).
    Removing py32f002b_hal_rcc.o(i.HAL_RCC_MCOConfig), (160 bytes).
    Removing py32f002b_hal_rcc.o(i.HAL_RCC_NMI_IRQHandler), (32 bytes).
    Removing py32f002b_hal_rcc_ex.o(.rev16_text), (4 bytes).
    Removing py32f002b_hal_rcc_ex.o(.revsh_text), (4 bytes).
    Removing py32f002b_hal_rcc_ex.o(i.HAL_RCCEx_DisableLSCO), (2 bytes).
    Removing py32f002b_hal_rcc_ex.o(i.HAL_RCCEx_EnableLSCO), (24 bytes).
    Removing py32f002b_hal_rcc_ex.o(i.HAL_RCCEx_GetPeriphCLKConfig), (68 bytes).
    Removing py32f002b_hal_rcc_ex.o(i.HAL_RCCEx_GetPeriphCLKFreq), (284 bytes).
    Removing py32f002b_hal_rcc_ex.o(i.HAL_RCCEx_PeriphCLKConfig), (188 bytes).
    Removing py32f002b_hal_spi.o(.rev16_text), (4 bytes).
    Removing py32f002b_hal_spi.o(.revsh_text), (4 bytes).
    Removing py32f002b_hal_tim.o(.rev16_text), (4 bytes).
    Removing py32f002b_hal_tim.o(.revsh_text), (4 bytes).
    Removing py32f002b_hal_tim_ex.o(.rev16_text), (4 bytes).
    Removing py32f002b_hal_tim_ex.o(.revsh_text), (4 bytes).
    Removing py32f002b_hal_uart.o(.rev16_text), (4 bytes).
    Removing py32f002b_hal_uart.o(.revsh_text), (4 bytes).
    Removing py32f002b_hal_uart.o(i.HAL_MultiProcessor_EnterMuteMode), (62 bytes).
    Removing py32f002b_hal_uart.o(i.HAL_MultiProcessor_ExitMuteMode), (62 bytes).
    Removing py32f002b_hal_uart.o(i.HAL_MultiProcessor_Init), (166 bytes).
    Removing py32f002b_hal_uart.o(i.HAL_UART_Abort), (50 bytes).
    Removing py32f002b_hal_uart.o(i.HAL_UART_AbortCpltCallback), (2 bytes).
    Removing py32f002b_hal_uart.o(i.HAL_UART_AbortReceiveCpltCallback), (2 bytes).
    Removing py32f002b_hal_uart.o(i.HAL_UART_AbortReceive_IT), (50 bytes).
    Removing py32f002b_hal_uart.o(i.HAL_UART_AbortTransmit), (28 bytes).
    Removing py32f002b_hal_uart.o(i.HAL_UART_AbortTransmitCpltCallback), (2 bytes).
    Removing py32f002b_hal_uart.o(i.HAL_UART_AbortTransmit_IT), (36 bytes).
    Removing py32f002b_hal_uart.o(i.HAL_UART_Abort_IT), (62 bytes).
    Removing py32f002b_hal_uart.o(i.HAL_UART_DeInit), (64 bytes).
    Removing py32f002b_hal_uart.o(i.HAL_UART_ErrorCallback), (2 bytes).
    Removing py32f002b_hal_uart.o(i.HAL_UART_GetError), (6 bytes).
    Removing py32f002b_hal_uart.o(i.HAL_UART_GetState), (20 bytes).
    Removing py32f002b_hal_uart.o(i.HAL_UART_Init), (138 bytes).
    Removing py32f002b_hal_uart.o(i.HAL_UART_MspDeInit), (2 bytes).
    Removing py32f002b_hal_uart.o(i.HAL_UART_Receive), (228 bytes).
    Removing py32f002b_hal_uart.o(i.HAL_UART_RxCpltCallback), (2 bytes).
    Removing py32f002b_hal_uart.o(i.HAL_UART_RxHalfCpltCallback), (2 bytes).
    Removing py32f002b_hal_uart.o(i.HAL_UART_Transmit_IT), (92 bytes).
    Removing py32f002b_hal_uart.o(i.HAL_UART_TxHalfCpltCallback), (2 bytes).
    Removing py32f002b_hal_uart.o(i.UART_AdvFeatureConfig), (56 bytes).
    Removing py32f002b_hal_usart.o(.rev16_text), (4 bytes).
    Removing py32f002b_hal_usart.o(.revsh_text), (4 bytes).

170 unused section(s) (total 7516 bytes) removed from the image.

==============================================================================

Image Symbol Table

    Local Symbols

    Symbol Name                              Value     Ov Type        Size  Object(Section)

    ../clib/microlib/division.c              0x00000000   Number         0  uidiv.o ABSOLUTE
    ../clib/microlib/division.c              0x00000000   Number         0  uldiv.o ABSOLUTE
    ../clib/microlib/init/entry.s            0x00000000   Number         0  entry9b.o ABSOLUTE
    ../clib/microlib/init/entry.s            0x00000000   Number         0  entry10a.o ABSOLUTE
    ../clib/microlib/init/entry.s            0x00000000   Number         0  entry7b.o ABSOLUTE
    ../clib/microlib/init/entry.s            0x00000000   Number         0  entry7a.o ABSOLUTE
    ../clib/microlib/init/entry.s            0x00000000   Number         0  entry2.o ABSOLUTE
    ../clib/microlib/init/entry.s            0x00000000   Number         0  entry11b.o ABSOLUTE
    ../clib/microlib/init/entry.s            0x00000000   Number         0  entry11a.o ABSOLUTE
    ../clib/microlib/init/entry.s            0x00000000   Number         0  entry10b.o ABSOLUTE
    ../clib/microlib/init/entry.s            0x00000000   Number         0  entry.o ABSOLUTE
    ../clib/microlib/init/entry.s            0x00000000   Number         0  entry8a.o ABSOLUTE
    ../clib/microlib/init/entry.s            0x00000000   Number         0  entry8b.o ABSOLUTE
    ../clib/microlib/init/entry.s            0x00000000   Number         0  entry9a.o ABSOLUTE
    ../clib/microlib/init/entry.s            0x00000000   Number         0  entry5.o ABSOLUTE
    ../clib/microlib/longlong.c              0x00000000   Number         0  llushr.o ABSOLUTE
    ../clib/microlib/longlong.c              0x00000000   Number         0  llshl.o ABSOLUTE
    ../clib/microlib/string/memcpy.c         0x00000000   Number         0  memcpya.o ABSOLUTE
    ../clib/microlib/string/memcpy.c         0x00000000   Number         0  memcpyb.o ABSOLUTE
    ../clib/microlib/string/memset.c         0x00000000   Number         0  memseta.o ABSOLUTE
    ..\Drivers\PY32F002B_HAL_Driver\Src\py32f002b_hal.c 0x00000000   Number         0  py32f002b_hal.o ABSOLUTE
    ..\Drivers\PY32F002B_HAL_Driver\Src\py32f002b_hal_adc.c 0x00000000   Number         0  py32f002b_hal_adc.o ABSOLUTE
    ..\Drivers\PY32F002B_HAL_Driver\Src\py32f002b_hal_comp.c 0x00000000   Number         0  py32f002b_hal_comp.o ABSOLUTE
    ..\Drivers\PY32F002B_HAL_Driver\Src\py32f002b_hal_cortex.c 0x00000000   Number         0  py32f002b_hal_cortex.o ABSOLUTE
    ..\Drivers\PY32F002B_HAL_Driver\Src\py32f002b_hal_crc.c 0x00000000   Number         0  py32f002b_hal_crc.o ABSOLUTE
    ..\Drivers\PY32F002B_HAL_Driver\Src\py32f002b_hal_exti.c 0x00000000   Number         0  py32f002b_hal_exti.o ABSOLUTE
    ..\Drivers\PY32F002B_HAL_Driver\Src\py32f002b_hal_flash.c 0x00000000   Number         0  py32f002b_hal_flash.o ABSOLUTE
    ..\Drivers\PY32F002B_HAL_Driver\Src\py32f002b_hal_gpio.c 0x00000000   Number         0  py32f002b_hal_gpio.o ABSOLUTE
    ..\Drivers\PY32F002B_HAL_Driver\Src\py32f002b_hal_i2c.c 0x00000000   Number         0  py32f002b_hal_i2c.o ABSOLUTE
    ..\Drivers\PY32F002B_HAL_Driver\Src\py32f002b_hal_lptim.c 0x00000000   Number         0  py32f002b_hal_lptim.o ABSOLUTE
    ..\Drivers\PY32F002B_HAL_Driver\Src\py32f002b_hal_pwr.c 0x00000000   Number         0  py32f002b_hal_pwr.o ABSOLUTE
    ..\Drivers\PY32F002B_HAL_Driver\Src\py32f002b_hal_rcc.c 0x00000000   Number         0  py32f002b_hal_rcc.o ABSOLUTE
    ..\Drivers\PY32F002B_HAL_Driver\Src\py32f002b_hal_rcc_ex.c 0x00000000   Number         0  py32f002b_hal_rcc_ex.o ABSOLUTE
    ..\Drivers\PY32F002B_HAL_Driver\Src\py32f002b_hal_spi.c 0x00000000   Number         0  py32f002b_hal_spi.o ABSOLUTE
    ..\Drivers\PY32F002B_HAL_Driver\Src\py32f002b_hal_tim.c 0x00000000   Number         0  py32f002b_hal_tim.o ABSOLUTE
    ..\Drivers\PY32F002B_HAL_Driver\Src\py32f002b_hal_tim_ex.c 0x00000000   Number         0  py32f002b_hal_tim_ex.o ABSOLUTE
    ..\Drivers\PY32F002B_HAL_Driver\Src\py32f002b_hal_uart.c 0x00000000   Number         0  py32f002b_hal_uart.o ABSOLUTE
    ..\Drivers\PY32F002B_HAL_Driver\Src\py32f002b_hal_usart.c 0x00000000   Number         0  py32f002b_hal_usart.o ABSOLUTE
    ..\Src\battery_icon_driver.c             0x00000000   Number         0  battery_icon_driver.o ABSOLUTE
    ..\Src\dc_led_driver.c                   0x00000000   Number         0  dc_led_driver.o ABSOLUTE
    ..\Src\display_control_driver.c          0x00000000   Number         0  display_control_driver.o ABSOLUTE
    ..\Src\key_driver.c                      0x00000000   Number         0  key_driver.o ABSOLUTE
    ..\Src\led_driver.c                      0x00000000   Number         0  led_driver.o ABSOLUTE
    ..\Src\main.c                            0x00000000   Number         0  main.o ABSOLUTE
    ..\Src\mode_led_driver.c                 0x00000000   Number         0  mode_led_driver.o ABSOLUTE
    ..\Src\option_bytes_driver.c             0x00000000   Number         0  option_bytes_driver.o ABSOLUTE
    ..\Src\pressure_display_driver.c         0x00000000   Number         0  pressure_display_driver.o ABSOLUTE
    ..\Src\py32f002b_it.c                    0x00000000   Number         0  py32f002b_it.o ABSOLUTE
    ..\Src\system_py32f002b.c                0x00000000   Number         0  system_py32f002b.o ABSOLUTE
    ..\Src\uart_command_driver.c             0x00000000   Number         0  uart_command_driver.o ABSOLUTE
    ..\Src\uart_halfduplex_driver.c          0x00000000   Number         0  uart_halfduplex_driver.o ABSOLUTE
    ..\Src\uart_protocol_driver.c            0x00000000   Number         0  uart_protocol_driver.o ABSOLUTE
    ..\Src\unit_led_driver.c                 0x00000000   Number         0  unit_led_driver.o ABSOLUTE
    ..\\Drivers\\PY32F002B_HAL_Driver\\Src\\py32f002b_hal.c 0x00000000   Number         0  py32f002b_hal.o ABSOLUTE
    ..\\Drivers\\PY32F002B_HAL_Driver\\Src\\py32f002b_hal_adc.c 0x00000000   Number         0  py32f002b_hal_adc.o ABSOLUTE
    ..\\Drivers\\PY32F002B_HAL_Driver\\Src\\py32f002b_hal_comp.c 0x00000000   Number         0  py32f002b_hal_comp.o ABSOLUTE
    ..\\Drivers\\PY32F002B_HAL_Driver\\Src\\py32f002b_hal_cortex.c 0x00000000   Number         0  py32f002b_hal_cortex.o ABSOLUTE
    ..\\Drivers\\PY32F002B_HAL_Driver\\Src\\py32f002b_hal_crc.c 0x00000000   Number         0  py32f002b_hal_crc.o ABSOLUTE
    ..\\Drivers\\PY32F002B_HAL_Driver\\Src\\py32f002b_hal_exti.c 0x00000000   Number         0  py32f002b_hal_exti.o ABSOLUTE
    ..\\Drivers\\PY32F002B_HAL_Driver\\Src\\py32f002b_hal_flash.c 0x00000000   Number         0  py32f002b_hal_flash.o ABSOLUTE
    ..\\Drivers\\PY32F002B_HAL_Driver\\Src\\py32f002b_hal_gpio.c 0x00000000   Number         0  py32f002b_hal_gpio.o ABSOLUTE
    ..\\Drivers\\PY32F002B_HAL_Driver\\Src\\py32f002b_hal_i2c.c 0x00000000   Number         0  py32f002b_hal_i2c.o ABSOLUTE
    ..\\Drivers\\PY32F002B_HAL_Driver\\Src\\py32f002b_hal_lptim.c 0x00000000   Number         0  py32f002b_hal_lptim.o ABSOLUTE
    ..\\Drivers\\PY32F002B_HAL_Driver\\Src\\py32f002b_hal_pwr.c 0x00000000   Number         0  py32f002b_hal_pwr.o ABSOLUTE
    ..\\Drivers\\PY32F002B_HAL_Driver\\Src\\py32f002b_hal_rcc.c 0x00000000   Number         0  py32f002b_hal_rcc.o ABSOLUTE
    ..\\Drivers\\PY32F002B_HAL_Driver\\Src\\py32f002b_hal_rcc_ex.c 0x00000000   Number         0  py32f002b_hal_rcc_ex.o ABSOLUTE
    ..\\Drivers\\PY32F002B_HAL_Driver\\Src\\py32f002b_hal_spi.c 0x00000000   Number         0  py32f002b_hal_spi.o ABSOLUTE
    ..\\Drivers\\PY32F002B_HAL_Driver\\Src\\py32f002b_hal_tim.c 0x00000000   Number         0  py32f002b_hal_tim.o ABSOLUTE
    ..\\Drivers\\PY32F002B_HAL_Driver\\Src\\py32f002b_hal_tim_ex.c 0x00000000   Number         0  py32f002b_hal_tim_ex.o ABSOLUTE
    ..\\Drivers\\PY32F002B_HAL_Driver\\Src\\py32f002b_hal_uart.c 0x00000000   Number         0  py32f002b_hal_uart.o ABSOLUTE
    ..\\Drivers\\PY32F002B_HAL_Driver\\Src\\py32f002b_hal_usart.c 0x00000000   Number         0  py32f002b_hal_usart.o ABSOLUTE
    ..\\Src\\battery_icon_driver.c           0x00000000   Number         0  battery_icon_driver.o ABSOLUTE
    ..\\Src\\display_control_driver.c        0x00000000   Number         0  display_control_driver.o ABSOLUTE
    ..\\Src\\key_driver.c                    0x00000000   Number         0  key_driver.o ABSOLUTE
    ..\\Src\\led_driver.c                    0x00000000   Number         0  led_driver.o ABSOLUTE
    ..\\Src\\main.c                          0x00000000   Number         0  main.o ABSOLUTE
    ..\\Src\\option_bytes_driver.c           0x00000000   Number         0  option_bytes_driver.o ABSOLUTE
    ..\\Src\\pressure_display_driver.c       0x00000000   Number         0  pressure_display_driver.o ABSOLUTE
    ..\\Src\\py32f002b_it.c                  0x00000000   Number         0  py32f002b_it.o ABSOLUTE
    ..\\Src\\system_py32f002b.c              0x00000000   Number         0  system_py32f002b.o ABSOLUTE
    ..\\Src\\uart_command_driver.c           0x00000000   Number         0  uart_command_driver.o ABSOLUTE
    ..\\Src\\uart_halfduplex_driver.c        0x00000000   Number         0  uart_halfduplex_driver.o ABSOLUTE
    ..\\Src\\uart_protocol_driver.c          0x00000000   Number         0  uart_protocol_driver.o ABSOLUTE
    dc.s                                     0x00000000   Number         0  dc.o ABSOLUTE
    handlers.s                               0x00000000   Number         0  handlers.o ABSOLUTE
    init.s                                   0x00000000   Number         0  init.o ABSOLUTE
    startup_py32f002bxx.s                    0x00000000   Number         0  startup_py32f002bxx.o ABSOLUTE
    RESET                                    0x08000000   Section      192  startup_py32f002bxx.o(RESET)
    .ARM.Collect$$$$00000000                 0x080000c0   Section        0  entry.o(.ARM.Collect$$$$00000000)
    .ARM.Collect$$$$00000001                 0x080000c0   Section        4  entry2.o(.ARM.Collect$$$$00000001)
    .ARM.Collect$$$$00000004                 0x080000c4   Section        4  entry5.o(.ARM.Collect$$$$00000004)
    .ARM.Collect$$$$00000008                 0x080000c8   Section        0  entry7b.o(.ARM.Collect$$$$00000008)
    .ARM.Collect$$$$0000000A                 0x080000c8   Section        0  entry8b.o(.ARM.Collect$$$$0000000A)
    .ARM.Collect$$$$0000000B                 0x080000c8   Section        8  entry9a.o(.ARM.Collect$$$$0000000B)
    .ARM.Collect$$$$0000000D                 0x080000d0   Section        0  entry10a.o(.ARM.Collect$$$$0000000D)
    .ARM.Collect$$$$0000000F                 0x080000d0   Section        0  entry11a.o(.ARM.Collect$$$$0000000F)
    .ARM.Collect$$$$00002712                 0x080000d0   Section        4  entry2.o(.ARM.Collect$$$$00002712)
    __lit__00000000                          0x080000d0   Data           4  entry2.o(.ARM.Collect$$$$00002712)
    .text                                    0x080000d4   Section       28  startup_py32f002bxx.o(.text)
    .text                                    0x080000f0   Section        0  uidiv.o(.text)
    .text                                    0x0800011c   Section        0  uldiv.o(.text)
    .text                                    0x0800017c   Section        0  memcpya.o(.text)
    .text                                    0x080001a0   Section        0  memseta.o(.text)
    .text                                    0x080001c4   Section        0  llshl.o(.text)
    .text                                    0x080001e4   Section        0  llushr.o(.text)
    .text                                    0x08000208   Section       36  init.o(.text)
    i.DelayTime                              0x0800022c   Section        0  system_py32f002b.o(i.DelayTime)
    DelayTime                                0x0800022d   Thumb Code    24  system_py32f002b.o(i.DelayTime)
    i.FLASH_OB_OptrConfig                    0x08000248   Section        0  py32f002b_hal_flash.o(i.FLASH_OB_OptrConfig)
    FLASH_OB_OptrConfig                      0x08000249   Thumb Code    30  py32f002b_hal_flash.o(i.FLASH_OB_OptrConfig)
    i.FLASH_WaitForLastOperation             0x0800026c   Section        0  py32f002b_hal_flash.o(i.FLASH_WaitForLastOperation)
    i.HAL_Delay                              0x080002a8   Section        0  py32f002b_hal.o(i.HAL_Delay)
    i.HAL_FLASH_Lock                         0x080002d4   Section        0  py32f002b_hal_flash.o(i.HAL_FLASH_Lock)
    i.HAL_FLASH_OBGetConfig                  0x080002f8   Section        0  py32f002b_hal_flash.o(i.HAL_FLASH_OBGetConfig)
    i.HAL_FLASH_OBProgram                    0x08000338   Section        0  py32f002b_hal_flash.o(i.HAL_FLASH_OBProgram)
    i.HAL_FLASH_OB_Launch                    0x08000524   Section        0  py32f002b_hal_flash.o(i.HAL_FLASH_OB_Launch)
    i.HAL_FLASH_OB_Lock                      0x0800053c   Section        0  py32f002b_hal_flash.o(i.HAL_FLASH_OB_Lock)
    i.HAL_FLASH_OB_Unlock                    0x08000560   Section        0  py32f002b_hal_flash.o(i.HAL_FLASH_OB_Unlock)
    i.HAL_FLASH_Unlock                       0x08000594   Section        0  py32f002b_hal_flash.o(i.HAL_FLASH_Unlock)
    i.HAL_GPIO_Init                          0x080005c8   Section        0  py32f002b_hal_gpio.o(i.HAL_GPIO_Init)
    i.HAL_GPIO_ReadPin                       0x0800077c   Section        0  py32f002b_hal_gpio.o(i.HAL_GPIO_ReadPin)
    i.HAL_GPIO_WritePin                      0x0800078e   Section        0  py32f002b_hal_gpio.o(i.HAL_GPIO_WritePin)
    i.HAL_GetTick                            0x0800079c   Section        0  py32f002b_hal.o(i.HAL_GetTick)
    i.HAL_HalfDuplex_EnableReceiver          0x080007a8   Section        0  py32f002b_hal_uart.o(i.HAL_HalfDuplex_EnableReceiver)
    i.HAL_HalfDuplex_EnableTransmitter       0x080007f0   Section        0  py32f002b_hal_uart.o(i.HAL_HalfDuplex_EnableTransmitter)
    i.HAL_HalfDuplex_Init                    0x08000838   Section        0  py32f002b_hal_uart.o(i.HAL_HalfDuplex_Init)
    i.HAL_IncTick                            0x080008ac   Section        0  py32f002b_hal.o(i.HAL_IncTick)
    i.HAL_Init                               0x080008c4   Section        0  py32f002b_hal.o(i.HAL_Init)
    i.HAL_InitTick                           0x080008e0   Section        0  py32f002b_hal.o(i.HAL_InitTick)
    i.HAL_MspInit                            0x08000940   Section        0  py32f002b_hal.o(i.HAL_MspInit)
    i.HAL_NVIC_EnableIRQ                     0x08000944   Section        0  py32f002b_hal_cortex.o(i.HAL_NVIC_EnableIRQ)
    i.HAL_NVIC_SetPriority                   0x0800095c   Section        0  py32f002b_hal_cortex.o(i.HAL_NVIC_SetPriority)
    i.HAL_RCC_ClockConfig                    0x08000970   Section        0  py32f002b_hal_rcc.o(i.HAL_RCC_ClockConfig)
    i.HAL_RCC_GetHCLKFreq                    0x08000b2c   Section        0  py32f002b_hal_rcc.o(i.HAL_RCC_GetHCLKFreq)
    i.HAL_RCC_GetPCLK1Freq                   0x08000b38   Section        0  py32f002b_hal_rcc.o(i.HAL_RCC_GetPCLK1Freq)
    i.HAL_RCC_GetSysClockFreq                0x08000b60   Section        0  py32f002b_hal_rcc.o(i.HAL_RCC_GetSysClockFreq)
    i.HAL_RCC_OscConfig                      0x08000bec   Section        0  py32f002b_hal_rcc.o(i.HAL_RCC_OscConfig)
    i.HAL_SYSTICK_Config                     0x08001024   Section        0  py32f002b_hal_cortex.o(i.HAL_SYSTICK_Config)
    i.HAL_UART_AbortReceive                  0x0800105c   Section        0  py32f002b_hal_uart.o(i.HAL_UART_AbortReceive)
    i.HAL_UART_ErrorCallback                 0x08001088   Section        0  uart_halfduplex_driver.o(i.HAL_UART_ErrorCallback)
    i.HAL_UART_IRQHandler                    0x080010d4   Section        0  py32f002b_hal_uart.o(i.HAL_UART_IRQHandler)
    i.HAL_UART_IdleFrameDetectCpltCallback   0x08001226   Section        0  py32f002b_hal_uart.o(i.HAL_UART_IdleFrameDetectCpltCallback)
    i.HAL_UART_MspInit                       0x08001228   Section        0  py32f002b_hal_uart.o(i.HAL_UART_MspInit)
    i.HAL_UART_Receive_IT                    0x0800122a   Section        0  py32f002b_hal_uart.o(i.HAL_UART_Receive_IT)
    i.HAL_UART_RxCpltCallback                0x080012a0   Section        0  uart_halfduplex_driver.o(i.HAL_UART_RxCpltCallback)
    i.HAL_UART_Transmit                      0x080012cc   Section        0  py32f002b_hal_uart.o(i.HAL_UART_Transmit)
    i.HAL_UART_TxCpltCallback                0x080013ca   Section        0  py32f002b_hal_uart.o(i.HAL_UART_TxCpltCallback)
    i.HardFault_Handler                      0x080013cc   Section        0  py32f002b_it.o(i.HardFault_Handler)
    i.NMI_Handler                            0x080013d0   Section        0  py32f002b_it.o(i.NMI_Handler)
    i.NVIC_SetPriority                       0x080013d4   Section        0  py32f002b_hal_cortex.o(i.NVIC_SetPriority)
    NVIC_SetPriority                         0x080013d5   Thumb Code   110  py32f002b_hal_cortex.o(i.NVIC_SetPriority)
    i.PendSV_Handler                         0x0800144c   Section        0  py32f002b_it.o(i.PendSV_Handler)
    i.SVC_Handler                            0x0800144e   Section        0  py32f002b_it.o(i.SVC_Handler)
    i.SysTick_Handler                        0x08001450   Section        0  py32f002b_it.o(i.SysTick_Handler)
    i.SystemInit                             0x08001458   Section        0  system_py32f002b.o(i.SystemInit)
    i.UART_EndRxTransfer                     0x080014a4   Section        0  py32f002b_hal_uart.o(i.UART_EndRxTransfer)
    UART_EndRxTransfer                       0x080014a5   Thumb Code    34  py32f002b_hal_uart.o(i.UART_EndRxTransfer)
    i.UART_EndTransmit_IT                    0x080014c6   Section        0  py32f002b_hal_uart.o(i.UART_EndTransmit_IT)
    UART_EndTransmit_IT                      0x080014c7   Thumb Code    32  py32f002b_hal_uart.o(i.UART_EndTransmit_IT)
    i.UART_Receive_IT                        0x080014e6   Section        0  py32f002b_hal_uart.o(i.UART_Receive_IT)
    UART_Receive_IT                          0x080014e7   Thumb Code   136  py32f002b_hal_uart.o(i.UART_Receive_IT)
    i.UART_SetConfig                         0x08001570   Section        0  py32f002b_hal_uart.o(i.UART_SetConfig)
    UART_SetConfig                           0x08001571   Thumb Code   414  py32f002b_hal_uart.o(i.UART_SetConfig)
    i.UART_Transmit_IT                       0x08001714   Section        0  py32f002b_hal_uart.o(i.UART_Transmit_IT)
    UART_Transmit_IT                         0x08001715   Thumb Code   114  py32f002b_hal_uart.o(i.UART_Transmit_IT)
    i.UART_WaitOnFlagUntilTimeout            0x08001786   Section        0  py32f002b_hal_uart.o(i.UART_WaitOnFlagUntilTimeout)
    UART_WaitOnFlagUntilTimeout              0x08001787   Thumb Code   112  py32f002b_hal_uart.o(i.UART_WaitOnFlagUntilTimeout)
    i.USART1_IRQHandler                      0x080017f6   Section        0  py32f002b_it.o(i.USART1_IRQHandler)
    i.__ARM_common_ll_muluu                  0x080017fe   Section        0  pressure_display_driver.o(i.__ARM_common_ll_muluu)
    i.__ARM_common_switch8                   0x0800182e   Section        0  uart_protocol_driver.o(i.__ARM_common_switch8)
    i.__scatterload_copy                     0x0800184a   Section       14  handlers.o(i.__scatterload_copy)
    i.__scatterload_null                     0x08001858   Section        2  handlers.o(i.__scatterload_null)
    i.__scatterload_zeroinit                 0x0800185a   Section       14  handlers.o(i.__scatterload_zeroinit)
    i.app_error_handler                      0x08001868   Section        0  main.o(i.app_error_handler)
    i.app_system_clock_config                0x0800186c   Section        0  main.o(i.app_system_clock_config)
    app_system_clock_config                  0x0800186d   Thumb Code    88  main.o(i.app_system_clock_config)
    i.battery_icon_animation_start_level     0x080018c8   Section        0  battery_icon_driver.o(i.battery_icon_animation_start_level)
    battery_icon_animation_start_level       0x080018c9   Thumb Code    18  battery_icon_driver.o(i.battery_icon_animation_start_level)
    i.battery_icon_display_level             0x080018e0   Section        0  battery_icon_driver.o(i.battery_icon_display_level)
    battery_icon_display_level               0x080018e1   Thumb Code    46  battery_icon_driver.o(i.battery_icon_display_level)
    i.battery_icon_init                      0x0800191c   Section        0  battery_icon_driver.o(i.battery_icon_init)
    i.battery_icon_level_mask                0x0800194c   Section        0  battery_icon_driver.o(i.battery_icon_level_mask)
    battery_icon_level_mask                  0x0800194d   Thumb Code    40  battery_icon_driver.o(i.battery_icon_level_mask)
    i.battery_icon_refresh                   0x08001974   Section        0  battery_icon_driver.o(i.battery_icon_refresh)
    battery_icon_refresh                     0x08001975   Thumb Code    24  battery_icon_driver.o(i.battery_icon_refresh)
    i.battery_icon_scan                      0x0800198c   Section        0  battery_icon_driver.o(i.battery_icon_scan)
    i.battery_icon_set_charging              0x08001a00   Section        0  battery_icon_driver.o(i.battery_icon_set_charging)
    i.battery_icon_set_level                 0x08001a3c   Section        0  battery_icon_driver.o(i.battery_icon_set_level)
    i.dc_led_init                            0x08001a8c   Section        0  dc_led_driver.o(i.dc_led_init)
    i.dc_led_is_charging                     0x08001a98   Section        0  dc_led_driver.o(i.dc_led_is_charging)
    i.dc_led_set_charging                    0x08001aa4   Section        0  dc_led_driver.o(i.dc_led_set_charging)
    i.display_control_init                   0x08001ab8   Section        0  display_control_driver.o(i.display_control_init)
    i.display_control_scan                   0x08001adc   Section        0  display_control_driver.o(i.display_control_scan)
    i.key_config_input                       0x08001c34   Section        0  key_driver.o(i.key_config_input)
    key_config_input                         0x08001c35   Thumb Code    30  key_driver.o(i.key_config_input)
    i.key_config_output                      0x08001c58   Section        0  key_driver.o(i.key_config_output)
    key_config_output                        0x08001c59   Thumb Code    30  key_driver.o(i.key_config_output)
    i.key_config_pin_input                   0x08001c7c   Section        0  key_driver.o(i.key_config_pin_input)
    key_config_pin_input                     0x08001c7d   Thumb Code    42  key_driver.o(i.key_config_pin_input)
    i.key_config_pin_output                  0x08001ca6   Section        0  key_driver.o(i.key_config_pin_output)
    key_config_pin_output                    0x08001ca7   Thumb Code    40  key_driver.o(i.key_config_pin_output)
    i.key_get_event                          0x08001cd0   Section        0  key_driver.o(i.key_get_event)
    i.key_init                               0x08001cf8   Section        0  key_driver.o(i.key_init)
    i.key_peek_event                         0x08001d7c   Section        0  key_driver.o(i.key_peek_event)
    i.key_scan                               0x08001d94   Section        0  key_driver.o(i.key_scan)
    i.led_all_high_off                       0x08001ea8   Section        0  led_driver.o(i.led_all_high_off)
    led_all_high_off                         0x08001ea9   Thumb Code    32  led_driver.o(i.led_all_high_off)
    i.led_all_low_off                        0x08001ecc   Section        0  led_driver.o(i.led_all_low_off)
    led_all_low_off                          0x08001ecd   Thumb Code    32  led_driver.o(i.led_all_low_off)
    i.led_clear                              0x08001ef0   Section        0  led_driver.o(i.led_clear)
    i.led_config_pin_output                  0x08001f08   Section        0  led_driver.o(i.led_config_pin_output)
    led_config_pin_output                    0x08001f09   Thumb Code    40  led_driver.o(i.led_config_pin_output)
    i.led_init                               0x08001f30   Section        0  led_driver.o(i.led_init)
    i.led_is_enabled                         0x08001fe8   Section        0  led_driver.o(i.led_is_enabled)
    i.led_scan                               0x08001ff4   Section        0  led_driver.o(i.led_scan)
    i.led_set_enabled                        0x08002094   Section        0  led_driver.o(i.led_set_enabled)
    i.led_set_low_side                       0x080020bc   Section        0  led_driver.o(i.led_set_low_side)
    led_set_low_side                         0x080020bd   Thumb Code    56  led_driver.o(i.led_set_low_side)
    i.led_set_mode_side                      0x080020fc   Section        0  led_driver.o(i.led_set_mode_side)
    led_set_mode_side                        0x080020fd   Thumb Code    78  led_driver.o(i.led_set_mode_side)
    i.led_set_row                            0x08002150   Section        0  led_driver.o(i.led_set_row)
    i.led_set_unit_side                      0x08002164   Section        0  led_driver.o(i.led_set_unit_side)
    led_set_unit_side                        0x08002165   Thumb Code   108  led_driver.o(i.led_set_unit_side)
    i.main                                   0x080021d8   Section        0  main.o(i.main)
    i.mode_led_get_current                   0x08002220   Section        0  mode_led_driver.o(i.mode_led_get_current)
    i.mode_led_get_mask                      0x0800222c   Section        0  mode_led_driver.o(i.mode_led_get_mask)
    i.mode_led_init                          0x0800223c   Section        0  mode_led_driver.o(i.mode_led_init)
    i.mode_led_next                          0x08002248   Section        0  mode_led_driver.o(i.mode_led_next)
    i.option_bytes_boot_check                0x08002264   Section        0  option_bytes_driver.o(i.option_bytes_boot_check)
    i.option_bytes_configure_if_needed       0x08002278   Section        0  option_bytes_driver.o(i.option_bytes_configure_if_needed)
    option_bytes_configure_if_needed         0x08002279   Thumb Code   106  option_bytes_driver.o(i.option_bytes_configure_if_needed)
    i.option_bytes_is_s1_held                0x080022e4   Section        0  option_bytes_driver.o(i.option_bytes_is_s1_held)
    option_bytes_is_s1_held                  0x080022e5   Thumb Code    90  option_bytes_driver.o(i.option_bytes_is_s1_held)
    i.option_bytes_scan                      0x08002344   Section        0  option_bytes_driver.o(i.option_bytes_scan)
    i.pressure_decimal_position              0x0800235c   Section        0  pressure_display_driver.o(i.pressure_decimal_position)
    pressure_decimal_position                0x0800235d   Thumb Code    38  pressure_display_driver.o(i.pressure_decimal_position)
    i.pressure_digit_code                    0x08002388   Section        0  pressure_display_driver.o(i.pressure_digit_code)
    pressure_digit_code                      0x08002389   Thumb Code    80  pressure_display_driver.o(i.pressure_digit_code)
    i.pressure_display_get_target_pa         0x080023dc   Section        0  pressure_display_driver.o(i.pressure_display_get_target_pa)
    i.pressure_display_init                  0x080023ec   Section        0  pressure_display_driver.o(i.pressure_display_init)
    i.pressure_display_on_unit_changed       0x08002408   Section        0  pressure_display_driver.o(i.pressure_display_on_unit_changed)
    i.pressure_display_set_actual_pa         0x08002410   Section        0  pressure_display_driver.o(i.pressure_display_set_actual_pa)
    i.pressure_display_target_decrease       0x08002448   Section        0  pressure_display_driver.o(i.pressure_display_target_decrease)
    i.pressure_display_target_increase       0x080024a0   Section        0  pressure_display_driver.o(i.pressure_display_target_increase)
    i.pressure_hundredths_to_display         0x080024f8   Section        0  pressure_display_driver.o(i.pressure_hundredths_to_display)
    pressure_hundredths_to_display           0x080024f9   Thumb Code    64  pressure_display_driver.o(i.pressure_hundredths_to_display)
    i.pressure_refresh_frame                 0x0800253c   Section        0  pressure_display_driver.o(i.pressure_refresh_frame)
    pressure_refresh_frame                   0x0800253d   Thumb Code   126  pressure_display_driver.o(i.pressure_refresh_frame)
    i.pressure_unit_hundredths               0x080025c4   Section        0  pressure_display_driver.o(i.pressure_unit_hundredths)
    pressure_unit_hundredths                 0x080025c5   Thumb Code    86  pressure_display_driver.o(i.pressure_unit_hundredths)
    i.pressure_unit_hundredths_to_base       0x0800262c   Section        0  pressure_display_driver.o(i.pressure_unit_hundredths_to_base)
    pressure_unit_hundredths_to_base         0x0800262d   Thumb Code    90  pressure_display_driver.o(i.pressure_unit_hundredths_to_base)
    i.uart_command_decode_u32_le             0x08002698   Section        0  uart_command_driver.o(i.uart_command_decode_u32_le)
    uart_command_decode_u32_le               0x08002699   Thumb Code    24  uart_command_driver.o(i.uart_command_decode_u32_le)
    i.uart_command_encode_u32_le             0x080026b0   Section        0  uart_command_driver.o(i.uart_command_encode_u32_le)
    uart_command_encode_u32_le               0x080026b1   Thumb Code    20  uart_command_driver.o(i.uart_command_encode_u32_le)
    i.uart_command_pause_pump                0x080026c4   Section        0  uart_command_driver.o(i.uart_command_pause_pump)
    i.uart_command_scan                      0x080026d4   Section        0  uart_command_driver.o(i.uart_command_scan)
    i.uart_command_set_remote_led            0x08002710   Section        0  uart_command_driver.o(i.uart_command_set_remote_led)
    i.uart_command_start_pump                0x08002734   Section        0  uart_command_driver.o(i.uart_command_start_pump)
    i.uart_command_take_charging_status      0x08002770   Section        0  uart_command_driver.o(i.uart_command_take_charging_status)
    i.uart_command_toggle_pump               0x080027b8   Section        0  uart_command_driver.o(i.uart_command_toggle_pump)
    i.uart_command_toggle_remote_led         0x080027e8   Section        0  uart_command_driver.o(i.uart_command_toggle_remote_led)
    i.uart_command_valid_pump_mode           0x08002814   Section        0  uart_command_driver.o(i.uart_command_valid_pump_mode)
    uart_command_valid_pump_mode             0x08002815   Thumb Code    14  uart_command_driver.o(i.uart_command_valid_pump_mode)
    i.uart_command_validate_response         0x08002822   Section        0  uart_command_driver.o(i.uart_command_validate_response)
    uart_command_validate_response           0x08002823   Thumb Code    94  uart_command_driver.o(i.uart_command_validate_response)
    i.uart_control_init                      0x08002880   Section        0  uart_command_driver.o(i.uart_control_init)
    i.uart_control_irq_handler               0x08002918   Section        0  uart_command_driver.o(i.uart_control_irq_handler)
    i.uart_control_is_busy                   0x08002920   Section        0  uart_command_driver.o(i.uart_control_is_busy)
    i.uart_control_request                   0x0800292c   Section        0  uart_command_driver.o(i.uart_control_request)
    i.uart_control_task                      0x080029a0   Section        0  uart_command_driver.o(i.uart_control_task)
    i.uart_control_try_lock                  0x08002b04   Section        0  uart_command_driver.o(i.uart_control_try_lock)
    uart_control_try_lock                    0x08002b05   Thumb Code    36  uart_command_driver.o(i.uart_control_try_lock)
    i.uart_control_unlock                    0x08002b2c   Section        0  uart_command_driver.o(i.uart_control_unlock)
    uart_control_unlock                      0x08002b2d   Thumb Code     8  uart_command_driver.o(i.uart_control_unlock)
    i.uart_halfduplex_init                   0x08002b38   Section        0  uart_halfduplex_driver.o(i.uart_halfduplex_init)
    i.uart_halfduplex_irq_handler            0x08002c38   Section        0  uart_halfduplex_driver.o(i.uart_halfduplex_irq_handler)
    i.uart_halfduplex_send                   0x08002c54   Section        0  uart_halfduplex_driver.o(i.uart_halfduplex_send)
    i.uart_halfduplex_set_rx                 0x08002ca0   Section        0  uart_halfduplex_driver.o(i.uart_halfduplex_set_rx)
    i.uart_halfduplex_set_tx                 0x08002ce0   Section        0  uart_halfduplex_driver.o(i.uart_halfduplex_set_tx)
    i.uart_halfduplex_start_receive_interrupt 0x08002d24   Section        0  uart_halfduplex_driver.o(i.uart_halfduplex_start_receive_interrupt)
    uart_halfduplex_start_receive_interrupt  0x08002d25   Thumb Code    34  uart_halfduplex_driver.o(i.uart_halfduplex_start_receive_interrupt)
    i.uart_protocol_checksum                 0x08002d50   Section        0  uart_protocol_driver.o(i.uart_protocol_checksum)
    uart_protocol_checksum                   0x08002d51   Thumb Code    30  uart_protocol_driver.o(i.uart_protocol_checksum)
    i.uart_protocol_discard_frame            0x08002d70   Section        0  uart_protocol_driver.o(i.uart_protocol_discard_frame)
    i.uart_protocol_frame_available          0x08002d94   Section        0  uart_protocol_driver.o(i.uart_protocol_frame_available)
    i.uart_protocol_get_frame                0x08002da0   Section        0  uart_protocol_driver.o(i.uart_protocol_get_frame)
    i.uart_protocol_init                     0x08002e18   Section        0  uart_protocol_driver.o(i.uart_protocol_init)
    i.uart_protocol_irq_feed_byte            0x08002e58   Section        0  uart_protocol_driver.o(i.uart_protocol_irq_feed_byte)
    i.uart_protocol_parser_reset             0x08002f88   Section        0  uart_protocol_driver.o(i.uart_protocol_parser_reset)
    uart_protocol_parser_reset               0x08002f89   Thumb Code    34  uart_protocol_driver.o(i.uart_protocol_parser_reset)
    i.uart_protocol_restart_from_byte        0x08002fc4   Section        0  uart_protocol_driver.o(i.uart_protocol_restart_from_byte)
    uart_protocol_restart_from_byte          0x08002fc5   Thumb Code    50  uart_protocol_driver.o(i.uart_protocol_restart_from_byte)
    i.uart_protocol_send                     0x08003010   Section        0  uart_protocol_driver.o(i.uart_protocol_send)
    i.uart_protocol_timeout_scan             0x0800307c   Section        0  uart_protocol_driver.o(i.uart_protocol_timeout_scan)
    i.unit_led_get_current                   0x080030b4   Section        0  unit_led_driver.o(i.unit_led_get_current)
    i.unit_led_get_index                     0x080030c0   Section        0  unit_led_driver.o(i.unit_led_get_index)
    i.unit_led_init                          0x080030cc   Section        0  unit_led_driver.o(i.unit_led_init)
    i.unit_led_next                          0x080030d8   Section        0  unit_led_driver.o(i.unit_led_next)
    .constdata                               0x080030f4   Section      128  system_py32f002b.o(.constdata)
    .constdata                               0x08003174   Section      128  led_driver.o(.constdata)
    s_high_pins                              0x08003174   Data          64  led_driver.o(.constdata)
    s_low_pins                               0x080031b4   Data          64  led_driver.o(.constdata)
    .constdata                               0x080031f4   Section       10  pressure_display_driver.o(.constdata)
    s_digit_code                             0x080031f4   Data          10  pressure_display_driver.o(.constdata)
    .constdata                               0x08003200   Section       32  py32f002b_hal_flash.o(.constdata)
    .constdata                               0x08003220   Section       32  py32f002b_hal_rcc.o(.constdata)
    .data                                    0x20000000   Section        4  system_py32f002b.o(.data)
    .data                                    0x20000004   Section      100  key_driver.o(.data)
    s_keys                                   0x20000004   Data          96  key_driver.o(.data)
    s_last_scan_tick                         0x20000064   Data           4  key_driver.o(.data)
    .data                                    0x20000068   Section       17  led_driver.o(.data)
    s_frame                                  0x20000068   Data           8  led_driver.o(.data)
    s_scan_row                               0x20000070   Data           1  led_driver.o(.data)
    s_last_scan_tick                         0x20000074   Data           4  led_driver.o(.data)
    s_display_enabled                        0x20000078   Data           1  led_driver.o(.data)
    .data                                    0x20000079   Section        1  mode_led_driver.o(.data)
    s_current_mode                           0x20000079   Data           1  mode_led_driver.o(.data)
    .data                                    0x2000007a   Section        1  unit_led_driver.o(.data)
    s_current_unit                           0x2000007a   Data           1  unit_led_driver.o(.data)
    .data                                    0x2000007c   Section        8  pressure_display_driver.o(.data)
    s_actual_base_cbar                       0x2000007c   Data           4  pressure_display_driver.o(.data)
    s_target_base_cbar                       0x20000080   Data           4  pressure_display_driver.o(.data)
    .data                                    0x20000084   Section        4  display_control_driver.o(.data)
    s_key_flags                              0x20000084   Data           4  display_control_driver.o(.data)
    .data                                    0x20000088   Section        8  battery_icon_driver.o(.data)
    s_level                                  0x20000088   Data           1  battery_icon_driver.o(.data)
    s_charging                               0x20000089   Data           1  battery_icon_driver.o(.data)
    s_animation_level                        0x2000008a   Data           1  battery_icon_driver.o(.data)
    s_last_animation_tick                    0x2000008c   Data           4  battery_icon_driver.o(.data)
    .data                                    0x20000090   Section        1  dc_led_driver.o(.data)
    s_charging                               0x20000090   Data           1  dc_led_driver.o(.data)
    .data                                    0x20000091   Section        3  uart_halfduplex_driver.o(.data)
    s_initialized                            0x20000091   Data           1  uart_halfduplex_driver.o(.data)
    s_tx_active                              0x20000092   Data           1  uart_halfduplex_driver.o(.data)
    s_rx_irq_byte                            0x20000093   Data           1  uart_halfduplex_driver.o(.data)
    .data                                    0x20000094   Section       15  uart_protocol_driver.o(.data)
    s_parser_state                           0x20000094   Data           1  uart_protocol_driver.o(.data)
    s_parser_length                          0x20000095   Data           1  uart_protocol_driver.o(.data)
    s_parser_command                         0x20000096   Data           1  uart_protocol_driver.o(.data)
    s_parser_index                           0x20000097   Data           1  uart_protocol_driver.o(.data)
    s_parser_checksum                        0x20000098   Data           1  uart_protocol_driver.o(.data)
    s_parser_last_tick                       0x2000009c   Data           4  uart_protocol_driver.o(.data)
    s_frame_ready                            0x200000a0   Data           1  uart_protocol_driver.o(.data)
    s_frame_command                          0x200000a1   Data           1  uart_protocol_driver.o(.data)
    s_frame_length                           0x200000a2   Data           1  uart_protocol_driver.o(.data)
    .data                                    0x200000a4   Section       26  uart_command_driver.o(.data)
    s_transaction_busy                       0x200000a4   Data           1  uart_command_driver.o(.data)
    s_expected_cmd                           0x200000a5   Data           1  uart_command_driver.o(.data)
    s_response_deadline                      0x200000a8   Data           4  uart_command_driver.o(.data)
    s_result                                 0x200000ac   Data           1  uart_command_driver.o(.data)
    s_response_cmd                           0x200000ad   Data           1  uart_command_driver.o(.data)
    s_response_length                        0x200000ae   Data           1  uart_command_driver.o(.data)
    s_charging_status_pending                0x200000af   Data           1  uart_command_driver.o(.data)
    s_charging_state                         0x200000b0   Data           1  uart_command_driver.o(.data)
    s_battery_percent                        0x200000b1   Data           1  uart_command_driver.o(.data)
    s_pressure_pa                            0x200000b4   Data           4  uart_command_driver.o(.data)
    s_status_poll_tick                       0x200000b8   Data           4  uart_command_driver.o(.data)
    s_pump_running                           0x200000bc   Data           1  uart_command_driver.o(.data)
    s_remote_led_state                       0x200000bd   Data           1  uart_command_driver.o(.data)
    .data                                    0x200000c0   Section       12  py32f002b_hal.o(.data)
    .bss                                     0x200000cc   Section       68  uart_halfduplex_driver.o(.bss)
    s_uart_handle                            0x200000cc   Data          68  uart_halfduplex_driver.o(.bss)
    .bss                                     0x20000110   Section       96  uart_protocol_driver.o(.bss)
    s_parser_payload                         0x20000110   Data          48  uart_protocol_driver.o(.bss)
    s_frame_payload                          0x20000140   Data          48  uart_protocol_driver.o(.bss)
    .bss                                     0x20000170   Section       48  uart_command_driver.o(.bss)
    s_response_payload                       0x20000170   Data          48  uart_command_driver.o(.bss)
    .bss                                     0x200001a0   Section       24  py32f002b_hal_flash.o(.bss)
    STACK                                    0x200001b8   Section     1024  startup_py32f002bxx.o(STACK)

    Global Symbols

    Symbol Name                              Value     Ov Type        Size  Object(Section)

    BuildAttributes$$THM_ISAv3M$S$PE$A:L22$X:L11$S22$IEEE1$IW$USESV6$~STKCKD$USESV7$~SHL$OSPACE$EBA8$MICROLIB$REQ8$PRES8$EABIv2 0x00000000   Number         0  anon$$obj.o ABSOLUTE
    __ARM_use_no_argv                        0x00000000   Number         0  main.o ABSOLUTE
    __cpp_initialize__aeabi_                  - Undefined Weak Reference
    __cxa_finalize                            - Undefined Weak Reference
    __decompress                              - Undefined Weak Reference
    _clock_init                               - Undefined Weak Reference
    _microlib_exit                            - Undefined Weak Reference
    __Vectors_Size                           0x000000c0   Number         0  startup_py32f002bxx.o ABSOLUTE
    __Vectors                                0x08000000   Data           4  startup_py32f002bxx.o(RESET)
    __Vectors_End                            0x080000c0   Data           0  startup_py32f002bxx.o(RESET)
    __main                                   0x080000c1   Thumb Code     0  entry.o(.ARM.Collect$$$$00000000)
    _main_stk                                0x080000c1   Thumb Code     0  entry2.o(.ARM.Collect$$$$00000001)
    _main_scatterload                        0x080000c5   Thumb Code     0  entry5.o(.ARM.Collect$$$$00000004)
    __main_after_scatterload                 0x080000c9   Thumb Code     0  entry5.o(.ARM.Collect$$$$00000004)
    _main_clock                              0x080000c9   Thumb Code     0  entry7b.o(.ARM.Collect$$$$00000008)
    _main_cpp_init                           0x080000c9   Thumb Code     0  entry8b.o(.ARM.Collect$$$$0000000A)
    _main_init                               0x080000c9   Thumb Code     0  entry9a.o(.ARM.Collect$$$$0000000B)
    __rt_final_cpp                           0x080000d1   Thumb Code     0  entry10a.o(.ARM.Collect$$$$0000000D)
    __rt_final_exit                          0x080000d1   Thumb Code     0  entry11a.o(.ARM.Collect$$$$0000000F)
    Reset_Handler                            0x080000d5   Thumb Code     8  startup_py32f002bxx.o(.text)
    ADC_COMP_IRQHandler                      0x080000e7   Thumb Code     0  startup_py32f002bxx.o(.text)
    EXTI0_1_IRQHandler                       0x080000e7   Thumb Code     0  startup_py32f002bxx.o(.text)
    EXTI2_3_IRQHandler                       0x080000e7   Thumb Code     0  startup_py32f002bxx.o(.text)
    EXTI4_15_IRQHandler                      0x080000e7   Thumb Code     0  startup_py32f002bxx.o(.text)
    FLASH_IRQHandler                         0x080000e7   Thumb Code     0  startup_py32f002bxx.o(.text)
    I2C1_IRQHandler                          0x080000e7   Thumb Code     0  startup_py32f002bxx.o(.text)
    LPTIM1_IRQHandler                        0x080000e7   Thumb Code     0  startup_py32f002bxx.o(.text)
    RCC_IRQHandler                           0x080000e7   Thumb Code     0  startup_py32f002bxx.o(.text)
    SPI1_IRQHandler                          0x080000e7   Thumb Code     0  startup_py32f002bxx.o(.text)
    TIM14_IRQHandler                         0x080000e7   Thumb Code     0  startup_py32f002bxx.o(.text)
    TIM1_BRK_UP_TRG_COM_IRQHandler           0x080000e7   Thumb Code     0  startup_py32f002bxx.o(.text)
    TIM1_CC_IRQHandler                       0x080000e7   Thumb Code     0  startup_py32f002bxx.o(.text)
    __aeabi_uidiv                            0x080000f1   Thumb Code     0  uidiv.o(.text)
    __aeabi_uidivmod                         0x080000f1   Thumb Code    44  uidiv.o(.text)
    __aeabi_uldivmod                         0x0800011d   Thumb Code    96  uldiv.o(.text)
    __aeabi_memcpy                           0x0800017d   Thumb Code    36  memcpya.o(.text)
    __aeabi_memcpy4                          0x0800017d   Thumb Code     0  memcpya.o(.text)
    __aeabi_memcpy8                          0x0800017d   Thumb Code     0  memcpya.o(.text)
    __aeabi_memset                           0x080001a1   Thumb Code    14  memseta.o(.text)
    __aeabi_memset4                          0x080001a1   Thumb Code     0  memseta.o(.text)
    __aeabi_memset8                          0x080001a1   Thumb Code     0  memseta.o(.text)
    __aeabi_memclr                           0x080001af   Thumb Code     4  memseta.o(.text)
    __aeabi_memclr4                          0x080001af   Thumb Code     0  memseta.o(.text)
    __aeabi_memclr8                          0x080001af   Thumb Code     0  memseta.o(.text)
    _memset$wrapper                          0x080001b3   Thumb Code    18  memseta.o(.text)
    __aeabi_llsl                             0x080001c5   Thumb Code    32  llshl.o(.text)
    _ll_shift_l                              0x080001c5   Thumb Code     0  llshl.o(.text)
    __aeabi_llsr                             0x080001e5   Thumb Code    34  llushr.o(.text)
    _ll_ushift_r                             0x080001e5   Thumb Code     0  llushr.o(.text)
    __scatterload                            0x08000209   Thumb Code    28  init.o(.text)
    __scatterload_rt2                        0x08000209   Thumb Code     0  init.o(.text)
    FLASH_WaitForLastOperation               0x0800026d   Thumb Code    50  py32f002b_hal_flash.o(i.FLASH_WaitForLastOperation)
    HAL_Delay                                0x080002a9   Thumb Code    38  py32f002b_hal.o(i.HAL_Delay)
    HAL_FLASH_Lock                           0x080002d5   Thumb Code    30  py32f002b_hal_flash.o(i.HAL_FLASH_Lock)
    HAL_FLASH_OBGetConfig                    0x080002f9   Thumb Code    58  py32f002b_hal_flash.o(i.HAL_FLASH_OBGetConfig)
    HAL_FLASH_OBProgram                      0x08000339   Thumb Code   472  py32f002b_hal_flash.o(i.HAL_FLASH_OBProgram)
    HAL_FLASH_OB_Launch                      0x08000525   Thumb Code    18  py32f002b_hal_flash.o(i.HAL_FLASH_OB_Launch)
    HAL_FLASH_OB_Lock                        0x0800053d   Thumb Code    30  py32f002b_hal_flash.o(i.HAL_FLASH_OB_Lock)
    HAL_FLASH_OB_Unlock                      0x08000561   Thumb Code    40  py32f002b_hal_flash.o(i.HAL_FLASH_OB_Unlock)
    HAL_FLASH_Unlock                         0x08000595   Thumb Code    40  py32f002b_hal_flash.o(i.HAL_FLASH_Unlock)
    HAL_GPIO_Init                            0x080005c9   Thumb Code   428  py32f002b_hal_gpio.o(i.HAL_GPIO_Init)
    HAL_GPIO_ReadPin                         0x0800077d   Thumb Code    18  py32f002b_hal_gpio.o(i.HAL_GPIO_ReadPin)
    HAL_GPIO_WritePin                        0x0800078f   Thumb Code    12  py32f002b_hal_gpio.o(i.HAL_GPIO_WritePin)
    HAL_GetTick                              0x0800079d   Thumb Code     6  py32f002b_hal.o(i.HAL_GetTick)
    HAL_HalfDuplex_EnableReceiver            0x080007a9   Thumb Code    72  py32f002b_hal_uart.o(i.HAL_HalfDuplex_EnableReceiver)
    HAL_HalfDuplex_EnableTransmitter         0x080007f1   Thumb Code    72  py32f002b_hal_uart.o(i.HAL_HalfDuplex_EnableTransmitter)
    HAL_HalfDuplex_Init                      0x08000839   Thumb Code   116  py32f002b_hal_uart.o(i.HAL_HalfDuplex_Init)
    HAL_IncTick                              0x080008ad   Thumb Code    16  py32f002b_hal.o(i.HAL_IncTick)
    HAL_Init                                 0x080008c5   Thumb Code    26  py32f002b_hal.o(i.HAL_Init)
    HAL_InitTick                             0x080008e1   Thumb Code    82  py32f002b_hal.o(i.HAL_InitTick)
    HAL_MspInit                              0x08000941   Thumb Code     2  py32f002b_hal.o(i.HAL_MspInit)
    HAL_NVIC_EnableIRQ                       0x08000945   Thumb Code    18  py32f002b_hal_cortex.o(i.HAL_NVIC_EnableIRQ)
    HAL_NVIC_SetPriority                     0x0800095d   Thumb Code    18  py32f002b_hal_cortex.o(i.HAL_NVIC_SetPriority)
    HAL_RCC_ClockConfig                      0x08000971   Thumb Code   418  py32f002b_hal_rcc.o(i.HAL_RCC_ClockConfig)
    HAL_RCC_GetHCLKFreq                      0x08000b2d   Thumb Code     6  py32f002b_hal_rcc.o(i.HAL_RCC_GetHCLKFreq)
    HAL_RCC_GetPCLK1Freq                     0x08000b39   Thumb Code    32  py32f002b_hal_rcc.o(i.HAL_RCC_GetPCLK1Freq)
    HAL_RCC_GetSysClockFreq                  0x08000b61   Thumb Code   126  py32f002b_hal_rcc.o(i.HAL_RCC_GetSysClockFreq)
    HAL_RCC_OscConfig                        0x08000bed   Thumb Code  1076  py32f002b_hal_rcc.o(i.HAL_RCC_OscConfig)
    HAL_SYSTICK_Config                       0x08001025   Thumb Code    46  py32f002b_hal_cortex.o(i.HAL_SYSTICK_Config)
    HAL_UART_AbortReceive                    0x0800105d   Thumb Code    42  py32f002b_hal_uart.o(i.HAL_UART_AbortReceive)
    HAL_UART_ErrorCallback                   0x08001089   Thumb Code    64  uart_halfduplex_driver.o(i.HAL_UART_ErrorCallback)
    HAL_UART_IRQHandler                      0x080010d5   Thumb Code   338  py32f002b_hal_uart.o(i.HAL_UART_IRQHandler)
    HAL_UART_IdleFrameDetectCpltCallback     0x08001227   Thumb Code     2  py32f002b_hal_uart.o(i.HAL_UART_IdleFrameDetectCpltCallback)
    HAL_UART_MspInit                         0x08001229   Thumb Code     2  py32f002b_hal_uart.o(i.HAL_UART_MspInit)
    HAL_UART_Receive_IT                      0x0800122b   Thumb Code   118  py32f002b_hal_uart.o(i.HAL_UART_Receive_IT)
    HAL_UART_RxCpltCallback                  0x080012a1   Thumb Code    32  uart_halfduplex_driver.o(i.HAL_UART_RxCpltCallback)
    HAL_UART_Transmit                        0x080012cd   Thumb Code   254  py32f002b_hal_uart.o(i.HAL_UART_Transmit)
    HAL_UART_TxCpltCallback                  0x080013cb   Thumb Code     2  py32f002b_hal_uart.o(i.HAL_UART_TxCpltCallback)
    HardFault_Handler                        0x080013cd   Thumb Code     4  py32f002b_it.o(i.HardFault_Handler)
    NMI_Handler                              0x080013d1   Thumb Code     2  py32f002b_it.o(i.NMI_Handler)
    PendSV_Handler                           0x0800144d   Thumb Code     2  py32f002b_it.o(i.PendSV_Handler)
    SVC_Handler                              0x0800144f   Thumb Code     2  py32f002b_it.o(i.SVC_Handler)
    SysTick_Handler                          0x08001451   Thumb Code     8  py32f002b_it.o(i.SysTick_Handler)
    SystemInit                               0x08001459   Thumb Code    60  system_py32f002b.o(i.SystemInit)
    USART1_IRQHandler                        0x080017f7   Thumb Code     8  py32f002b_it.o(i.USART1_IRQHandler)
    __ARM_common_ll_muluu                    0x080017ff   Thumb Code    48  pressure_display_driver.o(i.__ARM_common_ll_muluu)
    __ARM_common_switch8                     0x0800182f   Thumb Code    28  uart_protocol_driver.o(i.__ARM_common_switch8)
    __scatterload_copy                       0x0800184b   Thumb Code    14  handlers.o(i.__scatterload_copy)
    __scatterload_null                       0x08001859   Thumb Code     2  handlers.o(i.__scatterload_null)
    __scatterload_zeroinit                   0x0800185b   Thumb Code    14  handlers.o(i.__scatterload_zeroinit)
    app_error_handler                        0x08001869   Thumb Code     4  main.o(i.app_error_handler)
    battery_icon_init                        0x0800191d   Thumb Code    32  battery_icon_driver.o(i.battery_icon_init)
    battery_icon_scan                        0x0800198d   Thumb Code    98  battery_icon_driver.o(i.battery_icon_scan)
    battery_icon_set_charging                0x08001a01   Thumb Code    48  battery_icon_driver.o(i.battery_icon_set_charging)
    battery_icon_set_level                   0x08001a3d   Thumb Code    72  battery_icon_driver.o(i.battery_icon_set_level)
    dc_led_init                              0x08001a8d   Thumb Code     8  dc_led_driver.o(i.dc_led_init)
    dc_led_is_charging                       0x08001a99   Thumb Code     6  dc_led_driver.o(i.dc_led_is_charging)
    dc_led_set_charging                      0x08001aa5   Thumb Code    16  dc_led_driver.o(i.dc_led_set_charging)
    display_control_init                     0x08001ab9   Thumb Code    30  display_control_driver.o(i.display_control_init)
    display_control_scan                     0x08001add   Thumb Code   340  display_control_driver.o(i.display_control_scan)
    key_get_event                            0x08001cd1   Thumb Code    34  key_driver.o(i.key_get_event)
    key_init                                 0x08001cf9   Thumb Code   120  key_driver.o(i.key_init)
    key_peek_event                           0x08001d7d   Thumb Code    20  key_driver.o(i.key_peek_event)
    key_scan                                 0x08001d95   Thumb Code   264  key_driver.o(i.key_scan)
    led_clear                                0x08001ef1   Thumb Code    18  led_driver.o(i.led_clear)
    led_init                                 0x08001f31   Thumb Code   160  led_driver.o(i.led_init)
    led_is_enabled                           0x08001fe9   Thumb Code     6  led_driver.o(i.led_is_enabled)
    led_scan                                 0x08001ff5   Thumb Code   144  led_driver.o(i.led_scan)
    led_set_enabled                          0x08002095   Thumb Code    36  led_driver.o(i.led_set_enabled)
    led_set_row                              0x08002151   Thumb Code    14  led_driver.o(i.led_set_row)
    main                                     0x080021d9   Thumb Code    66  main.o(i.main)
    mode_led_get_current                     0x08002221   Thumb Code     6  mode_led_driver.o(i.mode_led_get_current)
    mode_led_get_mask                        0x0800222d   Thumb Code    12  mode_led_driver.o(i.mode_led_get_mask)
    mode_led_init                            0x0800223d   Thumb Code     8  mode_led_driver.o(i.mode_led_init)
    mode_led_next                            0x08002249   Thumb Code    24  mode_led_driver.o(i.mode_led_next)
    option_bytes_boot_check                  0x08002265   Thumb Code    20  option_bytes_driver.o(i.option_bytes_boot_check)
    option_bytes_scan                        0x08002345   Thumb Code    24  option_bytes_driver.o(i.option_bytes_scan)
    pressure_display_get_target_pa           0x080023dd   Thumb Code    12  pressure_display_driver.o(i.pressure_display_get_target_pa)
    pressure_display_init                    0x080023ed   Thumb Code    18  pressure_display_driver.o(i.pressure_display_init)
    pressure_display_on_unit_changed         0x08002409   Thumb Code     8  pressure_display_driver.o(i.pressure_display_on_unit_changed)
    pressure_display_set_actual_pa           0x08002411   Thumb Code    52  pressure_display_driver.o(i.pressure_display_set_actual_pa)
    pressure_display_target_decrease         0x08002449   Thumb Code    78  pressure_display_driver.o(i.pressure_display_target_decrease)
    pressure_display_target_increase         0x080024a1   Thumb Code    80  pressure_display_driver.o(i.pressure_display_target_increase)
    uart_command_pause_pump                  0x080026c5   Thumb Code    14  uart_command_driver.o(i.uart_command_pause_pump)
    uart_command_scan                        0x080026d5   Thumb Code    56  uart_command_driver.o(i.uart_command_scan)
    uart_command_set_remote_led              0x08002711   Thumb Code    34  uart_command_driver.o(i.uart_command_set_remote_led)
    uart_command_start_pump                  0x08002735   Thumb Code    54  uart_command_driver.o(i.uart_command_start_pump)
    uart_command_take_charging_status        0x08002771   Thumb Code    56  uart_command_driver.o(i.uart_command_take_charging_status)
    uart_command_toggle_pump                 0x080027b9   Thumb Code    42  uart_command_driver.o(i.uart_command_toggle_pump)
    uart_command_toggle_remote_led           0x080027e9   Thumb Code    38  uart_command_driver.o(i.uart_command_toggle_remote_led)
    uart_control_init                        0x08002881   Thumb Code    94  uart_command_driver.o(i.uart_control_init)
    uart_control_irq_handler                 0x08002919   Thumb Code     8  uart_command_driver.o(i.uart_control_irq_handler)
    uart_control_is_busy                     0x08002921   Thumb Code     6  uart_command_driver.o(i.uart_control_is_busy)
    uart_control_request                     0x0800292d   Thumb Code   104  uart_command_driver.o(i.uart_control_request)
    uart_control_task                        0x080029a1   Thumb Code   302  uart_command_driver.o(i.uart_control_task)
    uart_halfduplex_init                     0x08002b39   Thumb Code   232  uart_halfduplex_driver.o(i.uart_halfduplex_init)
    uart_halfduplex_irq_handler              0x08002c39   Thumb Code    18  uart_halfduplex_driver.o(i.uart_halfduplex_irq_handler)
    uart_halfduplex_send                     0x08002c55   Thumb Code    66  uart_halfduplex_driver.o(i.uart_halfduplex_send)
    uart_halfduplex_set_rx                   0x08002ca1   Thumb Code    52  uart_halfduplex_driver.o(i.uart_halfduplex_set_rx)
    uart_halfduplex_set_tx                   0x08002ce1   Thumb Code    54  uart_halfduplex_driver.o(i.uart_halfduplex_set_tx)
    uart_protocol_discard_frame              0x08002d71   Thumb Code    30  uart_protocol_driver.o(i.uart_protocol_discard_frame)
    uart_protocol_frame_available            0x08002d95   Thumb Code     6  uart_protocol_driver.o(i.uart_protocol_frame_available)
    uart_protocol_get_frame                  0x08002da1   Thumb Code   104  uart_protocol_driver.o(i.uart_protocol_get_frame)
    uart_protocol_init                       0x08002e19   Thumb Code    44  uart_protocol_driver.o(i.uart_protocol_init)
    uart_protocol_irq_feed_byte              0x08002e59   Thumb Code   260  uart_protocol_driver.o(i.uart_protocol_irq_feed_byte)
    uart_protocol_send                       0x08003011   Thumb Code   108  uart_protocol_driver.o(i.uart_protocol_send)
    uart_protocol_timeout_scan               0x0800307d   Thumb Code    46  uart_protocol_driver.o(i.uart_protocol_timeout_scan)
    unit_led_get_current                     0x080030b5   Thumb Code     6  unit_led_driver.o(i.unit_led_get_current)
    unit_led_get_index                       0x080030c1   Thumb Code     6  unit_led_driver.o(i.unit_led_get_index)
    unit_led_init                            0x080030cd   Thumb Code     8  unit_led_driver.o(i.unit_led_init)
    unit_led_next                            0x080030d9   Thumb Code    24  unit_led_driver.o(i.unit_led_next)
    AHBPrescTable                            0x080030f4   Data          64  system_py32f002b.o(.constdata)
    APBPrescTable                            0x08003134   Data          32  system_py32f002b.o(.constdata)
    HSIFreqTable                             0x08003154   Data          32  system_py32f002b.o(.constdata)
    _FlashTimmingParam                       0x08003200   Data          32  py32f002b_hal_flash.o(.constdata)
    Region$$Table$$Base                      0x08003240   Number         0  anon$$obj.o(Region$$Table)
    Region$$Table$$Limit                     0x08003260   Number         0  anon$$obj.o(Region$$Table)
    SystemCoreClock                          0x20000000   Data           4  system_py32f002b.o(.data)
    uwTick                                   0x200000c0   Data           4  py32f002b_hal.o(.data)
    uwTickPrio                               0x200000c4   Data           4  py32f002b_hal.o(.data)
    uwTickFreq                               0x200000c8   Data           4  py32f002b_hal.o(.data)
    pFlash                                   0x200001a0   Data          24  py32f002b_hal_flash.o(.bss)
    __initial_sp                             0x200005b8   Data           0  startup_py32f002bxx.o(STACK)



==============================================================================

Memory Map of the image

  Image Entry point : 0x080000c1

  Load Region LR_IROM1 (Base: 0x08000000, Size: 0x0000332c, Max: 0x00006000, ABSOLUTE)

    Execution Region ER_IROM1 (Exec base: 0x08000000, Load base: 0x08000000, Size: 0x00003260, Max: 0x00006000, ABSOLUTE)

    Exec Addr    Load Addr    Size         Type   Attr      Idx    E Section Name        Object

    0x08000000   0x08000000   0x000000c0   Data   RO           65    RESET               startup_py32f002bxx.o
    0x080000c0   0x080000c0   0x00000000   Code   RO         2113  * .ARM.Collect$$$$00000000  mc_p.l(entry.o)
    0x080000c0   0x080000c0   0x00000004   Code   RO         2126    .ARM.Collect$$$$00000001  mc_p.l(entry2.o)
    0x080000c4   0x080000c4   0x00000004   Code   RO         2129    .ARM.Collect$$$$00000004  mc_p.l(entry5.o)
    0x080000c8   0x080000c8   0x00000000   Code   RO         2131    .ARM.Collect$$$$00000008  mc_p.l(entry7b.o)
    0x080000c8   0x080000c8   0x00000000   Code   RO         2133    .ARM.Collect$$$$0000000A  mc_p.l(entry8b.o)
    0x080000c8   0x080000c8   0x00000008   Code   RO         2134    .ARM.Collect$$$$0000000B  mc_p.l(entry9a.o)
    0x080000d0   0x080000d0   0x00000000   Code   RO         2136    .ARM.Collect$$$$0000000D  mc_p.l(entry10a.o)
    0x080000d0   0x080000d0   0x00000000   Code   RO         2138    .ARM.Collect$$$$0000000F  mc_p.l(entry11a.o)
    0x080000d0   0x080000d0   0x00000004   Code   RO         2127    .ARM.Collect$$$$00002712  mc_p.l(entry2.o)
    0x080000d4   0x080000d4   0x0000001c   Code   RO           66    .text               startup_py32f002bxx.o
    0x080000f0   0x080000f0   0x0000002c   Code   RO         2116    .text               mc_p.l(uidiv.o)
    0x0800011c   0x0800011c   0x00000060   Code   RO         2118    .text               mc_p.l(uldiv.o)
    0x0800017c   0x0800017c   0x00000024   Code   RO         2120    .text               mc_p.l(memcpya.o)
    0x080001a0   0x080001a0   0x00000024   Code   RO         2122    .text               mc_p.l(memseta.o)
    0x080001c4   0x080001c4   0x00000020   Code   RO         2140    .text               mc_p.l(llshl.o)
    0x080001e4   0x080001e4   0x00000022   Code   RO         2142    .text               mc_p.l(llushr.o)
    0x08000206   0x08000206   0x00000002   PAD
    0x08000208   0x08000208   0x00000024   Code   RO         2144    .text               mc_p.l(init.o)
    0x0800022c   0x0800022c   0x0000001c   Code   RO            3    i.DelayTime         system_py32f002b.o
    0x08000248   0x08000248   0x00000024   Code   RO         1400    i.FLASH_OB_OptrConfig  py32f002b_hal_flash.o
    0x0800026c   0x0800026c   0x0000003c   Code   RO         1404    i.FLASH_WaitForLastOperation  py32f002b_hal_flash.o
    0x080002a8   0x080002a8   0x0000002c   Code   RO         1052    i.HAL_Delay         py32f002b_hal.o
    0x080002d4   0x080002d4   0x00000024   Code   RO         1410    i.HAL_FLASH_Lock    py32f002b_hal_flash.o
    0x080002f8   0x080002f8   0x00000040   Code   RO         1413    i.HAL_FLASH_OBGetConfig  py32f002b_hal_flash.o
    0x08000338   0x08000338   0x000001ec   Code   RO         1414    i.HAL_FLASH_OBProgram  py32f002b_hal_flash.o
    0x08000524   0x08000524   0x00000018   Code   RO         1415    i.HAL_FLASH_OB_Launch  py32f002b_hal_flash.o
    0x0800053c   0x0800053c   0x00000024   Code   RO         1416    i.HAL_FLASH_OB_Lock  py32f002b_hal_flash.o
    0x08000560   0x08000560   0x00000034   Code   RO         1417    i.HAL_FLASH_OB_Unlock  py32f002b_hal_flash.o
    0x08000594   0x08000594   0x00000034   Code   RO         1423    i.HAL_FLASH_Unlock  py32f002b_hal_flash.o
    0x080005c8   0x080005c8   0x000001b4   Code   RO         1571    i.HAL_GPIO_Init     py32f002b_hal_gpio.o
    0x0800077c   0x0800077c   0x00000012   Code   RO         1573    i.HAL_GPIO_ReadPin  py32f002b_hal_gpio.o
    0x0800078e   0x0800078e   0x0000000c   Code   RO         1575    i.HAL_GPIO_WritePin  py32f002b_hal_gpio.o
    0x0800079a   0x0800079a   0x00000002   PAD
    0x0800079c   0x0800079c   0x0000000c   Code   RO         1056    i.HAL_GetTick       py32f002b_hal.o
    0x080007a8   0x080007a8   0x00000048   Code   RO         1860    i.HAL_HalfDuplex_EnableReceiver  py32f002b_hal_uart.o
    0x080007f0   0x080007f0   0x00000048   Code   RO         1861    i.HAL_HalfDuplex_EnableTransmitter  py32f002b_hal_uart.o
    0x08000838   0x08000838   0x00000074   Code   RO         1862    i.HAL_HalfDuplex_Init  py32f002b_hal_uart.o
    0x080008ac   0x080008ac   0x00000018   Code   RO         1062    i.HAL_IncTick       py32f002b_hal.o
    0x080008c4   0x080008c4   0x0000001a   Code   RO         1063    i.HAL_Init          py32f002b_hal.o
    0x080008de   0x080008de   0x00000002   PAD
    0x080008e0   0x080008e0   0x00000060   Code   RO         1064    i.HAL_InitTick      py32f002b_hal.o
    0x08000940   0x08000940   0x00000002   Code   RO         1066    i.HAL_MspInit       py32f002b_hal.o
    0x08000942   0x08000942   0x00000002   PAD
    0x08000944   0x08000944   0x00000018   Code   RO         1279    i.HAL_NVIC_EnableIRQ  py32f002b_hal_cortex.o
    0x0800095c   0x0800095c   0x00000012   Code   RO         1283    i.HAL_NVIC_SetPriority  py32f002b_hal_cortex.o
    0x0800096e   0x0800096e   0x00000002   PAD
    0x08000970   0x08000970   0x000001bc   Code   RO         1676    i.HAL_RCC_ClockConfig  py32f002b_hal_rcc.o
    0x08000b2c   0x08000b2c   0x0000000c   Code   RO         1681    i.HAL_RCC_GetHCLKFreq  py32f002b_hal_rcc.o
    0x08000b38   0x08000b38   0x00000028   Code   RO         1683    i.HAL_RCC_GetPCLK1Freq  py32f002b_hal_rcc.o
    0x08000b60   0x08000b60   0x0000008c   Code   RO         1684    i.HAL_RCC_GetSysClockFreq  py32f002b_hal_rcc.o
    0x08000bec   0x08000bec   0x00000438   Code   RO         1688    i.HAL_RCC_OscConfig  py32f002b_hal_rcc.o
    0x08001024   0x08001024   0x00000038   Code   RO         1287    i.HAL_SYSTICK_Config  py32f002b_hal_cortex.o
    0x0800105c   0x0800105c   0x0000002a   Code   RO         1868    i.HAL_UART_AbortReceive  py32f002b_hal_uart.o
    0x08001086   0x08001086   0x00000002   PAD
    0x08001088   0x08001088   0x0000004c   Code   RO          766    i.HAL_UART_ErrorCallback  uart_halfduplex_driver.o
    0x080010d4   0x080010d4   0x00000152   Code   RO         1879    i.HAL_UART_IRQHandler  py32f002b_hal_uart.o
    0x08001226   0x08001226   0x00000002   Code   RO         1880    i.HAL_UART_IdleFrameDetectCpltCallback  py32f002b_hal_uart.o
    0x08001228   0x08001228   0x00000002   Code   RO         1883    i.HAL_UART_MspInit  py32f002b_hal_uart.o
    0x0800122a   0x0800122a   0x00000076   Code   RO         1885    i.HAL_UART_Receive_IT  py32f002b_hal_uart.o
    0x080012a0   0x080012a0   0x0000002c   Code   RO          767    i.HAL_UART_RxCpltCallback  uart_halfduplex_driver.o
    0x080012cc   0x080012cc   0x000000fe   Code   RO         1888    i.HAL_UART_Transmit  py32f002b_hal_uart.o
    0x080013ca   0x080013ca   0x00000002   Code   RO         1890    i.HAL_UART_TxCpltCallback  py32f002b_hal_uart.o
    0x080013cc   0x080013cc   0x00000004   Code   RO          173    i.HardFault_Handler  py32f002b_it.o
    0x080013d0   0x080013d0   0x00000002   Code   RO          174    i.NMI_Handler       py32f002b_it.o
    0x080013d2   0x080013d2   0x00000002   PAD
    0x080013d4   0x080013d4   0x00000078   Code   RO         1289    i.NVIC_SetPriority  py32f002b_hal_cortex.o
    0x0800144c   0x0800144c   0x00000002   Code   RO          175    i.PendSV_Handler    py32f002b_it.o
    0x0800144e   0x0800144e   0x00000002   Code   RO          176    i.SVC_Handler       py32f002b_it.o
    0x08001450   0x08001450   0x00000008   Code   RO          177    i.SysTick_Handler   py32f002b_it.o
    0x08001458   0x08001458   0x0000004c   Code   RO            5    i.SystemInit        system_py32f002b.o
    0x080014a4   0x080014a4   0x00000022   Code   RO         1893    i.UART_EndRxTransfer  py32f002b_hal_uart.o
    0x080014c6   0x080014c6   0x00000020   Code   RO         1894    i.UART_EndTransmit_IT  py32f002b_hal_uart.o
    0x080014e6   0x080014e6   0x00000088   Code   RO         1895    i.UART_Receive_IT   py32f002b_hal_uart.o
    0x0800156e   0x0800156e   0x00000002   PAD
    0x08001570   0x08001570   0x000001a4   Code   RO         1896    i.UART_SetConfig    py32f002b_hal_uart.o
    0x08001714   0x08001714   0x00000072   Code   RO         1897    i.UART_Transmit_IT  py32f002b_hal_uart.o
    0x08001786   0x08001786   0x00000070   Code   RO         1898    i.UART_WaitOnFlagUntilTimeout  py32f002b_hal_uart.o
    0x080017f6   0x080017f6   0x00000008   Code   RO          178    i.USART1_IRQHandler  py32f002b_it.o
    0x080017fe   0x080017fe   0x00000030   Code   RO          579    i.__ARM_common_ll_muluu  pressure_display_driver.o
    0x0800182e   0x0800182e   0x0000001c   Code   RO          902    i.__ARM_common_switch8  uart_protocol_driver.o
    0x0800184a   0x0800184a   0x0000000e   Code   RO         2148    i.__scatterload_copy  mc_p.l(handlers.o)
    0x08001858   0x08001858   0x00000002   Code   RO         2149    i.__scatterload_null  mc_p.l(handlers.o)
    0x0800185a   0x0800185a   0x0000000e   Code   RO         2150    i.__scatterload_zeroinit  mc_p.l(handlers.o)
    0x08001868   0x08001868   0x00000004   Code   RO           72    i.app_error_handler  main.o
    0x0800186c   0x0800186c   0x0000005c   Code   RO           73    i.app_system_clock_config  main.o
    0x080018c8   0x080018c8   0x00000018   Code   RO          626    i.battery_icon_animation_start_level  battery_icon_driver.o
    0x080018e0   0x080018e0   0x0000003c   Code   RO          627    i.battery_icon_display_level  battery_icon_driver.o
    0x0800191c   0x0800191c   0x00000030   Code   RO          630    i.battery_icon_init  battery_icon_driver.o
    0x0800194c   0x0800194c   0x00000028   Code   RO          632    i.battery_icon_level_mask  battery_icon_driver.o
    0x08001974   0x08001974   0x00000018   Code   RO          633    i.battery_icon_refresh  battery_icon_driver.o
    0x0800198c   0x0800198c   0x00000074   Code   RO          634    i.battery_icon_scan  battery_icon_driver.o
    0x08001a00   0x08001a00   0x0000003c   Code   RO          635    i.battery_icon_set_charging  battery_icon_driver.o
    0x08001a3c   0x08001a3c   0x00000050   Code   RO          636    i.battery_icon_set_level  battery_icon_driver.o
    0x08001a8c   0x08001a8c   0x0000000c   Code   RO          702    i.dc_led_init       dc_led_driver.o
    0x08001a98   0x08001a98   0x0000000c   Code   RO          703    i.dc_led_is_charging  dc_led_driver.o
    0x08001aa4   0x08001aa4   0x00000014   Code   RO          704    i.dc_led_set_charging  dc_led_driver.o
    0x08001ab8   0x08001ab8   0x00000024   Code   RO          590    i.display_control_init  display_control_driver.o
    0x08001adc   0x08001adc   0x00000158   Code   RO          591    i.display_control_scan  display_control_driver.o
    0x08001c34   0x08001c34   0x00000024   Code   RO          226    i.key_config_input  key_driver.o
    0x08001c58   0x08001c58   0x00000024   Code   RO          227    i.key_config_output  key_driver.o
    0x08001c7c   0x08001c7c   0x0000002a   Code   RO          228    i.key_config_pin_input  key_driver.o
    0x08001ca6   0x08001ca6   0x00000028   Code   RO          229    i.key_config_pin_output  key_driver.o
    0x08001cce   0x08001cce   0x00000002   PAD
    0x08001cd0   0x08001cd0   0x00000028   Code   RO          230    i.key_get_event     key_driver.o
    0x08001cf8   0x08001cf8   0x00000084   Code   RO          231    i.key_init          key_driver.o
    0x08001d7c   0x08001d7c   0x00000018   Code   RO          233    i.key_peek_event    key_driver.o
    0x08001d94   0x08001d94   0x00000114   Code   RO          234    i.key_scan          key_driver.o
    0x08001ea8   0x08001ea8   0x00000024   Code   RO          292    i.led_all_high_off  led_driver.o
    0x08001ecc   0x08001ecc   0x00000024   Code   RO          293    i.led_all_low_off   led_driver.o
    0x08001ef0   0x08001ef0   0x00000018   Code   RO          296    i.led_clear         led_driver.o
    0x08001f08   0x08001f08   0x00000028   Code   RO          297    i.led_config_pin_output  led_driver.o
    0x08001f30   0x08001f30   0x000000b8   Code   RO          298    i.led_init          led_driver.o
    0x08001fe8   0x08001fe8   0x0000000c   Code   RO          299    i.led_is_enabled    led_driver.o
    0x08001ff4   0x08001ff4   0x000000a0   Code   RO          300    i.led_scan          led_driver.o
    0x08002094   0x08002094   0x00000028   Code   RO          301    i.led_set_enabled   led_driver.o
    0x080020bc   0x080020bc   0x00000040   Code   RO          303    i.led_set_low_side  led_driver.o
    0x080020fc   0x080020fc   0x00000054   Code   RO          304    i.led_set_mode_side  led_driver.o
    0x08002150   0x08002150   0x00000014   Code   RO          306    i.led_set_row       led_driver.o
    0x08002164   0x08002164   0x00000074   Code   RO          307    i.led_set_unit_side  led_driver.o
    0x080021d8   0x080021d8   0x00000048   Code   RO           74    i.main              main.o
    0x08002220   0x08002220   0x0000000c   Code   RO          406    i.mode_led_get_current  mode_led_driver.o
    0x0800222c   0x0800222c   0x00000010   Code   RO          407    i.mode_led_get_mask  mode_led_driver.o
    0x0800223c   0x0800223c   0x0000000c   Code   RO          408    i.mode_led_init     mode_led_driver.o
    0x08002248   0x08002248   0x0000001c   Code   RO          409    i.mode_led_next     mode_led_driver.o
    0x08002264   0x08002264   0x00000014   Code   RO          730    i.option_bytes_boot_check  option_bytes_driver.o
    0x08002278   0x08002278   0x0000006a   Code   RO          731    i.option_bytes_configure_if_needed  option_bytes_driver.o
    0x080022e2   0x080022e2   0x00000002   PAD
    0x080022e4   0x080022e4   0x00000060   Code   RO          732    i.option_bytes_is_s1_held  option_bytes_driver.o
    0x08002344   0x08002344   0x00000018   Code   RO          733    i.option_bytes_scan  option_bytes_driver.o
    0x0800235c   0x0800235c   0x0000002c   Code   RO          472    i.pressure_decimal_position  pressure_display_driver.o
    0x08002388   0x08002388   0x00000054   Code   RO          473    i.pressure_digit_code  pressure_display_driver.o
    0x080023dc   0x080023dc   0x00000010   Code   RO          476    i.pressure_display_get_target_pa  pressure_display_driver.o
    0x080023ec   0x080023ec   0x0000001c   Code   RO          477    i.pressure_display_init  pressure_display_driver.o
    0x08002408   0x08002408   0x00000008   Code   RO          478    i.pressure_display_on_unit_changed  pressure_display_driver.o
    0x08002410   0x08002410   0x00000038   Code   RO          480    i.pressure_display_set_actual_pa  pressure_display_driver.o
    0x08002448   0x08002448   0x00000058   Code   RO          482    i.pressure_display_target_decrease  pressure_display_driver.o
    0x080024a0   0x080024a0   0x00000058   Code   RO          483    i.pressure_display_target_increase  pressure_display_driver.o
    0x080024f8   0x080024f8   0x00000044   Code   RO          484    i.pressure_hundredths_to_display  pressure_display_driver.o
    0x0800253c   0x0800253c   0x00000088   Code   RO          486    i.pressure_refresh_frame  pressure_display_driver.o
    0x080025c4   0x080025c4   0x00000068   Code   RO          487    i.pressure_unit_hundredths  pressure_display_driver.o
    0x0800262c   0x0800262c   0x0000006c   Code   RO          488    i.pressure_unit_hundredths_to_base  pressure_display_driver.o
    0x08002698   0x08002698   0x00000018   Code   RO          912    i.uart_command_decode_u32_le  uart_command_driver.o
    0x080026b0   0x080026b0   0x00000014   Code   RO          913    i.uart_command_encode_u32_le  uart_command_driver.o
    0x080026c4   0x080026c4   0x0000000e   Code   RO          915    i.uart_command_pause_pump  uart_command_driver.o
    0x080026d2   0x080026d2   0x00000002   PAD
    0x080026d4   0x080026d4   0x0000003c   Code   RO          916    i.uart_command_scan  uart_command_driver.o
    0x08002710   0x08002710   0x00000022   Code   RO          917    i.uart_command_set_remote_led  uart_command_driver.o
    0x08002732   0x08002732   0x00000002   PAD
    0x08002734   0x08002734   0x0000003c   Code   RO          918    i.uart_command_start_pump  uart_command_driver.o
    0x08002770   0x08002770   0x00000048   Code   RO          919    i.uart_command_take_charging_status  uart_command_driver.o
    0x080027b8   0x080027b8   0x00000030   Code   RO          920    i.uart_command_toggle_pump  uart_command_driver.o
    0x080027e8   0x080027e8   0x0000002c   Code   RO          921    i.uart_command_toggle_remote_led  uart_command_driver.o
    0x08002814   0x08002814   0x0000000e   Code   RO          922    i.uart_command_valid_pump_mode  uart_command_driver.o
    0x08002822   0x08002822   0x0000005e   Code   RO          923    i.uart_command_validate_response  uart_command_driver.o
    0x08002880   0x08002880   0x00000098   Code   RO          926    i.uart_control_init  uart_command_driver.o
    0x08002918   0x08002918   0x00000008   Code   RO          927    i.uart_control_irq_handler  uart_command_driver.o
    0x08002920   0x08002920   0x0000000c   Code   RO          928    i.uart_control_is_busy  uart_command_driver.o
    0x0800292c   0x0800292c   0x00000074   Code   RO          929    i.uart_control_request  uart_command_driver.o
    0x080029a0   0x080029a0   0x00000164   Code   RO          930    i.uart_control_task  uart_command_driver.o
    0x08002b04   0x08002b04   0x00000028   Code   RO          931    i.uart_control_try_lock  uart_command_driver.o
    0x08002b2c   0x08002b2c   0x0000000c   Code   RO          932    i.uart_control_unlock  uart_command_driver.o
    0x08002b38   0x08002b38   0x00000100   Code   RO          768    i.uart_halfduplex_init  uart_halfduplex_driver.o
    0x08002c38   0x08002c38   0x0000001c   Code   RO          769    i.uart_halfduplex_irq_handler  uart_halfduplex_driver.o
    0x08002c54   0x08002c54   0x0000004c   Code   RO          770    i.uart_halfduplex_send  uart_halfduplex_driver.o
    0x08002ca0   0x08002ca0   0x00000040   Code   RO          771    i.uart_halfduplex_set_rx  uart_halfduplex_driver.o
    0x08002ce0   0x08002ce0   0x00000044   Code   RO          772    i.uart_halfduplex_set_tx  uart_halfduplex_driver.o
    0x08002d24   0x08002d24   0x0000002c   Code   RO          773    i.uart_halfduplex_start_receive_interrupt  uart_halfduplex_driver.o
    0x08002d50   0x08002d50   0x0000001e   Code   RO          833    i.uart_protocol_checksum  uart_protocol_driver.o
    0x08002d6e   0x08002d6e   0x00000002   PAD
    0x08002d70   0x08002d70   0x00000024   Code   RO          834    i.uart_protocol_discard_frame  uart_protocol_driver.o
    0x08002d94   0x08002d94   0x0000000c   Code   RO          835    i.uart_protocol_frame_available  uart_protocol_driver.o
    0x08002da0   0x08002da0   0x00000078   Code   RO          836    i.uart_protocol_get_frame  uart_protocol_driver.o
    0x08002e18   0x08002e18   0x00000040   Code   RO          837    i.uart_protocol_init  uart_protocol_driver.o
    0x08002e58   0x08002e58   0x00000130   Code   RO          838    i.uart_protocol_irq_feed_byte  uart_protocol_driver.o
    0x08002f88   0x08002f88   0x0000003c   Code   RO          839    i.uart_protocol_parser_reset  uart_protocol_driver.o
    0x08002fc4   0x08002fc4   0x0000004c   Code   RO          840    i.uart_protocol_restart_from_byte  uart_protocol_driver.o
    0x08003010   0x08003010   0x0000006c   Code   RO          841    i.uart_protocol_send  uart_protocol_driver.o
    0x0800307c   0x0800307c   0x00000038   Code   RO          842    i.uart_protocol_timeout_scan  uart_protocol_driver.o
    0x080030b4   0x080030b4   0x0000000c   Code   RO          438    i.unit_led_get_current  unit_led_driver.o
    0x080030c0   0x080030c0   0x0000000c   Code   RO          439    i.unit_led_get_index  unit_led_driver.o
    0x080030cc   0x080030cc   0x0000000c   Code   RO          440    i.unit_led_init     unit_led_driver.o
    0x080030d8   0x080030d8   0x0000001c   Code   RO          441    i.unit_led_next     unit_led_driver.o
    0x080030f4   0x080030f4   0x00000080   Data   RO            6    .constdata          system_py32f002b.o
    0x08003174   0x08003174   0x00000080   Data   RO          308    .constdata          led_driver.o
    0x080031f4   0x080031f4   0x0000000a   Data   RO          489    .constdata          pressure_display_driver.o
    0x080031fe   0x080031fe   0x00000002   PAD
    0x08003200   0x08003200   0x00000020   Data   RO         1425    .constdata          py32f002b_hal_flash.o
    0x08003220   0x08003220   0x00000020   Data   RO         1689    .constdata          py32f002b_hal_rcc.o
    0x08003240   0x08003240   0x00000020   Data   RO         2146    Region$$Table       anon$$obj.o


    Execution Region RW_IRAM1 (Exec base: 0x20000000, Load base: 0x08003260, Size: 0x000005b8, Max: 0x00000c00, ABSOLUTE)

    Exec Addr    Load Addr    Size         Type   Attr      Idx    E Section Name        Object

    0x20000000   0x08003260   0x00000004   Data   RW            7    .data               system_py32f002b.o
    0x20000004   0x08003264   0x00000064   Data   RW          235    .data               key_driver.o
    0x20000068   0x080032c8   0x00000011   Data   RW          309    .data               led_driver.o
    0x20000079   0x080032d9   0x00000001   Data   RW          410    .data               mode_led_driver.o
    0x2000007a   0x080032da   0x00000001   Data   RW          442    .data               unit_led_driver.o
    0x2000007b   0x080032db   0x00000001   PAD
    0x2000007c   0x080032dc   0x00000008   Data   RW          490    .data               pressure_display_driver.o
    0x20000084   0x080032e4   0x00000004   Data   RW          592    .data               display_control_driver.o
    0x20000088   0x080032e8   0x00000008   Data   RW          637    .data               battery_icon_driver.o
    0x20000090   0x080032f0   0x00000001   Data   RW          705    .data               dc_led_driver.o
    0x20000091   0x080032f1   0x00000003   Data   RW          775    .data               uart_halfduplex_driver.o
    0x20000094   0x080032f4   0x0000000f   Data   RW          844    .data               uart_protocol_driver.o
    0x200000a3   0x08003303   0x00000001   PAD
    0x200000a4   0x08003304   0x0000001a   Data   RW          934    .data               uart_command_driver.o
    0x200000be   0x0800331e   0x00000002   PAD
    0x200000c0   0x08003320   0x0000000c   Data   RW         1079    .data               py32f002b_hal.o
    0x200000cc        -       0x00000044   Zero   RW          774    .bss                uart_halfduplex_driver.o
    0x20000110        -       0x00000060   Zero   RW          843    .bss                uart_protocol_driver.o
    0x20000170        -       0x00000030   Zero   RW          933    .bss                uart_command_driver.o
    0x200001a0        -       0x00000018   Zero   RW         1424    .bss                py32f002b_hal_flash.o
    0x200001b8        -       0x00000400   Zero   RW           63    STACK               startup_py32f002bxx.o


==============================================================================

Image component sizes


      Code (inc. data)   RO Data    RW Data    ZI Data      Debug   Object Name

       452         74          0          8          0       4217   battery_icon_driver.o
        44         14          0          1          0       1469   dc_led_driver.o
       380         10          0          4          0       1498   display_control_driver.o
       626         46          0        100          0       5087   key_driver.o
       816         92        128         17          0       7515   led_driver.o
       168         10          0          0          0      47672   main.o
        68         18          0          1          0       1879   mode_led_driver.o
       246          6          0          0          0       2538   option_bytes_driver.o
       876         96         10          8          0       7923   pressure_display_driver.o
       204         34          0         12          0       4131   py32f002b_hal.o
       218         26          0          0          0       9053   py32f002b_hal_cortex.o
       852         84         32          0         24      15119   py32f002b_hal_flash.o
       466          8          0          0          0       2755   py32f002b_hal_gpio.o
      1716         94         32          0          0       4517   py32f002b_hal_rcc.o
      1866          6          0          0          0      11289   py32f002b_hal_uart.o
        26          0          0          0          0       2427   py32f002b_it.o
        28          8        192          0       1024        580   startup_py32f002bxx.o
       104         20        128          4          0     128476   system_py32f002b.o
      1180        176          0         26         48      11087   uart_command_driver.o
       656        104          0          3         68       5265   uart_halfduplex_driver.o
       894        162          0         15         96       9037   uart_protocol_driver.o
        64         20          0          1          0       1880   unit_led_driver.o

    ----------------------------------------------------------------------
     11974       1108        556        204       1260     285414   Object Totals
         0          0         32          0          0          0   (incl. Generated)
        24          0          2          4          0          0   (incl. Padding)

    ----------------------------------------------------------------------

      Code (inc. data)   RO Data    RW Data    ZI Data      Debug   Library Member Name

         0          0          0          0          0          0   entry.o
         0          0          0          0          0          0   entry10a.o
         0          0          0          0          0          0   entry11a.o
         8          4          0          0          0          0   entry2.o
         4          0          0          0          0          0   entry5.o
         0          0          0          0          0          0   entry7b.o
         0          0          0          0          0          0   entry8b.o
         8          4          0          0          0          0   entry9a.o
        30          0          0          0          0          0   handlers.o
        36          8          0          0          0         68   init.o
        32          0          0          0          0         68   llshl.o
        34          0          0          0          0         68   llushr.o
        36          0          0          0          0         60   memcpya.o
        36          0          0          0          0        100   memseta.o
        44          0          0          0          0         72   uidiv.o
        96          0          0          0          0         84   uldiv.o

    ----------------------------------------------------------------------
       366         16          0          0          0        520   Library Totals
         2          0          0          0          0          0   (incl. Padding)

    ----------------------------------------------------------------------

      Code (inc. data)   RO Data    RW Data    ZI Data      Debug   Library Name

       364         16          0          0          0        520   mc_p.l

    ----------------------------------------------------------------------
       366         16          0          0          0        520   Library Totals

    ----------------------------------------------------------------------

==============================================================================


      Code (inc. data)   RO Data    RW Data    ZI Data      Debug   

     12340       1124        556        204       1260     279530   Grand Totals
     12340       1124        556        204       1260     279530   ELF Image Totals
     12340       1124        556        204          0          0   ROM Totals

==============================================================================

    Total RO  Size (Code + RO Data)                12896 (  12.59kB)
    Total RW  Size (RW Data + ZI Data)              1464 (   1.43kB)
    Total ROM Size (Code + RO Data + RW Data)      13100 (  12.79kB)

==============================================================================

