*** Using Compiler 'V5.06 update 6 (build 750)', folder: 'D:\APP\keil\ARM\ARMCC\Bin'
Rebuild target 'Project'
compiling mode_led_driver.c...
compiling display_control_driver.c...
compiling option_bytes_driver.c...
assembling startup_py32f002bxx.s...
compiling py32f002b_it.c...
compiling unit_led_driver.c...
compiling dc_led_driver.c...
compiling key_driver.c...
compiling main.c...
compiling uart_halfduplex_driver.c...
compiling system_py32f002b.c...
compiling pressure_display_driver.c...
compiling led_driver.c...
compiling battery_icon_driver.c...
compiling uart_protocol_driver.c...
compiling py32f002b_hal.c...
compiling py32f002b_hal_adc.c...
compiling py32f002b_hal_comp.c...
compiling py32f002b_hal_cortex.c...
compiling py32f002b_hal_crc.c...
compiling py32f002b_hal_exti.c...
compiling py32f002b_hal_gpio.c...
compiling py32f002b_hal_flash.c...
compiling py32f002b_hal_i2c.c...
compiling py32f002b_hal_iwdg.c...
compiling py32f002b_hal_lptim.c...
compiling py32f002b_hal_pwr.c...
compiling py32f002b_hal_rcc_ex.c...
compiling py32f002b_hal_rcc.c...
compiling py32f002b_hal_spi.c...
compiling py32f002b_hal_tim.c...
compiling py32f002b_hal_tim_ex.c...
compiling py32f002b_hal_usart.c...
compiling py32f002b_hal_uart.c...
linking...
Program Size: Code=9452 RO-data=556 RW-data=176 ZI-data=1280  
FromELF: creating hex file...
".\Objects\Project.axf" - 0 Error(s), 0 Warning(s).
Build Time Elapsed:  00:00:03
